Archive member included to satisfy reference by file (symbol)

c:/program files (x86)/gnu arm embedded toolchain/10 2021.10/bin/../lib/gcc/arm-none-eabi/10.3.1/../../../../arm-none-eabi/lib/thumb/v7-m/nofp\libc_nano.a(lib_a-exit.o)
                              c:/program files (x86)/gnu arm embedded toolchain/10 2021.10/bin/../lib/gcc/arm-none-eabi/10.3.1/../../../../arm-none-eabi/lib/thumb/v7-m/nofp/crt0.o (exit)
c:/program files (x86)/gnu arm embedded toolchain/10 2021.10/bin/../lib/gcc/arm-none-eabi/10.3.1/../../../../arm-none-eabi/lib/thumb/v7-m/nofp\libc_nano.a(lib_a-impure.o)
                              c:/program files (x86)/gnu arm embedded toolchain/10 2021.10/bin/../lib/gcc/arm-none-eabi/10.3.1/../../../../arm-none-eabi/lib/thumb/v7-m/nofp\libc_nano.a(lib_a-exit.o) (_global_impure_ptr)
c:/program files (x86)/gnu arm embedded toolchain/10 2021.10/bin/../lib/gcc/arm-none-eabi/10.3.1/../../../../arm-none-eabi/lib/thumb/v7-m/nofp\libc_nano.a(lib_a-init.o)
                              c:/program files (x86)/gnu arm embedded toolchain/10 2021.10/bin/../lib/gcc/arm-none-eabi/10.3.1/../../../../arm-none-eabi/lib/thumb/v7-m/nofp/crt0.o (__libc_init_array)
c:/program files (x86)/gnu arm embedded toolchain/10 2021.10/bin/../lib/gcc/arm-none-eabi/10.3.1/../../../../arm-none-eabi/lib/thumb/v7-m/nofp\libc_nano.a(lib_a-memset.o)
                              c:/program files (x86)/gnu arm embedded toolchain/10 2021.10/bin/../lib/gcc/arm-none-eabi/10.3.1/../../../../arm-none-eabi/lib/thumb/v7-m/nofp/crt0.o (memset)
c:/program files (x86)/gnu arm embedded toolchain/10 2021.10/bin/../lib/gcc/arm-none-eabi/10.3.1/../../../../arm-none-eabi/lib/thumb/v7-m/nofp\libnosys.a(_exit.o)
                              c:/program files (x86)/gnu arm embedded toolchain/10 2021.10/bin/../lib/gcc/arm-none-eabi/10.3.1/../../../../arm-none-eabi/lib/thumb/v7-m/nofp\libc_nano.a(lib_a-exit.o) (_exit)

Discarded input sections

 .text          0x00000000        0x0 c:/program files (x86)/gnu arm embedded toolchain/10 2021.10/bin/../lib/gcc/arm-none-eabi/10.3.1/thumb/v7-m/nofp/crti.o
 .data          0x00000000        0x0 c:/program files (x86)/gnu arm embedded toolchain/10 2021.10/bin/../lib/gcc/arm-none-eabi/10.3.1/thumb/v7-m/nofp/crti.o
 .bss           0x00000000        0x0 c:/program files (x86)/gnu arm embedded toolchain/10 2021.10/bin/../lib/gcc/arm-none-eabi/10.3.1/thumb/v7-m/nofp/crti.o
 .data          0x00000000        0x4 c:/program files (x86)/gnu arm embedded toolchain/10 2021.10/bin/../lib/gcc/arm-none-eabi/10.3.1/thumb/v7-m/nofp/crtbegin.o
 .rodata        0x00000000       0x24 c:/program files (x86)/gnu arm embedded toolchain/10 2021.10/bin/../lib/gcc/arm-none-eabi/10.3.1/thumb/v7-m/nofp/crtbegin.o
 .text          0x00000000       0x7c c:/program files (x86)/gnu arm embedded toolchain/10 2021.10/bin/../lib/gcc/arm-none-eabi/10.3.1/../../../../arm-none-eabi/lib/thumb/v7-m/nofp/crt0.o
 .data          0x00000000        0x0 c:/program files (x86)/gnu arm embedded toolchain/10 2021.10/bin/../lib/gcc/arm-none-eabi/10.3.1/../../../../arm-none-eabi/lib/thumb/v7-m/nofp/crt0.o
 .bss           0x00000000        0x0 c:/program files (x86)/gnu arm embedded toolchain/10 2021.10/bin/../lib/gcc/arm-none-eabi/10.3.1/../../../../arm-none-eabi/lib/thumb/v7-m/nofp/crt0.o
 .ARM.extab     0x00000000        0x0 c:/program files (x86)/gnu arm embedded toolchain/10 2021.10/bin/../lib/gcc/arm-none-eabi/10.3.1/../../../../arm-none-eabi/lib/thumb/v7-m/nofp/crt0.o
 .ARM.exidx     0x00000000       0x10 c:/program files (x86)/gnu arm embedded toolchain/10 2021.10/bin/../lib/gcc/arm-none-eabi/10.3.1/../../../../arm-none-eabi/lib/thumb/v7-m/nofp/crt0.o
 .ARM.attributes
                0x00000000       0x1b c:/program files (x86)/gnu arm embedded toolchain/10 2021.10/bin/../lib/gcc/arm-none-eabi/10.3.1/../../../../arm-none-eabi/lib/thumb/v7-m/nofp/crt0.o
 .text          0x00000000        0x0 ./build/Debug/main.o
 .data          0x00000000        0x0 ./build/Debug/main.o
 .bss           0x00000000        0x0 ./build/Debug/main.o
 .text          0x00000000        0x0 ./build/Debug/stm32f1xx_hal_msp.o
 .data          0x00000000        0x0 ./build/Debug/stm32f1xx_hal_msp.o
 .bss           0x00000000        0x0 ./build/Debug/stm32f1xx_hal_msp.o
 .text          0x00000000        0x0 ./build/Debug/stm32f1xx_it.o
 .data          0x00000000        0x0 ./build/Debug/stm32f1xx_it.o
 .bss           0x00000000        0x0 ./build/Debug/stm32f1xx_it.o
 .text          0x00000000        0x0 ./build/Debug/system_stm32f1xx.o
 .data          0x00000000        0x0 ./build/Debug/system_stm32f1xx.o
 .bss           0x00000000        0x0 ./build/Debug/system_stm32f1xx.o
 .text.SystemCoreClockUpdate
                0x00000000       0x94 ./build/Debug/system_stm32f1xx.o
 .rodata.APBPrescTable
                0x00000000        0x8 ./build/Debug/system_stm32f1xx.o
 .text          0x00000000        0x0 ./build/Debug/stm32f1xx_hal.o
 .data          0x00000000        0x0 ./build/Debug/stm32f1xx_hal.o
 .bss           0x00000000        0x0 ./build/Debug/stm32f1xx_hal.o
 .text.HAL_MspInit
                0x00000000        0x2 ./build/Debug/stm32f1xx_hal.o
 .text.HAL_MspDeInit
                0x00000000        0x2 ./build/Debug/stm32f1xx_hal.o
 .text.HAL_DeInit
                0x00000000       0x20 ./build/Debug/stm32f1xx_hal.o
 .text.HAL_GetTickPrio
                0x00000000        0xc ./build/Debug/stm32f1xx_hal.o
 .text.HAL_SetTickFreq
                0x00000000       0x2c ./build/Debug/stm32f1xx_hal.o
 .text.HAL_GetTickFreq
                0x00000000        0xc ./build/Debug/stm32f1xx_hal.o
 .text.HAL_Delay
                0x00000000       0x28 ./build/Debug/stm32f1xx_hal.o
 .text.HAL_SuspendTick
                0x00000000        0xe ./build/Debug/stm32f1xx_hal.o
 .text.HAL_ResumeTick
                0x00000000        0xe ./build/Debug/stm32f1xx_hal.o
 .text.HAL_GetHalVersion
                0x00000000        0x8 ./build/Debug/stm32f1xx_hal.o
 .text.HAL_GetREVID
                0x00000000        0xc ./build/Debug/stm32f1xx_hal.o
 .text.HAL_GetDEVID
                0x00000000       0x10 ./build/Debug/stm32f1xx_hal.o
 .text.HAL_GetUIDw0
                0x00000000        0xc ./build/Debug/stm32f1xx_hal.o
 .text.HAL_GetUIDw1
                0x00000000        0xc ./build/Debug/stm32f1xx_hal.o
 .text.HAL_GetUIDw2
                0x00000000        0xc ./build/Debug/stm32f1xx_hal.o
 .text.HAL_DBGMCU_EnableDBGSleepMode
                0x00000000       0x10 ./build/Debug/stm32f1xx_hal.o
 .text.HAL_DBGMCU_DisableDBGSleepMode
                0x00000000       0x10 ./build/Debug/stm32f1xx_hal.o
 .text.HAL_DBGMCU_EnableDBGStopMode
                0x00000000       0x10 ./build/Debug/stm32f1xx_hal.o
 .text.HAL_DBGMCU_DisableDBGStopMode
                0x00000000       0x10 ./build/Debug/stm32f1xx_hal.o
 .text.HAL_DBGMCU_EnableDBGStandbyMode
                0x00000000       0x10 ./build/Debug/stm32f1xx_hal.o
 .text.HAL_DBGMCU_DisableDBGStandbyMode
                0x00000000       0x10 ./build/Debug/stm32f1xx_hal.o
 .text          0x00000000        0x0 ./build/Debug/stm32f1xx_hal_cortex.o
 .data          0x00000000        0x0 ./build/Debug/stm32f1xx_hal_cortex.o
 .bss           0x00000000        0x0 ./build/Debug/stm32f1xx_hal_cortex.o
 .text.HAL_NVIC_EnableIRQ
                0x00000000       0x1c ./build/Debug/stm32f1xx_hal_cortex.o
 .text.HAL_NVIC_DisableIRQ
                0x00000000       0x24 ./build/Debug/stm32f1xx_hal_cortex.o
 .text.HAL_NVIC_SystemReset
                0x00000000       0x24 ./build/Debug/stm32f1xx_hal_cortex.o
 .text.HAL_NVIC_GetPriorityGrouping
                0x00000000       0x10 ./build/Debug/stm32f1xx_hal_cortex.o
 .text.HAL_NVIC_GetPriority
                0x00000000       0x60 ./build/Debug/stm32f1xx_hal_cortex.o
 .text.HAL_NVIC_SetPendingIRQ
                0x00000000       0x1c ./build/Debug/stm32f1xx_hal_cortex.o
 .text.HAL_NVIC_GetPendingIRQ
                0x00000000       0x24 ./build/Debug/stm32f1xx_hal_cortex.o
 .text.HAL_NVIC_ClearPendingIRQ
                0x00000000       0x1c ./build/Debug/stm32f1xx_hal_cortex.o
 .text.HAL_NVIC_GetActive
                0x00000000       0x24 ./build/Debug/stm32f1xx_hal_cortex.o
 .text.HAL_SYSTICK_CLKSourceConfig
                0x00000000       0x20 ./build/Debug/stm32f1xx_hal_cortex.o
 .text.HAL_SYSTICK_Callback
                0x00000000        0x2 ./build/Debug/stm32f1xx_hal_cortex.o
 .text.HAL_SYSTICK_IRQHandler
                0x00000000        0x8 ./build/Debug/stm32f1xx_hal_cortex.o
 .text          0x00000000        0x0 ./build/Debug/stm32f1xx_hal_dma.o
 .data          0x00000000        0x0 ./build/Debug/stm32f1xx_hal_dma.o
 .bss           0x00000000        0x0 ./build/Debug/stm32f1xx_hal_dma.o
 .text.DMA_SetConfig
                0x00000000       0x2c ./build/Debug/stm32f1xx_hal_dma.o
 .text.HAL_DMA_Init
                0x00000000       0x98 ./build/Debug/stm32f1xx_hal_dma.o
 .text.HAL_DMA_DeInit
                0x00000000       0x90 ./build/Debug/stm32f1xx_hal_dma.o
 .text.HAL_DMA_Start
                0x00000000       0x50 ./build/Debug/stm32f1xx_hal_dma.o
 .text.HAL_DMA_Start_IT
                0x00000000       0x74 ./build/Debug/stm32f1xx_hal_dma.o
 .text.HAL_DMA_Abort
                0x00000000       0x44 ./build/Debug/stm32f1xx_hal_dma.o
 .text.HAL_DMA_Abort_IT
                0x00000000      0x168 ./build/Debug/stm32f1xx_hal_dma.o
 .text.HAL_DMA_PollForTransfer
                0x00000000      0x548 ./build/Debug/stm32f1xx_hal_dma.o
 .text.HAL_DMA_IRQHandler
                0x00000000      0x2ec ./build/Debug/stm32f1xx_hal_dma.o
 .text.HAL_DMA_RegisterCallback
                0x00000000       0x4a ./build/Debug/stm32f1xx_hal_dma.o
 .text.HAL_DMA_UnRegisterCallback
                0x00000000       0x5a ./build/Debug/stm32f1xx_hal_dma.o
 .text.HAL_DMA_GetState
                0x00000000        0x6 ./build/Debug/stm32f1xx_hal_dma.o
 .text.HAL_DMA_GetError
                0x00000000        0x4 ./build/Debug/stm32f1xx_hal_dma.o
 .debug_info    0x00000000      0x846 ./build/Debug/stm32f1xx_hal_dma.o
 .debug_abbrev  0x00000000      0x223 ./build/Debug/stm32f1xx_hal_dma.o
 .debug_loc     0x00000000      0x7ce ./build/Debug/stm32f1xx_hal_dma.o
 .debug_aranges
                0x00000000       0x80 ./build/Debug/stm32f1xx_hal_dma.o
 .debug_ranges  0x00000000       0x70 ./build/Debug/stm32f1xx_hal_dma.o
 .debug_line    0x00000000      0xce9 ./build/Debug/stm32f1xx_hal_dma.o
 .debug_str     0x00000000      0x5ee ./build/Debug/stm32f1xx_hal_dma.o
 .comment       0x00000000       0x4a ./build/Debug/stm32f1xx_hal_dma.o
 .debug_frame   0x00000000      0x140 ./build/Debug/stm32f1xx_hal_dma.o
 .ARM.attributes
                0x00000000       0x2d ./build/Debug/stm32f1xx_hal_dma.o
 .text          0x00000000        0x0 ./build/Debug/stm32f1xx_hal_exti.o
 .data          0x00000000        0x0 ./build/Debug/stm32f1xx_hal_exti.o
 .bss           0x00000000        0x0 ./build/Debug/stm32f1xx_hal_exti.o
 .text.HAL_EXTI_SetConfigLine
                0x00000000       0xd8 ./build/Debug/stm32f1xx_hal_exti.o
 .text.HAL_EXTI_GetConfigLine
                0x00000000       0xac ./build/Debug/stm32f1xx_hal_exti.o
 .text.HAL_EXTI_ClearConfigLine
                0x00000000       0x88 ./build/Debug/stm32f1xx_hal_exti.o
 .text.HAL_EXTI_RegisterCallback
                0x00000000        0xe ./build/Debug/stm32f1xx_hal_exti.o
 .text.HAL_EXTI_GetHandle
                0x00000000        0xc ./build/Debug/stm32f1xx_hal_exti.o
 .text.HAL_EXTI_IRQHandler
                0x00000000       0x24 ./build/Debug/stm32f1xx_hal_exti.o
 .text.HAL_EXTI_GetPending
                0x00000000       0x1c ./build/Debug/stm32f1xx_hal_exti.o
 .text.HAL_EXTI_ClearPending
                0x00000000       0x14 ./build/Debug/stm32f1xx_hal_exti.o
 .text.HAL_EXTI_GenerateSWI
                0x00000000       0x14 ./build/Debug/stm32f1xx_hal_exti.o
 .debug_info    0x00000000      0x5b4 ./build/Debug/stm32f1xx_hal_exti.o
 .debug_abbrev  0x00000000      0x1e0 ./build/Debug/stm32f1xx_hal_exti.o
 .debug_loc     0x00000000      0x45f ./build/Debug/stm32f1xx_hal_exti.o
 .debug_aranges
                0x00000000       0x60 ./build/Debug/stm32f1xx_hal_exti.o
 .debug_ranges  0x00000000       0x50 ./build/Debug/stm32f1xx_hal_exti.o
 .debug_line    0x00000000      0x5e9 ./build/Debug/stm32f1xx_hal_exti.o
 .debug_str     0x00000000      0x3c7 ./build/Debug/stm32f1xx_hal_exti.o
 .comment       0x00000000       0x4a ./build/Debug/stm32f1xx_hal_exti.o
 .debug_frame   0x00000000       0xd4 ./build/Debug/stm32f1xx_hal_exti.o
 .ARM.attributes
                0x00000000       0x2d ./build/Debug/stm32f1xx_hal_exti.o
 .text          0x00000000        0x0 ./build/Debug/stm32f1xx_hal_flash.o
 .data          0x00000000        0x0 ./build/Debug/stm32f1xx_hal_flash.o
 .bss           0x00000000        0x0 ./build/Debug/stm32f1xx_hal_flash.o
 .text.FLASH_Program_HalfWord
                0x00000000       0x1c ./build/Debug/stm32f1xx_hal_flash.o
 .text.FLASH_SetErrorCode
                0x00000000       0x70 ./build/Debug/stm32f1xx_hal_flash.o
 .text.HAL_FLASH_Program_IT
                0x00000000       0x6c ./build/Debug/stm32f1xx_hal_flash.o
 .text.HAL_FLASH_EndOfOperationCallback
                0x00000000        0x2 ./build/Debug/stm32f1xx_hal_flash.o
 .text.HAL_FLASH_OperationErrorCallback
                0x00000000        0x2 ./build/Debug/stm32f1xx_hal_flash.o
 .text.HAL_FLASH_IRQHandler
                0x00000000      0x154 ./build/Debug/stm32f1xx_hal_flash.o
 .text.HAL_FLASH_Unlock
                0x00000000       0x34 ./build/Debug/stm32f1xx_hal_flash.o
 .text.HAL_FLASH_Lock
                0x00000000       0x14 ./build/Debug/stm32f1xx_hal_flash.o
 .text.HAL_FLASH_OB_Unlock
                0x00000000       0x28 ./build/Debug/stm32f1xx_hal_flash.o
 .text.HAL_FLASH_OB_Lock
                0x00000000       0x14 ./build/Debug/stm32f1xx_hal_flash.o
 .text.HAL_FLASH_OB_Launch
                0x00000000        0x8 ./build/Debug/stm32f1xx_hal_flash.o
 .text.HAL_FLASH_GetError
                0x00000000        0xc ./build/Debug/stm32f1xx_hal_flash.o
 .text.FLASH_WaitForLastOperation
                0x00000000       0x68 ./build/Debug/stm32f1xx_hal_flash.o
 .text.HAL_FLASH_Program
                0x00000000       0xa0 ./build/Debug/stm32f1xx_hal_flash.o
 .bss.pFlash    0x00000000       0x20 ./build/Debug/stm32f1xx_hal_flash.o
 .debug_info    0x00000000      0x698 ./build/Debug/stm32f1xx_hal_flash.o
 .debug_abbrev  0x00000000      0x22d ./build/Debug/stm32f1xx_hal_flash.o
 .debug_loc     0x00000000      0x3a2 ./build/Debug/stm32f1xx_hal_flash.o
 .debug_aranges
                0x00000000       0x88 ./build/Debug/stm32f1xx_hal_flash.o
 .debug_ranges  0x00000000       0x78 ./build/Debug/stm32f1xx_hal_flash.o
 .debug_line    0x00000000      0x786 ./build/Debug/stm32f1xx_hal_flash.o
 .debug_str     0x00000000      0x520 ./build/Debug/stm32f1xx_hal_flash.o
 .comment       0x00000000       0x4a ./build/Debug/stm32f1xx_hal_flash.o
 .debug_frame   0x00000000      0x134 ./build/Debug/stm32f1xx_hal_flash.o
 .ARM.attributes
                0x00000000       0x2d ./build/Debug/stm32f1xx_hal_flash.o
 .text          0x00000000        0x0 ./build/Debug/stm32f1xx_hal_flash_ex.o
 .data          0x00000000        0x0 ./build/Debug/stm32f1xx_hal_flash_ex.o
 .bss           0x00000000        0x0 ./build/Debug/stm32f1xx_hal_flash_ex.o
 .text.FLASH_MassErase
                0x00000000       0x24 ./build/Debug/stm32f1xx_hal_flash_ex.o
 .text.FLASH_OB_GetWRP
                0x00000000        0xc ./build/Debug/stm32f1xx_hal_flash_ex.o
 .text.FLASH_OB_GetRDP
                0x00000000       0x18 ./build/Debug/stm32f1xx_hal_flash_ex.o
 .text.FLASH_OB_GetUser
                0x00000000       0x10 ./build/Debug/stm32f1xx_hal_flash_ex.o
 .text.FLASH_OB_RDP_LevelConfig
                0x00000000       0x68 ./build/Debug/stm32f1xx_hal_flash_ex.o
 .text.FLASH_OB_UserConfig
                0x00000000       0x48 ./build/Debug/stm32f1xx_hal_flash_ex.o
 .text.FLASH_OB_ProgramData
                0x00000000       0x40 ./build/Debug/stm32f1xx_hal_flash_ex.o
 .text.HAL_FLASHEx_OBErase
                0x00000000       0x50 ./build/Debug/stm32f1xx_hal_flash_ex.o
 .text.FLASH_OB_EnableWRP
                0x00000000       0xc0 ./build/Debug/stm32f1xx_hal_flash_ex.o
 .text.FLASH_OB_DisableWRP
                0x00000000       0xc8 ./build/Debug/stm32f1xx_hal_flash_ex.o
 .text.HAL_FLASHEx_OBProgram
                0x00000000       0x9c ./build/Debug/stm32f1xx_hal_flash_ex.o
 .text.HAL_FLASHEx_OBGetConfig
                0x00000000       0x1c ./build/Debug/stm32f1xx_hal_flash_ex.o
 .text.HAL_FLASHEx_OBGetUserData
                0x00000000       0x24 ./build/Debug/stm32f1xx_hal_flash_ex.o
 .text.FLASH_PageErase
                0x00000000       0x24 ./build/Debug/stm32f1xx_hal_flash_ex.o
 .text.HAL_FLASHEx_Erase
                0x00000000       0xa4 ./build/Debug/stm32f1xx_hal_flash_ex.o
 .text.HAL_FLASHEx_Erase_IT
                0x00000000       0x60 ./build/Debug/stm32f1xx_hal_flash_ex.o
 .debug_info    0x00000000      0xafa ./build/Debug/stm32f1xx_hal_flash_ex.o
 .debug_abbrev  0x00000000      0x234 ./build/Debug/stm32f1xx_hal_flash_ex.o
 .debug_loc     0x00000000      0x87f ./build/Debug/stm32f1xx_hal_flash_ex.o
 .debug_aranges
                0x00000000       0x98 ./build/Debug/stm32f1xx_hal_flash_ex.o
 .debug_ranges  0x00000000       0x88 ./build/Debug/stm32f1xx_hal_flash_ex.o
 .debug_line    0x00000000      0x91a ./build/Debug/stm32f1xx_hal_flash_ex.o
 .debug_str     0x00000000      0x636 ./build/Debug/stm32f1xx_hal_flash_ex.o
 .comment       0x00000000       0x4a ./build/Debug/stm32f1xx_hal_flash_ex.o
 .debug_frame   0x00000000      0x194 ./build/Debug/stm32f1xx_hal_flash_ex.o
 .ARM.attributes
                0x00000000       0x2d ./build/Debug/stm32f1xx_hal_flash_ex.o
 .text          0x00000000        0x0 ./build/Debug/stm32f1xx_hal_gpio.o
 .data          0x00000000        0x0 ./build/Debug/stm32f1xx_hal_gpio.o
 .bss           0x00000000        0x0 ./build/Debug/stm32f1xx_hal_gpio.o
 .text.HAL_GPIO_DeInit
                0x00000000      0x118 ./build/Debug/stm32f1xx_hal_gpio.o
 .text.HAL_GPIO_ReadPin
                0x00000000        0xe ./build/Debug/stm32f1xx_hal_gpio.o
 .text.HAL_GPIO_LockPin
                0x00000000       0x2e ./build/Debug/stm32f1xx_hal_gpio.o
 .text.HAL_GPIO_EXTI_Callback
                0x00000000        0x2 ./build/Debug/stm32f1xx_hal_gpio.o
 .text.HAL_GPIO_EXTI_IRQHandler
                0x00000000       0x1c ./build/Debug/stm32f1xx_hal_gpio.o
 .text          0x00000000        0x0 ./build/Debug/stm32f1xx_hal_gpio_ex.o
 .data          0x00000000        0x0 ./build/Debug/stm32f1xx_hal_gpio_ex.o
 .bss           0x00000000        0x0 ./build/Debug/stm32f1xx_hal_gpio_ex.o
 .text.HAL_GPIOEx_ConfigEventout
                0x00000000       0x14 ./build/Debug/stm32f1xx_hal_gpio_ex.o
 .text.HAL_GPIOEx_EnableEventout
                0x00000000       0x10 ./build/Debug/stm32f1xx_hal_gpio_ex.o
 .text.HAL_GPIOEx_DisableEventout
                0x00000000       0x10 ./build/Debug/stm32f1xx_hal_gpio_ex.o
 .debug_info    0x00000000      0x15c ./build/Debug/stm32f1xx_hal_gpio_ex.o
 .debug_abbrev  0x00000000       0xda ./build/Debug/stm32f1xx_hal_gpio_ex.o
 .debug_loc     0x00000000       0x25 ./build/Debug/stm32f1xx_hal_gpio_ex.o
 .debug_aranges
                0x00000000       0x30 ./build/Debug/stm32f1xx_hal_gpio_ex.o
 .debug_ranges  0x00000000       0x20 ./build/Debug/stm32f1xx_hal_gpio_ex.o
 .debug_line    0x00000000      0x1b9 ./build/Debug/stm32f1xx_hal_gpio_ex.o
 .debug_str     0x00000000      0x248 ./build/Debug/stm32f1xx_hal_gpio_ex.o
 .comment       0x00000000       0x4a ./build/Debug/stm32f1xx_hal_gpio_ex.o
 .debug_frame   0x00000000       0x40 ./build/Debug/stm32f1xx_hal_gpio_ex.o
 .ARM.attributes
                0x00000000       0x2d ./build/Debug/stm32f1xx_hal_gpio_ex.o
 .text          0x00000000        0x0 ./build/Debug/stm32f1xx_hal_pwr.o
 .data          0x00000000        0x0 ./build/Debug/stm32f1xx_hal_pwr.o
 .bss           0x00000000        0x0 ./build/Debug/stm32f1xx_hal_pwr.o
 .text.PWR_OverloadWfe
                0x00000000        0x6 ./build/Debug/stm32f1xx_hal_pwr.o
 .text.HAL_PWR_DeInit
                0x00000000       0x18 ./build/Debug/stm32f1xx_hal_pwr.o
 .text.HAL_PWR_EnableBkUpAccess
                0x00000000        0xc ./build/Debug/stm32f1xx_hal_pwr.o
 .text.HAL_PWR_DisableBkUpAccess
                0x00000000        0xc ./build/Debug/stm32f1xx_hal_pwr.o
 .text.HAL_PWR_ConfigPVD
                0x00000000       0x84 ./build/Debug/stm32f1xx_hal_pwr.o
 .text.HAL_PWR_EnablePVD
                0x00000000        0xc ./build/Debug/stm32f1xx_hal_pwr.o
 .text.HAL_PWR_DisablePVD
                0x00000000        0xc ./build/Debug/stm32f1xx_hal_pwr.o
 .text.HAL_PWR_EnableWakeUpPin
                0x00000000       0x18 ./build/Debug/stm32f1xx_hal_pwr.o
 .text.HAL_PWR_DisableWakeUpPin
                0x00000000       0x18 ./build/Debug/stm32f1xx_hal_pwr.o
 .text.HAL_PWR_EnterSLEEPMode
                0x00000000       0x20 ./build/Debug/stm32f1xx_hal_pwr.o
 .text.HAL_PWR_EnterSTOPMode
                0x00000000       0x48 ./build/Debug/stm32f1xx_hal_pwr.o
 .text.HAL_PWR_EnterSTANDBYMode
                0x00000000       0x20 ./build/Debug/stm32f1xx_hal_pwr.o
 .text.HAL_PWR_EnableSleepOnExit
                0x00000000       0x10 ./build/Debug/stm32f1xx_hal_pwr.o
 .text.HAL_PWR_DisableSleepOnExit
                0x00000000       0x10 ./build/Debug/stm32f1xx_hal_pwr.o
 .text.HAL_PWR_EnableSEVOnPend
                0x00000000       0x10 ./build/Debug/stm32f1xx_hal_pwr.o
 .text.HAL_PWR_DisableSEVOnPend
                0x00000000       0x10 ./build/Debug/stm32f1xx_hal_pwr.o
 .text.HAL_PWR_PVDCallback
                0x00000000        0x2 ./build/Debug/stm32f1xx_hal_pwr.o
 .text.HAL_PWR_PVD_IRQHandler
                0x00000000       0x20 ./build/Debug/stm32f1xx_hal_pwr.o
 .debug_info    0x00000000      0x6a7 ./build/Debug/stm32f1xx_hal_pwr.o
 .debug_abbrev  0x00000000      0x1de ./build/Debug/stm32f1xx_hal_pwr.o
 .debug_loc     0x00000000      0x142 ./build/Debug/stm32f1xx_hal_pwr.o
 .debug_aranges
                0x00000000       0xa8 ./build/Debug/stm32f1xx_hal_pwr.o
 .debug_ranges  0x00000000       0x98 ./build/Debug/stm32f1xx_hal_pwr.o
 .debug_line    0x00000000      0x460 ./build/Debug/stm32f1xx_hal_pwr.o
 .debug_str     0x00000000      0x48c ./build/Debug/stm32f1xx_hal_pwr.o
 .comment       0x00000000       0x4a ./build/Debug/stm32f1xx_hal_pwr.o
 .debug_frame   0x00000000      0x140 ./build/Debug/stm32f1xx_hal_pwr.o
 .ARM.attributes
                0x00000000       0x2d ./build/Debug/stm32f1xx_hal_pwr.o
 .text          0x00000000        0x0 ./build/Debug/stm32f1xx_hal_rcc.o
 .data          0x00000000        0x0 ./build/Debug/stm32f1xx_hal_rcc.o
 .bss           0x00000000        0x0 ./build/Debug/stm32f1xx_hal_rcc.o
 .text.HAL_RCC_DeInit
                0x00000000       0xf4 ./build/Debug/stm32f1xx_hal_rcc.o
 .text.HAL_RCC_MCOConfig
                0x00000000       0x50 ./build/Debug/stm32f1xx_hal_rcc.o
 .text.HAL_RCC_EnableCSS
                0x00000000        0xc ./build/Debug/stm32f1xx_hal_rcc.o
 .text.HAL_RCC_DisableCSS
                0x00000000        0xc ./build/Debug/stm32f1xx_hal_rcc.o
 .text.HAL_RCC_GetHCLKFreq
                0x00000000        0xc ./build/Debug/stm32f1xx_hal_rcc.o
 .text.HAL_RCC_GetPCLK1Freq
                0x00000000       0x20 ./build/Debug/stm32f1xx_hal_rcc.o
 .text.HAL_RCC_GetPCLK2Freq
                0x00000000       0x20 ./build/Debug/stm32f1xx_hal_rcc.o
 .text.HAL_RCC_GetOscConfig
                0x00000000       0xb4 ./build/Debug/stm32f1xx_hal_rcc.o
 .text.HAL_RCC_GetClockConfig
                0x00000000       0x3c ./build/Debug/stm32f1xx_hal_rcc.o
 .text.HAL_RCC_CSSCallback
                0x00000000        0x2 ./build/Debug/stm32f1xx_hal_rcc.o
 .text.HAL_RCC_NMI_IRQHandler
                0x00000000       0x20 ./build/Debug/stm32f1xx_hal_rcc.o
 .text          0x00000000        0x0 ./build/Debug/stm32f1xx_hal_rcc_ex.o
 .data          0x00000000        0x0 ./build/Debug/stm32f1xx_hal_rcc_ex.o
 .bss           0x00000000        0x0 ./build/Debug/stm32f1xx_hal_rcc_ex.o
 .text.HAL_RCCEx_PeriphCLKConfig
                0x00000000      0x118 ./build/Debug/stm32f1xx_hal_rcc_ex.o
 .text.HAL_RCCEx_GetPeriphCLKConfig
                0x00000000       0x3c ./build/Debug/stm32f1xx_hal_rcc_ex.o
 .rodata.HAL_RCCEx_GetPeriphCLKFreq.str1.4
                0x00000000       0x11 ./build/Debug/stm32f1xx_hal_rcc_ex.o
 .text.HAL_RCCEx_GetPeriphCLKFreq
                0x00000000      0x114 ./build/Debug/stm32f1xx_hal_rcc_ex.o
 .debug_info    0x00000000      0x47e ./build/Debug/stm32f1xx_hal_rcc_ex.o
 .debug_abbrev  0x00000000      0x1d2 ./build/Debug/stm32f1xx_hal_rcc_ex.o
 .debug_loc     0x00000000      0x42a ./build/Debug/stm32f1xx_hal_rcc_ex.o
 .debug_aranges
                0x00000000       0x30 ./build/Debug/stm32f1xx_hal_rcc_ex.o
 .debug_ranges  0x00000000       0x38 ./build/Debug/stm32f1xx_hal_rcc_ex.o
 .debug_line    0x00000000      0x4d2 ./build/Debug/stm32f1xx_hal_rcc_ex.o
 .debug_str     0x00000000      0x402 ./build/Debug/stm32f1xx_hal_rcc_ex.o
 .comment       0x00000000       0x4a ./build/Debug/stm32f1xx_hal_rcc_ex.o
 .debug_frame   0x00000000       0x64 ./build/Debug/stm32f1xx_hal_rcc_ex.o
 .ARM.attributes
                0x00000000       0x2d ./build/Debug/stm32f1xx_hal_rcc_ex.o
 .text          0x00000000        0x0 ./build/Debug/stm32f1xx_hal_tim.o
 .data          0x00000000        0x0 ./build/Debug/stm32f1xx_hal_tim.o
 .bss           0x00000000        0x0 ./build/Debug/stm32f1xx_hal_tim.o
 .debug_info    0x00000000       0x6b ./build/Debug/stm32f1xx_hal_tim.o
 .debug_abbrev  0x00000000       0x26 ./build/Debug/stm32f1xx_hal_tim.o
 .debug_aranges
                0x00000000       0x18 ./build/Debug/stm32f1xx_hal_tim.o
 .debug_line    0x00000000       0x1d ./build/Debug/stm32f1xx_hal_tim.o
 .debug_str     0x00000000      0x194 ./build/Debug/stm32f1xx_hal_tim.o
 .comment       0x00000000       0x4a ./build/Debug/stm32f1xx_hal_tim.o
 .ARM.attributes
                0x00000000       0x2d ./build/Debug/stm32f1xx_hal_tim.o
 .text          0x00000000        0x0 ./build/Debug/stm32f1xx_hal_tim_ex.o
 .data          0x00000000        0x0 ./build/Debug/stm32f1xx_hal_tim_ex.o
 .bss           0x00000000        0x0 ./build/Debug/stm32f1xx_hal_tim_ex.o
 .debug_info    0x00000000       0x6b ./build/Debug/stm32f1xx_hal_tim_ex.o
 .debug_abbrev  0x00000000       0x26 ./build/Debug/stm32f1xx_hal_tim_ex.o
 .debug_aranges
                0x00000000       0x18 ./build/Debug/stm32f1xx_hal_tim_ex.o
 .debug_line    0x00000000       0x1d ./build/Debug/stm32f1xx_hal_tim_ex.o
 .debug_str     0x00000000      0x197 ./build/Debug/stm32f1xx_hal_tim_ex.o
 .comment       0x00000000       0x4a ./build/Debug/stm32f1xx_hal_tim_ex.o
 .ARM.attributes
                0x00000000       0x2d ./build/Debug/stm32f1xx_hal_tim_ex.o
 .text          0x00000000       0x14 ./build/Debug/startup_stm32f103xe.o
 .data          0x00000000        0x0 ./build/Debug/startup_stm32f103xe.o
 .bss           0x00000000        0x0 ./build/Debug/startup_stm32f103xe.o
 .text          0x00000000        0x0 c:/program files (x86)/gnu arm embedded toolchain/10 2021.10/bin/../lib/gcc/arm-none-eabi/10.3.1/../../../../arm-none-eabi/lib/thumb/v7-m/nofp\libc_nano.a(lib_a-exit.o)
 .data          0x00000000        0x0 c:/program files (x86)/gnu arm embedded toolchain/10 2021.10/bin/../lib/gcc/arm-none-eabi/10.3.1/../../../../arm-none-eabi/lib/thumb/v7-m/nofp\libc_nano.a(lib_a-exit.o)
 .bss           0x00000000        0x0 c:/program files (x86)/gnu arm embedded toolchain/10 2021.10/bin/../lib/gcc/arm-none-eabi/10.3.1/../../../../arm-none-eabi/lib/thumb/v7-m/nofp\libc_nano.a(lib_a-exit.o)
 .text.exit     0x00000000       0x28 c:/program files (x86)/gnu arm embedded toolchain/10 2021.10/bin/../lib/gcc/arm-none-eabi/10.3.1/../../../../arm-none-eabi/lib/thumb/v7-m/nofp\libc_nano.a(lib_a-exit.o)
 .debug_frame   0x00000000       0x28 c:/program files (x86)/gnu arm embedded toolchain/10 2021.10/bin/../lib/gcc/arm-none-eabi/10.3.1/../../../../arm-none-eabi/lib/thumb/v7-m/nofp\libc_nano.a(lib_a-exit.o)
 .ARM.attributes
                0x00000000       0x2d c:/program files (x86)/gnu arm embedded toolchain/10 2021.10/bin/../lib/gcc/arm-none-eabi/10.3.1/../../../../arm-none-eabi/lib/thumb/v7-m/nofp\libc_nano.a(lib_a-exit.o)
 .text          0x00000000        0x0 c:/program files (x86)/gnu arm embedded toolchain/10 2021.10/bin/../lib/gcc/arm-none-eabi/10.3.1/../../../../arm-none-eabi/lib/thumb/v7-m/nofp\libc_nano.a(lib_a-impure.o)
 .data          0x00000000        0x0 c:/program files (x86)/gnu arm embedded toolchain/10 2021.10/bin/../lib/gcc/arm-none-eabi/10.3.1/../../../../arm-none-eabi/lib/thumb/v7-m/nofp\libc_nano.a(lib_a-impure.o)
 .bss           0x00000000        0x0 c:/program files (x86)/gnu arm embedded toolchain/10 2021.10/bin/../lib/gcc/arm-none-eabi/10.3.1/../../../../arm-none-eabi/lib/thumb/v7-m/nofp\libc_nano.a(lib_a-impure.o)
 .data._impure_ptr
                0x00000000        0x4 c:/program files (x86)/gnu arm embedded toolchain/10 2021.10/bin/../lib/gcc/arm-none-eabi/10.3.1/../../../../arm-none-eabi/lib/thumb/v7-m/nofp\libc_nano.a(lib_a-impure.o)
 .data.impure_data
                0x00000000       0x60 c:/program files (x86)/gnu arm embedded toolchain/10 2021.10/bin/../lib/gcc/arm-none-eabi/10.3.1/../../../../arm-none-eabi/lib/thumb/v7-m/nofp\libc_nano.a(lib_a-impure.o)
 .rodata._global_impure_ptr
                0x00000000        0x4 c:/program files (x86)/gnu arm embedded toolchain/10 2021.10/bin/../lib/gcc/arm-none-eabi/10.3.1/../../../../arm-none-eabi/lib/thumb/v7-m/nofp\libc_nano.a(lib_a-impure.o)
 .ARM.attributes
                0x00000000       0x2d c:/program files (x86)/gnu arm embedded toolchain/10 2021.10/bin/../lib/gcc/arm-none-eabi/10.3.1/../../../../arm-none-eabi/lib/thumb/v7-m/nofp\libc_nano.a(lib_a-impure.o)
 .text          0x00000000        0x0 c:/program files (x86)/gnu arm embedded toolchain/10 2021.10/bin/../lib/gcc/arm-none-eabi/10.3.1/../../../../arm-none-eabi/lib/thumb/v7-m/nofp\libc_nano.a(lib_a-init.o)
 .data          0x00000000        0x0 c:/program files (x86)/gnu arm embedded toolchain/10 2021.10/bin/../lib/gcc/arm-none-eabi/10.3.1/../../../../arm-none-eabi/lib/thumb/v7-m/nofp\libc_nano.a(lib_a-init.o)
 .bss           0x00000000        0x0 c:/program files (x86)/gnu arm embedded toolchain/10 2021.10/bin/../lib/gcc/arm-none-eabi/10.3.1/../../../../arm-none-eabi/lib/thumb/v7-m/nofp\libc_nano.a(lib_a-init.o)
 .text          0x00000000        0x0 c:/program files (x86)/gnu arm embedded toolchain/10 2021.10/bin/../lib/gcc/arm-none-eabi/10.3.1/../../../../arm-none-eabi/lib/thumb/v7-m/nofp\libc_nano.a(lib_a-memset.o)
 .data          0x00000000        0x0 c:/program files (x86)/gnu arm embedded toolchain/10 2021.10/bin/../lib/gcc/arm-none-eabi/10.3.1/../../../../arm-none-eabi/lib/thumb/v7-m/nofp\libc_nano.a(lib_a-memset.o)
 .bss           0x00000000        0x0 c:/program files (x86)/gnu arm embedded toolchain/10 2021.10/bin/../lib/gcc/arm-none-eabi/10.3.1/../../../../arm-none-eabi/lib/thumb/v7-m/nofp\libc_nano.a(lib_a-memset.o)
 .text          0x00000000        0x0 c:/program files (x86)/gnu arm embedded toolchain/10 2021.10/bin/../lib/gcc/arm-none-eabi/10.3.1/../../../../arm-none-eabi/lib/thumb/v7-m/nofp\libnosys.a(_exit.o)
 .data          0x00000000        0x0 c:/program files (x86)/gnu arm embedded toolchain/10 2021.10/bin/../lib/gcc/arm-none-eabi/10.3.1/../../../../arm-none-eabi/lib/thumb/v7-m/nofp\libnosys.a(_exit.o)
 .bss           0x00000000        0x0 c:/program files (x86)/gnu arm embedded toolchain/10 2021.10/bin/../lib/gcc/arm-none-eabi/10.3.1/../../../../arm-none-eabi/lib/thumb/v7-m/nofp\libnosys.a(_exit.o)
 .text._exit    0x00000000        0x4 c:/program files (x86)/gnu arm embedded toolchain/10 2021.10/bin/../lib/gcc/arm-none-eabi/10.3.1/../../../../arm-none-eabi/lib/thumb/v7-m/nofp\libnosys.a(_exit.o)
 .debug_frame   0x00000000       0x20 c:/program files (x86)/gnu arm embedded toolchain/10 2021.10/bin/../lib/gcc/arm-none-eabi/10.3.1/../../../../arm-none-eabi/lib/thumb/v7-m/nofp\libnosys.a(_exit.o)
 .ARM.attributes
                0x00000000       0x2d c:/program files (x86)/gnu arm embedded toolchain/10 2021.10/bin/../lib/gcc/arm-none-eabi/10.3.1/../../../../arm-none-eabi/lib/thumb/v7-m/nofp\libnosys.a(_exit.o)
 .text          0x00000000        0x0 c:/program files (x86)/gnu arm embedded toolchain/10 2021.10/bin/../lib/gcc/arm-none-eabi/10.3.1/thumb/v7-m/nofp/crtend.o
 .data          0x00000000        0x0 c:/program files (x86)/gnu arm embedded toolchain/10 2021.10/bin/../lib/gcc/arm-none-eabi/10.3.1/thumb/v7-m/nofp/crtend.o
 .bss           0x00000000        0x0 c:/program files (x86)/gnu arm embedded toolchain/10 2021.10/bin/../lib/gcc/arm-none-eabi/10.3.1/thumb/v7-m/nofp/crtend.o
 .rodata        0x00000000       0x24 c:/program files (x86)/gnu arm embedded toolchain/10 2021.10/bin/../lib/gcc/arm-none-eabi/10.3.1/thumb/v7-m/nofp/crtend.o
 .eh_frame      0x00000000        0x4 c:/program files (x86)/gnu arm embedded toolchain/10 2021.10/bin/../lib/gcc/arm-none-eabi/10.3.1/thumb/v7-m/nofp/crtend.o
 .ARM.attributes
                0x00000000       0x2d c:/program files (x86)/gnu arm embedded toolchain/10 2021.10/bin/../lib/gcc/arm-none-eabi/10.3.1/thumb/v7-m/nofp/crtend.o
 .text          0x00000000        0x0 c:/program files (x86)/gnu arm embedded toolchain/10 2021.10/bin/../lib/gcc/arm-none-eabi/10.3.1/thumb/v7-m/nofp/crtn.o
 .data          0x00000000        0x0 c:/program files (x86)/gnu arm embedded toolchain/10 2021.10/bin/../lib/gcc/arm-none-eabi/10.3.1/thumb/v7-m/nofp/crtn.o
 .bss           0x00000000        0x0 c:/program files (x86)/gnu arm embedded toolchain/10 2021.10/bin/../lib/gcc/arm-none-eabi/10.3.1/thumb/v7-m/nofp/crtn.o

Memory Configuration

Name             Origin             Length             Attributes
RAM              0x20000000         0x0000c000         xrw
FLASH            0x08000000         0x00040000         xr
*default*        0x00000000         0xffffffff

Linker script and memory map

LOAD c:/program files (x86)/gnu arm embedded toolchain/10 2021.10/bin/../lib/gcc/arm-none-eabi/10.3.1/thumb/v7-m/nofp/crti.o
LOAD c:/program files (x86)/gnu arm embedded toolchain/10 2021.10/bin/../lib/gcc/arm-none-eabi/10.3.1/thumb/v7-m/nofp/crtbegin.o
LOAD c:/program files (x86)/gnu arm embedded toolchain/10 2021.10/bin/../lib/gcc/arm-none-eabi/10.3.1/../../../../arm-none-eabi/lib/thumb/v7-m/nofp/crt0.o
LOAD ./build/Debug/main.o
LOAD ./build/Debug/stm32f1xx_hal_msp.o
LOAD ./build/Debug/stm32f1xx_it.o
LOAD ./build/Debug/system_stm32f1xx.o
LOAD ./build/Debug/stm32f1xx_hal.o
LOAD ./build/Debug/stm32f1xx_hal_cortex.o
LOAD ./build/Debug/stm32f1xx_hal_dma.o
LOAD ./build/Debug/stm32f1xx_hal_exti.o
LOAD ./build/Debug/stm32f1xx_hal_flash.o
LOAD ./build/Debug/stm32f1xx_hal_flash_ex.o
LOAD ./build/Debug/stm32f1xx_hal_gpio.o
LOAD ./build/Debug/stm32f1xx_hal_gpio_ex.o
LOAD ./build/Debug/stm32f1xx_hal_pwr.o
LOAD ./build/Debug/stm32f1xx_hal_rcc.o
LOAD ./build/Debug/stm32f1xx_hal_rcc_ex.o
LOAD ./build/Debug/stm32f1xx_hal_tim.o
LOAD ./build/Debug/stm32f1xx_hal_tim_ex.o
LOAD ./build/Debug/startup_stm32f103xe.o
LOAD c:/program files (x86)/gnu arm embedded toolchain/10 2021.10/bin/../lib/gcc/arm-none-eabi/10.3.1/../../../../arm-none-eabi/lib/thumb/v7-m/nofp\libm.a
START GROUP
LOAD c:/program files (x86)/gnu arm embedded toolchain/10 2021.10/bin/../lib/gcc/arm-none-eabi/10.3.1/thumb/v7-m/nofp\libgcc.a
LOAD c:/program files (x86)/gnu arm embedded toolchain/10 2021.10/bin/../lib/gcc/arm-none-eabi/10.3.1/../../../../arm-none-eabi/lib/thumb/v7-m/nofp\libc_nano.a
END GROUP
START GROUP
LOAD c:/program files (x86)/gnu arm embedded toolchain/10 2021.10/bin/../lib/gcc/arm-none-eabi/10.3.1/thumb/v7-m/nofp\libgcc.a
LOAD c:/program files (x86)/gnu arm embedded toolchain/10 2021.10/bin/../lib/gcc/arm-none-eabi/10.3.1/../../../../arm-none-eabi/lib/thumb/v7-m/nofp\libc_nano.a
LOAD c:/program files (x86)/gnu arm embedded toolchain/10 2021.10/bin/../lib/gcc/arm-none-eabi/10.3.1/../../../../arm-none-eabi/lib/thumb/v7-m/nofp\libnosys.a
END GROUP
START GROUP
LOAD c:/program files (x86)/gnu arm embedded toolchain/10 2021.10/bin/../lib/gcc/arm-none-eabi/10.3.1/thumb/v7-m/nofp\libgcc.a
LOAD c:/program files (x86)/gnu arm embedded toolchain/10 2021.10/bin/../lib/gcc/arm-none-eabi/10.3.1/../../../../arm-none-eabi/lib/thumb/v7-m/nofp\libc_nano.a
LOAD c:/program files (x86)/gnu arm embedded toolchain/10 2021.10/bin/../lib/gcc/arm-none-eabi/10.3.1/../../../../arm-none-eabi/lib/thumb/v7-m/nofp\libnosys.a
END GROUP
LOAD c:/program files (x86)/gnu arm embedded toolchain/10 2021.10/bin/../lib/gcc/arm-none-eabi/10.3.1/thumb/v7-m/nofp/crtend.o
LOAD c:/program files (x86)/gnu arm embedded toolchain/10 2021.10/bin/../lib/gcc/arm-none-eabi/10.3.1/thumb/v7-m/nofp/crtn.o
                0x2000c000                _estack = 0x2000c000
                0x00000200                _Min_Heap_Size = 0x200
                0x00000400                _Min_Stack_Size = 0x400

.isr_vector     0x08000000      0x1e4
                0x08000000                . = ALIGN (0x4)
 *(.isr_vector)
 .isr_vector    0x08000000      0x1e4 ./build/Debug/startup_stm32f103xe.o
                0x08000000                g_pfnVectors
                0x080001e4                . = ALIGN (0x4)

.text           0x080001e4      0xc0c
                0x080001e4                . = ALIGN (0x4)
 *(.text)
 .text          0x080001e4       0x40 c:/program files (x86)/gnu arm embedded toolchain/10 2021.10/bin/../lib/gcc/arm-none-eabi/10.3.1/thumb/v7-m/nofp/crtbegin.o
 *(.text*)
 .text.MX_GPIO_Init
                0x08000224       0x64 ./build/Debug/main.o
 .text.Error_Handler
                0x08000288        0x4 ./build/Debug/main.o
                0x08000288                Error_Handler
 .text.SystemClock_Config
                0x0800028c       0x64 ./build/Debug/main.o
                0x0800028c                SystemClock_Config
 .text.main     0x080002f0       0x1c ./build/Debug/main.o
                0x080002f0                main
 .text.HAL_MspInit
                0x0800030c       0x44 ./build/Debug/stm32f1xx_hal_msp.o
                0x0800030c                HAL_MspInit
 .text.NMI_Handler
                0x08000350        0x2 ./build/Debug/stm32f1xx_it.o
                0x08000350                NMI_Handler
 .text.HardFault_Handler
                0x08000352        0x2 ./build/Debug/stm32f1xx_it.o
                0x08000352                HardFault_Handler
 .text.MemManage_Handler
                0x08000354        0x2 ./build/Debug/stm32f1xx_it.o
                0x08000354                MemManage_Handler
 .text.BusFault_Handler
                0x08000356        0x2 ./build/Debug/stm32f1xx_it.o
                0x08000356                BusFault_Handler
 .text.UsageFault_Handler
                0x08000358        0x2 ./build/Debug/stm32f1xx_it.o
                0x08000358                UsageFault_Handler
 .text.SVC_Handler
                0x0800035a        0x2 ./build/Debug/stm32f1xx_it.o
                0x0800035a                SVC_Handler
 .text.DebugMon_Handler
                0x0800035c        0x2 ./build/Debug/stm32f1xx_it.o
                0x0800035c                DebugMon_Handler
 .text.PendSV_Handler
                0x0800035e        0x2 ./build/Debug/stm32f1xx_it.o
                0x0800035e                PendSV_Handler
 .text.SysTick_Handler
                0x08000360        0x8 ./build/Debug/stm32f1xx_it.o
                0x08000360                SysTick_Handler
 .text.SystemInit
                0x08000368        0x2 ./build/Debug/system_stm32f1xx.o
                0x08000368                SystemInit
 *fill*         0x0800036a        0x2 
 .text.HAL_InitTick
                0x0800036c       0x4c ./build/Debug/stm32f1xx_hal.o
                0x0800036c                HAL_InitTick
 .text.HAL_Init
                0x080003b8       0x24 ./build/Debug/stm32f1xx_hal.o
                0x080003b8                HAL_Init
 .text.HAL_IncTick
                0x080003dc       0x18 ./build/Debug/stm32f1xx_hal.o
                0x080003dc                HAL_IncTick
 .text.HAL_GetTick
                0x080003f4        0xc ./build/Debug/stm32f1xx_hal.o
                0x080003f4                HAL_GetTick
 .text.HAL_NVIC_SetPriorityGrouping
                0x08000400       0x24 ./build/Debug/stm32f1xx_hal_cortex.o
                0x08000400                HAL_NVIC_SetPriorityGrouping
 .text.HAL_NVIC_SetPriority
                0x08000424       0x70 ./build/Debug/stm32f1xx_hal_cortex.o
                0x08000424                HAL_NVIC_SetPriority
 .text.HAL_SYSTICK_Config
                0x08000494       0x28 ./build/Debug/stm32f1xx_hal_cortex.o
                0x08000494                HAL_SYSTICK_Config
 .text.HAL_GPIO_Init
                0x080004bc      0x240 ./build/Debug/stm32f1xx_hal_gpio.o
                0x080004bc                HAL_GPIO_Init
 .text.HAL_GPIO_WritePin
                0x080006fc        0xc ./build/Debug/stm32f1xx_hal_gpio.o
                0x080006fc                HAL_GPIO_WritePin
 .text.HAL_GPIO_TogglePin
                0x08000708       0x12 ./build/Debug/stm32f1xx_hal_gpio.o
                0x08000708                HAL_GPIO_TogglePin
 *fill*         0x0800071a        0x2 
 .text.RCC_Delay
                0x0800071c       0x2c ./build/Debug/stm32f1xx_hal_rcc.o
 .text.HAL_RCC_OscConfig
                0x08000748      0x410 ./build/Debug/stm32f1xx_hal_rcc.o
                0x08000748                HAL_RCC_OscConfig
 .text.HAL_RCC_GetSysClockFreq
                0x08000b58       0x70 ./build/Debug/stm32f1xx_hal_rcc.o
                0x08000b58                HAL_RCC_GetSysClockFreq
 .text.HAL_RCC_ClockConfig
                0x08000bc8      0x16c ./build/Debug/stm32f1xx_hal_rcc.o
                0x08000bc8                HAL_RCC_ClockConfig
 .text.Reset_Handler
                0x08000d34       0x48 ./build/Debug/startup_stm32f103xe.o
                0x08000d34                Reset_Handler
 .text.Default_Handler
                0x08000d7c        0x2 ./build/Debug/startup_stm32f103xe.o
                0x08000d7c                RTC_Alarm_IRQHandler
                0x08000d7c                EXTI2_IRQHandler
                0x08000d7c                TIM8_TRG_COM_IRQHandler
                0x08000d7c                TIM8_CC_IRQHandler
                0x08000d7c                TIM1_CC_IRQHandler
                0x08000d7c                TIM6_IRQHandler
                0x08000d7c                PVD_IRQHandler
                0x08000d7c                SDIO_IRQHandler
                0x08000d7c                EXTI3_IRQHandler
                0x08000d7c                EXTI0_IRQHandler
                0x08000d7c                I2C2_EV_IRQHandler
                0x08000d7c                ADC1_2_IRQHandler
                0x08000d7c                SPI1_IRQHandler
                0x08000d7c                TAMPER_IRQHandler
                0x08000d7c                TIM8_UP_IRQHandler
                0x08000d7c                DMA2_Channel2_IRQHandler
                0x08000d7c                DMA1_Channel4_IRQHandler
                0x08000d7c                USART3_IRQHandler
                0x08000d7c                RTC_IRQHandler
                0x08000d7c                DMA1_Channel7_IRQHandler
                0x08000d7c                CAN1_RX1_IRQHandler
                0x08000d7c                UART5_IRQHandler
                0x08000d7c                ADC3_IRQHandler
                0x08000d7c                TIM4_IRQHandler
                0x08000d7c                DMA2_Channel1_IRQHandler
                0x08000d7c                I2C1_EV_IRQHandler
                0x08000d7c                DMA1_Channel6_IRQHandler
                0x08000d7c                UART4_IRQHandler
                0x08000d7c                TIM3_IRQHandler
                0x08000d7c                RCC_IRQHandler
                0x08000d7c                TIM1_TRG_COM_IRQHandler
                0x08000d7c                DMA1_Channel1_IRQHandler
                0x08000d7c                Default_Handler
                0x08000d7c                EXTI15_10_IRQHandler
                0x08000d7c                TIM7_IRQHandler
                0x08000d7c                TIM5_IRQHandler
                0x08000d7c                EXTI9_5_IRQHandler
                0x08000d7c                SPI2_IRQHandler
                0x08000d7c                DMA1_Channel5_IRQHandler
                0x08000d7c                EXTI4_IRQHandler
                0x08000d7c                USB_LP_CAN1_RX0_IRQHandler
                0x08000d7c                USB_HP_CAN1_TX_IRQHandler
                0x08000d7c                DMA1_Channel3_IRQHandler
                0x08000d7c                FSMC_IRQHandler
                0x08000d7c                TIM1_UP_IRQHandler
                0x08000d7c                WWDG_IRQHandler
                0x08000d7c                TIM2_IRQHandler
                0x08000d7c                TIM1_BRK_IRQHandler
                0x08000d7c                EXTI1_IRQHandler
                0x08000d7c                DMA2_Channel4_5_IRQHandler
                0x08000d7c                USART2_IRQHandler
                0x08000d7c                I2C2_ER_IRQHandler
                0x08000d7c                DMA1_Channel2_IRQHandler
                0x08000d7c                TIM8_BRK_IRQHandler
                0x08000d7c                CAN1_SCE_IRQHandler
                0x08000d7c                FLASH_IRQHandler
                0x08000d7c                USART1_IRQHandler
                0x08000d7c                SPI3_IRQHandler
                0x08000d7c                I2C1_ER_IRQHandler
                0x08000d7c                USBWakeUp_IRQHandler
                0x08000d7c                DMA2_Channel3_IRQHandler
 *fill*         0x08000d7e        0x2 
 .text.__libc_init_array
                0x08000d80       0x48 c:/program files (x86)/gnu arm embedded toolchain/10 2021.10/bin/../lib/gcc/arm-none-eabi/10.3.1/../../../../arm-none-eabi/lib/thumb/v7-m/nofp\libc_nano.a(lib_a-init.o)
                0x08000d80                __libc_init_array
 .text.memset   0x08000dc8       0x10 c:/program files (x86)/gnu arm embedded toolchain/10 2021.10/bin/../lib/gcc/arm-none-eabi/10.3.1/../../../../arm-none-eabi/lib/thumb/v7-m/nofp\libc_nano.a(lib_a-memset.o)
                0x08000dc8                memset
 *(.glue_7)
 .glue_7        0x08000dd8        0x0 linker stubs
 *(.glue_7t)
 .glue_7t       0x08000dd8        0x0 linker stubs
 *(.eh_frame)
 .eh_frame      0x08000dd8        0x0 c:/program files (x86)/gnu arm embedded toolchain/10 2021.10/bin/../lib/gcc/arm-none-eabi/10.3.1/thumb/v7-m/nofp/crtbegin.o
 *(.init)
 .init          0x08000dd8        0x4 c:/program files (x86)/gnu arm embedded toolchain/10 2021.10/bin/../lib/gcc/arm-none-eabi/10.3.1/thumb/v7-m/nofp/crti.o
                0x08000dd8                _init
 .init          0x08000ddc        0x8 c:/program files (x86)/gnu arm embedded toolchain/10 2021.10/bin/../lib/gcc/arm-none-eabi/10.3.1/thumb/v7-m/nofp/crtn.o
 *(.fini)
 .fini          0x08000de4        0x4 c:/program files (x86)/gnu arm embedded toolchain/10 2021.10/bin/../lib/gcc/arm-none-eabi/10.3.1/thumb/v7-m/nofp/crti.o
                0x08000de4                _fini
 .fini          0x08000de8        0x8 c:/program files (x86)/gnu arm embedded toolchain/10 2021.10/bin/../lib/gcc/arm-none-eabi/10.3.1/thumb/v7-m/nofp/crtn.o
                0x08000df0                . = ALIGN (0x4)
                0x08000df0                _etext = .

.vfp11_veneer   0x08000df0        0x0
 .vfp11_veneer  0x08000df0        0x0 linker stubs

.v4_bx          0x08000df0        0x0
 .v4_bx         0x08000df0        0x0 linker stubs

.iplt           0x08000df0        0x0
 .iplt          0x08000df0        0x0 c:/program files (x86)/gnu arm embedded toolchain/10 2021.10/bin/../lib/gcc/arm-none-eabi/10.3.1/thumb/v7-m/nofp/crtbegin.o

.rodata         0x08000df0       0x24
                0x08000df0                . = ALIGN (0x4)
 *(.rodata)
 *(.rodata*)
 .rodata.AHBPrescTable
                0x08000df0       0x10 ./build/Debug/system_stm32f1xx.o
                0x08000df0                AHBPrescTable
 .rodata.HAL_RCC_GetSysClockFreq.str1.4
                0x08000e00       0x11 ./build/Debug/stm32f1xx_hal_rcc.o
                0x08000e14                . = ALIGN (0x4)
 *fill*         0x08000e11        0x3 

.rel.dyn        0x08000e14        0x0
 .rel.iplt      0x08000e14        0x0 c:/program files (x86)/gnu arm embedded toolchain/10 2021.10/bin/../lib/gcc/arm-none-eabi/10.3.1/thumb/v7-m/nofp/crtbegin.o

.ARM.extab
 *(.ARM.extab* .gnu.linkonce.armextab.*)

.ARM            0x08000e14        0x0
                0x08000e14                __exidx_start = .
 *(.ARM.exidx*)
                0x08000e14                __exidx_end = .

.preinit_array  0x08000e14        0x0
                0x08000e14                PROVIDE (__preinit_array_start = .)
 *(.preinit_array*)
                0x08000e14                PROVIDE (__preinit_array_end = .)

.init_array     0x08000e14        0x4
                0x08000e14                PROVIDE (__init_array_start = .)
 *(SORT_BY_NAME(.init_array.*))
 *(.init_array*)
 .init_array    0x08000e14        0x4 c:/program files (x86)/gnu arm embedded toolchain/10 2021.10/bin/../lib/gcc/arm-none-eabi/10.3.1/thumb/v7-m/nofp/crtbegin.o
                0x08000e18                PROVIDE (__init_array_end = .)

.fini_array     0x08000e18        0x4
                [!provide]                PROVIDE (__fini_array_start = .)
 *(SORT_BY_NAME(.fini_array.*))
 *(.fini_array*)
 .fini_array    0x08000e18        0x4 c:/program files (x86)/gnu arm embedded toolchain/10 2021.10/bin/../lib/gcc/arm-none-eabi/10.3.1/thumb/v7-m/nofp/crtbegin.o
                [!provide]                PROVIDE (__fini_array_end = .)
                0x08000e1c                _sidata = LOADADDR (.data)

.data           0x20000000        0xc load address 0x08000e1c
                0x20000000                . = ALIGN (0x4)
                0x20000000                _sdata = .
 *(.data)
 *(.data*)
 .data.SystemCoreClock
                0x20000000        0x4 ./build/Debug/system_stm32f1xx.o
                0x20000000                SystemCoreClock
 .data.uwTickFreq
                0x20000004        0x1 ./build/Debug/stm32f1xx_hal.o
                0x20000004                uwTickFreq
 *fill*         0x20000005        0x3 
 .data.uwTickPrio
                0x20000008        0x4 ./build/Debug/stm32f1xx_hal.o
                0x20000008                uwTickPrio
                0x2000000c                . = ALIGN (0x4)
                0x2000000c                _edata = .

.igot.plt       0x2000000c        0x0 load address 0x08000e28
 .igot.plt      0x2000000c        0x0 c:/program files (x86)/gnu arm embedded toolchain/10 2021.10/bin/../lib/gcc/arm-none-eabi/10.3.1/thumb/v7-m/nofp/crtbegin.o
                0x2000000c                . = ALIGN (0x4)

.bss            0x2000000c       0x20 load address 0x08000e28
                0x2000000c                _sbss = .
                0x2000000c                __bss_start__ = _sbss
 *(.bss)
 .bss           0x2000000c       0x1c c:/program files (x86)/gnu arm embedded toolchain/10 2021.10/bin/../lib/gcc/arm-none-eabi/10.3.1/thumb/v7-m/nofp/crtbegin.o
 *(.bss*)
 .bss.uwTick    0x20000028        0x4 ./build/Debug/stm32f1xx_hal.o
                0x20000028                uwTick
 *(COMMON)
                0x2000002c                . = ALIGN (0x4)
                0x2000002c                _ebss = .
                0x2000002c                __bss_end__ = _ebss

._user_heap_stack
                0x2000002c      0x604 load address 0x08000e28
                0x20000030                . = ALIGN (0x8)
 *fill*         0x2000002c        0x4 
                [!provide]                PROVIDE (end = .)
                [!provide]                PROVIDE (_end = .)
                0x20000230                . = (. + _Min_Heap_Size)
 *fill*         0x20000030      0x200 
                0x20000630                . = (. + _Min_Stack_Size)
 *fill*         0x20000230      0x400 
                0x20000630                . = ALIGN (0x8)

/DISCARD/
 libc.a(*)
 libm.a(*)
 libgcc.a(*)

.ARM.attributes
                0x00000000       0x29
 *(.ARM.attributes)
 .ARM.attributes
                0x00000000       0x1d c:/program files (x86)/gnu arm embedded toolchain/10 2021.10/bin/../lib/gcc/arm-none-eabi/10.3.1/thumb/v7-m/nofp/crti.o
 .ARM.attributes
                0x0000001d       0x2d c:/program files (x86)/gnu arm embedded toolchain/10 2021.10/bin/../lib/gcc/arm-none-eabi/10.3.1/thumb/v7-m/nofp/crtbegin.o
 .ARM.attributes
                0x0000004a       0x2d ./build/Debug/main.o
 .ARM.attributes
                0x00000077       0x2d ./build/Debug/stm32f1xx_hal_msp.o
 .ARM.attributes
                0x000000a4       0x2d ./build/Debug/stm32f1xx_it.o
 .ARM.attributes
                0x000000d1       0x2d ./build/Debug/system_stm32f1xx.o
 .ARM.attributes
                0x000000fe       0x2d ./build/Debug/stm32f1xx_hal.o
 .ARM.attributes
                0x0000012b       0x2d ./build/Debug/stm32f1xx_hal_cortex.o
 .ARM.attributes
                0x00000158       0x2d ./build/Debug/stm32f1xx_hal_gpio.o
 .ARM.attributes
                0x00000185       0x2d ./build/Debug/stm32f1xx_hal_rcc.o
 .ARM.attributes
                0x000001b2       0x21 ./build/Debug/startup_stm32f103xe.o
 .ARM.attributes
                0x000001d3       0x2d c:/program files (x86)/gnu arm embedded toolchain/10 2021.10/bin/../lib/gcc/arm-none-eabi/10.3.1/../../../../arm-none-eabi/lib/thumb/v7-m/nofp\libc_nano.a(lib_a-init.o)
 .ARM.attributes
                0x00000200       0x2d c:/program files (x86)/gnu arm embedded toolchain/10 2021.10/bin/../lib/gcc/arm-none-eabi/10.3.1/../../../../arm-none-eabi/lib/thumb/v7-m/nofp\libc_nano.a(lib_a-memset.o)
 .ARM.attributes
                0x0000022d       0x1d c:/program files (x86)/gnu arm embedded toolchain/10 2021.10/bin/../lib/gcc/arm-none-eabi/10.3.1/thumb/v7-m/nofp/crtn.o
OUTPUT(./build/Debug/Hello_STM_vscode.elf elf32-littlearm)
LOAD linker stubs
LOAD c:/program files (x86)/gnu arm embedded toolchain/10 2021.10/bin/../lib/gcc/arm-none-eabi/10.3.1/../../../../arm-none-eabi/lib/thumb/v7-m/nofp\libc.a
LOAD c:/program files (x86)/gnu arm embedded toolchain/10 2021.10/bin/../lib/gcc/arm-none-eabi/10.3.1/../../../../arm-none-eabi/lib/thumb/v7-m/nofp\libm.a
LOAD c:/program files (x86)/gnu arm embedded toolchain/10 2021.10/bin/../lib/gcc/arm-none-eabi/10.3.1/thumb/v7-m/nofp\libgcc.a

.debug_info     0x00000000     0x31b6
 .debug_info    0x00000000      0x568 ./build/Debug/main.o
 .debug_info    0x00000568      0x211 ./build/Debug/stm32f1xx_hal_msp.o
 .debug_info    0x00000779      0x130 ./build/Debug/stm32f1xx_it.o
 .debug_info    0x000008a9      0x248 ./build/Debug/system_stm32f1xx.o
 .debug_info    0x00000af1      0x80e ./build/Debug/stm32f1xx_hal.o
 .debug_info    0x000012ff      0xdf0 ./build/Debug/stm32f1xx_hal_cortex.o
 .debug_info    0x000020ef      0x66f ./build/Debug/stm32f1xx_hal_gpio.o
 .debug_info    0x0000275e      0xa36 ./build/Debug/stm32f1xx_hal_rcc.o
 .debug_info    0x00003194       0x22 ./build/Debug/startup_stm32f103xe.o

.debug_abbrev   0x00000000      0xe12
 .debug_abbrev  0x00000000      0x1ca ./build/Debug/main.o
 .debug_abbrev  0x000001ca       0xe5 ./build/Debug/stm32f1xx_hal_msp.o
 .debug_abbrev  0x000002af       0x7e ./build/Debug/stm32f1xx_it.o
 .debug_abbrev  0x0000032d      0x13e ./build/Debug/system_stm32f1xx.o
 .debug_abbrev  0x0000046b      0x1f4 ./build/Debug/stm32f1xx_hal.o
 .debug_abbrev  0x0000065f      0x341 ./build/Debug/stm32f1xx_hal_cortex.o
 .debug_abbrev  0x000009a0      0x1e6 ./build/Debug/stm32f1xx_hal_gpio.o
 .debug_abbrev  0x00000b86      0x27a ./build/Debug/stm32f1xx_hal_rcc.o
 .debug_abbrev  0x00000e00       0x12 ./build/Debug/startup_stm32f103xe.o

.debug_aranges  0x00000000      0x360
 .debug_aranges
                0x00000000       0x38 ./build/Debug/main.o
 .debug_aranges
                0x00000038       0x20 ./build/Debug/stm32f1xx_hal_msp.o
 .debug_aranges
                0x00000058       0x60 ./build/Debug/stm32f1xx_it.o
 .debug_aranges
                0x000000b8       0x28 ./build/Debug/system_stm32f1xx.o
 .debug_aranges
                0x000000e0       0xe0 ./build/Debug/stm32f1xx_hal.o
 .debug_aranges
                0x000001c0       0x90 ./build/Debug/stm32f1xx_hal_cortex.o
 .debug_aranges
                0x00000250       0x58 ./build/Debug/stm32f1xx_hal_gpio.o
 .debug_aranges
                0x000002a8       0x90 ./build/Debug/stm32f1xx_hal_rcc.o
 .debug_aranges
                0x00000338       0x28 ./build/Debug/startup_stm32f103xe.o

.debug_ranges   0x00000000      0x358
 .debug_ranges  0x00000000       0x28 ./build/Debug/main.o
 .debug_ranges  0x00000028       0x10 ./build/Debug/stm32f1xx_hal_msp.o
 .debug_ranges  0x00000038       0x50 ./build/Debug/stm32f1xx_it.o
 .debug_ranges  0x00000088       0x18 ./build/Debug/system_stm32f1xx.o
 .debug_ranges  0x000000a0       0xd0 ./build/Debug/stm32f1xx_hal.o
 .debug_ranges  0x00000170       0xe0 ./build/Debug/stm32f1xx_hal_cortex.o
 .debug_ranges  0x00000250       0x48 ./build/Debug/stm32f1xx_hal_gpio.o
 .debug_ranges  0x00000298       0xa0 ./build/Debug/stm32f1xx_hal_rcc.o
 .debug_ranges  0x00000338       0x20 ./build/Debug/startup_stm32f103xe.o

.debug_line     0x00000000     0x268f
 .debug_line    0x00000000      0x355 ./build/Debug/main.o
 .debug_line    0x00000355      0x179 ./build/Debug/stm32f1xx_hal_msp.o
 .debug_line    0x000004ce      0x17b ./build/Debug/stm32f1xx_it.o
 .debug_line    0x00000649      0x242 ./build/Debug/system_stm32f1xx.o
 .debug_line    0x0000088b      0x52e ./build/Debug/stm32f1xx_hal.o
 .debug_line    0x00000db9      0x637 ./build/Debug/stm32f1xx_hal_cortex.o
 .debug_line    0x000013f0      0x5f5 ./build/Debug/stm32f1xx_hal_gpio.o
 .debug_line    0x000019e5      0xc2a ./build/Debug/stm32f1xx_hal_rcc.o
 .debug_line    0x0000260f       0x80 ./build/Debug/startup_stm32f103xe.o

.debug_str      0x00000000     0x134d
 .debug_str     0x00000000      0x3e0 ./build/Debug/main.o
                                0x432 (size before relaxing)
 .debug_str     0x000003e0       0x59 ./build/Debug/stm32f1xx_hal_msp.o
                                0x210 (size before relaxing)
 .debug_str     0x00000439       0xb6 ./build/Debug/stm32f1xx_it.o
                                0x213 (size before relaxing)
 .debug_str     0x000004ef       0x87 ./build/Debug/system_stm32f1xx.o
                                0x245 (size before relaxing)
 .debug_str     0x00000576      0x6db ./build/Debug/stm32f1xx_hal.o
                                0x8f9 (size before relaxing)
 .debug_str     0x00000c51      0x3c4 ./build/Debug/stm32f1xx_hal_cortex.o
                                0x9a8 (size before relaxing)
 .debug_str     0x00001015      0x116 ./build/Debug/stm32f1xx_hal_gpio.o
                                0x3f1 (size before relaxing)
 .debug_str     0x0000112b      0x1f3 ./build/Debug/stm32f1xx_hal_rcc.o
                                0x61c (size before relaxing)
 .debug_str     0x0000131e       0x2f ./build/Debug/startup_stm32f103xe.o
                                 0x6e (size before relaxing)

.comment        0x00000000       0x49
 .comment       0x00000000       0x49 ./build/Debug/main.o
                                 0x4a (size before relaxing)
 .comment       0x00000049       0x4a ./build/Debug/stm32f1xx_hal_msp.o
 .comment       0x00000049       0x4a ./build/Debug/stm32f1xx_it.o
 .comment       0x00000049       0x4a ./build/Debug/system_stm32f1xx.o
 .comment       0x00000049       0x4a ./build/Debug/stm32f1xx_hal.o
 .comment       0x00000049       0x4a ./build/Debug/stm32f1xx_hal_cortex.o
 .comment       0x00000049       0x4a ./build/Debug/stm32f1xx_hal_gpio.o
 .comment       0x00000049       0x4a ./build/Debug/stm32f1xx_hal_rcc.o

.debug_frame    0x00000000      0x71c
 .debug_frame   0x00000000       0x78 ./build/Debug/main.o
 .debug_frame   0x00000078       0x28 ./build/Debug/stm32f1xx_hal_msp.o
 .debug_frame   0x000000a0       0xa8 ./build/Debug/stm32f1xx_it.o
 .debug_frame   0x00000148       0x30 ./build/Debug/system_stm32f1xx.o
 .debug_frame   0x00000178      0x1cc ./build/Debug/stm32f1xx_hal.o
 .debug_frame   0x00000344      0x118 ./build/Debug/stm32f1xx_hal_cortex.o
 .debug_frame   0x0000045c       0xe4 ./build/Debug/stm32f1xx_hal_gpio.o
 .debug_frame   0x00000540      0x190 ./build/Debug/stm32f1xx_hal_rcc.o
 .debug_frame   0x000006d0       0x2c c:/program files (x86)/gnu arm embedded toolchain/10 2021.10/bin/../lib/gcc/arm-none-eabi/10.3.1/../../../../arm-none-eabi/lib/thumb/v7-m/nofp\libc_nano.a(lib_a-init.o)
 .debug_frame   0x000006fc       0x20 c:/program files (x86)/gnu arm embedded toolchain/10 2021.10/bin/../lib/gcc/arm-none-eabi/10.3.1/../../../../arm-none-eabi/lib/thumb/v7-m/nofp\libc_nano.a(lib_a-memset.o)

.debug_loc      0x00000000     0x142f
 .debug_loc     0x00000000       0x15 ./build/Debug/stm32f1xx_hal_msp.o
 .debug_loc     0x00000015       0xff ./build/Debug/system_stm32f1xx.o
 .debug_loc     0x00000114      0x141 ./build/Debug/stm32f1xx_hal.o
 .debug_loc     0x00000255      0x71f ./build/Debug/stm32f1xx_hal_cortex.o
 .debug_loc     0x00000974      0x47d ./build/Debug/stm32f1xx_hal_gpio.o
 .debug_loc     0x00000df1      0x63e ./build/Debug/stm32f1xx_hal_rcc.o
