Archive member included to satisfy reference by file (symbol)

c:/program files (x86)/gnu arm embedded toolchain/10 2021.10/bin/../lib/gcc/arm-none-eabi/10.3.1/thumb/v7-m/nofp\libgcc.a(_arm_mulsf3.o)
                              ./build/Debug/pwm.o (__aeabi_fmul)
c:/program files (x86)/gnu arm embedded toolchain/10 2021.10/bin/../lib/gcc/arm-none-eabi/10.3.1/thumb/v7-m/nofp\libgcc.a(_arm_addsubdf3.o)
                              ./build/Debug/main.o (__aeabi_f2d)
c:/program files (x86)/gnu arm embedded toolchain/10 2021.10/bin/../lib/gcc/arm-none-eabi/10.3.1/thumb/v7-m/nofp\libgcc.a(_arm_addsubsf3.o)
                              ./build/Debug/pwm.o (__aeabi_fsub)
c:/program files (x86)/gnu arm embedded toolchain/10 2021.10/bin/../lib/gcc/arm-none-eabi/10.3.1/thumb/v7-m/nofp\libgcc.a(_arm_cmpsf2.o)
                              ./build/Debug/pwm.o (__aeabi_fcmple)
c:/program files (x86)/gnu arm embedded toolchain/10 2021.10/bin/../lib/gcc/arm-none-eabi/10.3.1/thumb/v7-m/nofp\libgcc.a(_arm_fixunssfsi.o)
                              ./build/Debug/pwm.o (__aeabi_f2uiz)
c:/program files (x86)/gnu arm embedded toolchain/10 2021.10/bin/../lib/gcc/arm-none-eabi/10.3.1/../../../../arm-none-eabi/lib/thumb/v7-m/nofp\libc.a(lib_a-exit.o)
                              c:/program files (x86)/gnu arm embedded toolchain/10 2021.10/bin/../lib/gcc/arm-none-eabi/10.3.1/../../../../arm-none-eabi/lib/thumb/v7-m/nofp/crt0.o (exit)
c:/program files (x86)/gnu arm embedded toolchain/10 2021.10/bin/../lib/gcc/arm-none-eabi/10.3.1/../../../../arm-none-eabi/lib/thumb/v7-m/nofp\libc.a(lib_a-impure.o)
                              c:/program files (x86)/gnu arm embedded toolchain/10 2021.10/bin/../lib/gcc/arm-none-eabi/10.3.1/../../../../arm-none-eabi/lib/thumb/v7-m/nofp\libc.a(lib_a-exit.o) (_global_impure_ptr)
c:/program files (x86)/gnu arm embedded toolchain/10 2021.10/bin/../lib/gcc/arm-none-eabi/10.3.1/../../../../arm-none-eabi/lib/thumb/v7-m/nofp\libc.a(lib_a-init.o)
                              c:/program files (x86)/gnu arm embedded toolchain/10 2021.10/bin/../lib/gcc/arm-none-eabi/10.3.1/../../../../arm-none-eabi/lib/thumb/v7-m/nofp/crt0.o (__libc_init_array)
c:/program files (x86)/gnu arm embedded toolchain/10 2021.10/bin/../lib/gcc/arm-none-eabi/10.3.1/../../../../arm-none-eabi/lib/thumb/v7-m/nofp\libc.a(lib_a-memset.o)
                              c:/program files (x86)/gnu arm embedded toolchain/10 2021.10/bin/../lib/gcc/arm-none-eabi/10.3.1/../../../../arm-none-eabi/lib/thumb/v7-m/nofp/crt0.o (memset)
c:/program files (x86)/gnu arm embedded toolchain/10 2021.10/bin/../lib/gcc/arm-none-eabi/10.3.1/../../../../arm-none-eabi/lib/thumb/v7-m/nofp\libc.a(lib_a-vsprintf.o)
                              ./build/Debug/usart.o (vsprintf)
c:/program files (x86)/gnu arm embedded toolchain/10 2021.10/bin/../lib/gcc/arm-none-eabi/10.3.1/../../../../arm-none-eabi/lib/thumb/v7-m/nofp\libc.a(lib_a-__call_atexit.o)
                              c:/program files (x86)/gnu arm embedded toolchain/10 2021.10/bin/../lib/gcc/arm-none-eabi/10.3.1/../../../../arm-none-eabi/lib/thumb/v7-m/nofp\libc.a(lib_a-exit.o) (__call_exitprocs)
c:/program files (x86)/gnu arm embedded toolchain/10 2021.10/bin/../lib/gcc/arm-none-eabi/10.3.1/../../../../arm-none-eabi/lib/thumb/v7-m/nofp\libc.a(lib_a-atexit.o)
                              c:/program files (x86)/gnu arm embedded toolchain/10 2021.10/bin/../lib/gcc/arm-none-eabi/10.3.1/../../../../arm-none-eabi/lib/thumb/v7-m/nofp\libc.a(lib_a-__call_atexit.o) (atexit)
c:/program files (x86)/gnu arm embedded toolchain/10 2021.10/bin/../lib/gcc/arm-none-eabi/10.3.1/../../../../arm-none-eabi/lib/thumb/v7-m/nofp\libc.a(lib_a-fini.o)
                              c:/program files (x86)/gnu arm embedded toolchain/10 2021.10/bin/../lib/gcc/arm-none-eabi/10.3.1/../../../../arm-none-eabi/lib/thumb/v7-m/nofp\libc.a(lib_a-__call_atexit.o) (__libc_fini_array)
c:/program files (x86)/gnu arm embedded toolchain/10 2021.10/bin/../lib/gcc/arm-none-eabi/10.3.1/../../../../arm-none-eabi/lib/thumb/v7-m/nofp\libc.a(lib_a-lock.o)
                              c:/program files (x86)/gnu arm embedded toolchain/10 2021.10/bin/../lib/gcc/arm-none-eabi/10.3.1/../../../../arm-none-eabi/lib/thumb/v7-m/nofp\libc.a(lib_a-__call_atexit.o) (__retarget_lock_acquire_recursive)
c:/program files (x86)/gnu arm embedded toolchain/10 2021.10/bin/../lib/gcc/arm-none-eabi/10.3.1/../../../../arm-none-eabi/lib/thumb/v7-m/nofp\libc.a(lib_a-svfprintf.o)
                              c:/program files (x86)/gnu arm embedded toolchain/10 2021.10/bin/../lib/gcc/arm-none-eabi/10.3.1/../../../../arm-none-eabi/lib/thumb/v7-m/nofp\libc.a(lib_a-vsprintf.o) (_svfprintf_r)
c:/program files (x86)/gnu arm embedded toolchain/10 2021.10/bin/../lib/gcc/arm-none-eabi/10.3.1/../../../../arm-none-eabi/lib/thumb/v7-m/nofp\libc.a(lib_a-__atexit.o)
[...]
Memory Configuration

Name             Origin             Length             Attributes
RAM              0x20000000         0x0000c000         xrw
FLASH            0x08000000         0x00040000         xr
*default*        0x00000000         0xffffffff

Linker script and memory map

LOAD c:/program files (x86)/gnu arm embedded toolchain/10 2021.10/bin/../lib/gcc/arm-none-eabi/10.3.1/thumb/v7-m/nofp/crti.o
LOAD c:/program files (x86)/gnu arm embedded toolchain/10 2021.10/bin/../lib/gcc/arm-none-eabi/10.3.1/thumb/v7-m/nofp/crtbegin.o
LOAD c:/program files (x86)/gnu arm embedded toolchain/10 2021.10/bin/../lib/gcc/arm-none-eabi/10.3.1/../../../../arm-none-eabi/lib/thumb/v7-m/nofp/crt0.o
LOAD ./build/Debug/delay.o
LOAD ./build/Debug/gpio.o
LOAD ./build/Debug/main.o
LOAD ./build/Debug/pwm.o
LOAD ./build/Debug/stm32f1xx_hal_msp.o
LOAD ./build/Debug/stm32f1xx_it.o
LOAD ./build/Debug/system_stm32f1xx.o
LOAD ./build/Debug/tim.o
LOAD ./build/Debug/usart.o
LOAD ./build/Debug/stm32f1xx_hal.o
LOAD ./build/Debug/stm32f1xx_hal_cortex.o
LOAD ./build/Debug/stm32f1xx_hal_dma.o
LOAD ./build/Debug/stm32f1xx_hal_exti.o
LOAD ./build/Debug/stm32f1xx_hal_flash.o
LOAD ./build/Debug/stm32f1xx_hal_flash_ex.o
LOAD ./build/Debug/stm32f1xx_hal_gpio.o
LOAD ./build/Debug/stm32f1xx_hal_gpio_ex.o
LOAD ./build/Debug/stm32f1xx_hal_pwr.o
LOAD ./build/Debug/stm32f1xx_hal_rcc.o
LOAD ./build/Debug/stm32f1xx_hal_rcc_ex.o
LOAD ./build/Debug/stm32f1xx_hal_tim.o
LOAD ./build/Debug/stm32f1xx_hal_tim_ex.o
LOAD ./build/Debug/stm32f1xx_hal_uart.o
LOAD ./build/Debug/startup_stm32f103xe.o
LOAD c:/program files (x86)/gnu arm embedded toolchain/10 2021.10/bin/../lib/gcc/arm-none-eabi/10.3.1/../../../../arm-none-eabi/lib/thumb/v7-m/nofp\libm.a
START GROUP
LOAD c:/program files (x86)/gnu arm embedded toolchain/10 2021.10/bin/../lib/gcc/arm-none-eabi/10.3.1/thumb/v7-m/nofp\libgcc.a
LOAD c:/program files (x86)/gnu arm embedded toolchain/10 2021.10/bin/../lib/gcc/arm-none-eabi/10.3.1/../../../../arm-none-eabi/lib/thumb/v7-m/nofp\libc.a
END GROUP
START GROUP
LOAD c:/program files (x86)/gnu arm embedded toolchain/10 2021.10/bin/../lib/gcc/arm-none-eabi/10.3.1/thumb/v7-m/nofp\libgcc.a
LOAD c:/program files (x86)/gnu arm embedded toolchain/10 2021.10/bin/../lib/gcc/arm-none-eabi/10.3.1/../../../../arm-none-eabi/lib/thumb/v7-m/nofp\libc.a
LOAD c:/program files (x86)/gnu arm embedded toolchain/10 2021.10/bin/../lib/gcc/arm-none-eabi/10.3.1/../../../../arm-none-eabi/lib/thumb/v7-m/nofp\libnosys.a
END GROUP
LOAD c:/program files (x86)/gnu arm embedded toolchain/10 2021.10/bin/../lib/gcc/arm-none-eabi/10.3.1/thumb/v7-m/nofp/crtend.o
LOAD c:/program files (x86)/gnu arm embedded toolchain/10 2021.10/bin/../lib/gcc/arm-none-eabi/10.3.1/thumb/v7-m/nofp/crtn.o
                0x2000c000                _estack = 0x2000c000
                0x00000200                _Min_Heap_Size = 0x200
                0x00000400                _Min_Stack_Size = 0x400

.isr_vector     0x08000000      0x1e4
                0x08000000                . = ALIGN (0x4)
 *(.isr_vector)
 .isr_vector    0x08000000      0x1e4 ./build/Debug/startup_stm32f103xe.o
                0x08000000                g_pfnVectors
                0x080001e4                . = ALIGN (0x4)

.text           0x080001e8     0x97e4
                0x080001e8                . = ALIGN (0x4)
 *(.text)
 .text          0x080001e8       0x40 c:/program files (x86)/gnu arm embedded toolchain/10 2021.10/bin/../lib/gcc/arm-none-eabi/10.3.1/thumb/v7-m/nofp/crtbegin.o
 .text          0x08000228      0x168 c:/program files (x86)/gnu arm embedded toolchain/10 2021.10/bin/../lib/gcc/arm-none-eabi/10.3.1/thumb/v7-m/nofp\libgcc.a(_arm_mulsf3.o)
                0x08000228                __aeabi_fmul
                0x08000228                __mulsf3
 .text          0x08000390      0x378 c:/program files (x86)/gnu arm embedded toolchain/10 2021.10/bin/../lib/gcc/arm-none-eabi/10.3.1/thumb/v7-m/nofp\libgcc.a(_arm_addsubdf3.o)
                0x08000390                __aeabi_drsub
                0x08000398                __aeabi_dsub
                0x08000398                __subdf3
                0x0800039c                __aeabi_dadd
                0x0800039c                __adddf3
                0x08000614                __floatunsidf
                0x08000614                __aeabi_ui2d
                0x08000634                __floatsidf
                0x08000634                __aeabi_i2d
                0x08000658                __aeabi_f2d
                0x08000658                __extendsfdf2
                0x0800069c                __floatundidf
                0x0800069c                __aeabi_ul2d
                0x080006ac                __floatdidf
                0x080006ac                __aeabi_l2d
 .text          0x08000708      0x21c c:/program files (x86)/gnu arm embedded toolchain/10 2021.10/bin/../lib/gcc/arm-none-eabi/10.3.1/thumb/v7-m/nofp\libgcc.a(_arm_addsubsf3.o)
                0x08000708                __aeabi_frsub
                0x08000710                __subsf3
                0x08000710                __aeabi_fsub
                0x08000714                __aeabi_fadd
                0x08000714                __addsf3
                0x08000874                __aeabi_ui2f
                0x08000874                __floatunsisf
                0x0800087c                __aeabi_i2f
                0x0800087c                __floatsisf
                0x08000898                __aeabi_ul2f
                0x08000898                __floatundisf
                0x080008a8                __aeabi_l2f
                0x080008a8                __floatdisf
 .text          0x08000924       0xec c:/program files (x86)/gnu arm embedded toolchain/10 2021.10/bin/../lib/gcc/arm-none-eabi/10.3.1/thumb/v7-m/nofp\libgcc.a(_arm_cmpsf2.o)
                0x08000924                __gesf2
                0x08000924                __gtsf2
                0x0800092c                __lesf2
                0x0800092c                __ltsf2
                0x08000934                __nesf2
                0x08000934                __eqsf2
                0x08000934                __cmpsf2
                0x08000994                __aeabi_cfrcmple
                0x0800099c                __aeabi_cfcmpeq
                0x0800099c                __aeabi_cfcmple
                0x080009ac                __aeabi_fcmpeq
                0x080009c0                __aeabi_fcmplt
                0x080009d4                __aeabi_fcmple
                0x080009e8                __aeabi_fcmpge
                0x080009fc                __aeabi_fcmpgt
 .text          0x08000a10       0x40 c:/program files (x86)/gnu arm embedded toolchain/10 2021.10/bin/../lib/gcc/arm-none-eabi/10.3.1/thumb/v7-m/nofp\libgcc.a(_arm_fixunssfsi.o)
                0x08000a10                __fixunssfsi
                0x08000a10                __aeabi_f2uiz
 .text          0x08000a50       0xec c:/program files (x86)/gnu arm embedded toolchain/10 2021.10/bin/../lib/gcc/arm-none-eabi/10.3.1/../../../../arm-none-eabi/lib/thumb/v7-m/nofp\libc.a(lib_a-memcpy.o)
                0x08000a50                memcpy
 .text          0x08000b3c      0x424 c:/program files (x86)/gnu arm embedded toolchain/10 2021.10/bin/../lib/gcc/arm-none-eabi/10.3.1/thumb/v7-m/nofp\libgcc.a(_arm_muldivdf3.o)
                0x08000b3c                __aeabi_dmul
                0x08000b3c                __muldf3
                0x08000d90                __divdf3
                0x08000d90                __aeabi_ddiv
 .text          0x08000f60      0x110 c:/program files (x86)/gnu arm embedded toolchain/10 2021.10/bin/../lib/gcc/arm-none-eabi/10.3.1/thumb/v7-m/nofp\libgcc.a(_arm_cmpdf2.o)
                0x08000f60                __gtdf2
                0x08000f60                __gedf2
                0x08000f68                __ltdf2
                0x08000f68                __ledf2
                0x08000f70                __nedf2
                0x08000f70                __eqdf2
                0x08000f70                __cmpdf2
                0x08000fec                __aeabi_cdrcmple
                0x08000ffc                __aeabi_cdcmpeq
                0x08000ffc                __aeabi_cdcmple
                0x0800100c                __aeabi_dcmpeq
                0x08001020                __aeabi_dcmplt
                0x08001034                __aeabi_dcmple
                0x08001048                __aeabi_dcmpge
                0x0800105c                __aeabi_dcmpgt
 .text          0x08001070       0x2c c:/program files (x86)/gnu arm embedded toolchain/10 2021.10/bin/../lib/gcc/arm-none-eabi/10.3.1/thumb/v7-m/nofp\libgcc.a(_arm_unorddf2.o)
                0x08001070                __unorddf2
                0x08001070                __aeabi_dcmpun
 .text          0x0800109c       0x50 c:/program files (x86)/gnu arm embedded toolchain/10 2021.10/bin/../lib/gcc/arm-none-eabi/10.3.1/thumb/v7-m/nofp\libgcc.a(_arm_fixdfsi.o)
                0x0800109c                __aeabi_d2iz
                0x0800109c                __fixdfsi
 .text          0x080010ec       0x30 c:/program files (x86)/gnu arm embedded toolchain/10 2021.10/bin/../lib/gcc/arm-none-eabi/10.3.1/thumb/v7-m/nofp\libgcc.a(_aeabi_uldivmod.o)
                0x080010ec                __aeabi_uldivmod
 .text          0x0800111c      0x2d4 c:/program files (x86)/gnu arm embedded toolchain/10 2021.10/bin/../lib/gcc/arm-none-eabi/10.3.1/thumb/v7-m/nofp\libgcc.a(_udivmoddi4.o)
                0x0800111c                __udivmoddi4
 .text          0x080013f0        0x4 c:/program files (x86)/gnu arm embedded toolchain/10 2021.10/bin/../lib/gcc/arm-none-eabi/10.3.1/thumb/v7-m/nofp\libgcc.a(_dvmd_tls.o)
                0x080013f0                __aeabi_idiv0
                0x080013f0                __aeabi_ldiv0
 *(.text*)
 .text.delay_init
                0x080013f4       0x34 ./build/Debug/delay.o
                0x080013f4                delay_init
 .text.delay_ms
                0x08001428       0x40 ./build/Debug/delay.o
                0x08001428                delay_ms
 .text.MX_GPIO_Init
                0x08001468       0xf4 ./build/Debug/gpio.o
                0x08001468                MX_GPIO_Init
 .text.HAL_TIM_PeriodElapsedCallback
                0x0800155c       0x10 ./build/Debug/main.o
                0x0800155c                HAL_TIM_PeriodElapsedCallback
 .text.SystemClock_Config
                0x0800156c       0x6c ./build/Debug/main.o
                0x0800156c                SystemClock_Config
 .text.startup.main
                0x080015d8      0x134 ./build/Debug/main.o
                0x080015d8                main
 .text.Error_Handler
                0x0800170c        0x4 ./build/Debug/main.o
                0x0800170c                Error_Handler
 .text.TIM_PID_Callback
                0x08001710      0x500 ./build/Debug/pwm.o
                0x08001710                TIM_PID_Callback
 .text.HAL_MspInit
                0x08001c10       0x44 ./build/Debug/stm32f1xx_hal_msp.o
                0x08001c10                HAL_MspInit
 .text.NMI_Handler
                0x08001c54        0x4 ./build/Debug/stm32f1xx_it.o
                0x08001c54                NMI_Handler
 .text.HardFault_Handler
                0x08001c58        0x4 ./build/Debug/stm32f1xx_it.o
                0x08001c58                HardFault_Handler
 .text.MemManage_Handler
                0x08001c5c        0x4 ./build/Debug/stm32f1xx_it.o
                0x08001c5c                MemManage_Handler
 .text.BusFault_Handler
                0x08001c60        0x4 ./build/Debug/stm32f1xx_it.o
                0x08001c60                BusFault_Handler
 .text.UsageFault_Handler
                0x08001c64        0x4 ./build/Debug/stm32f1xx_it.o
                0x08001c64                UsageFault_Handler
 .text.SVC_Handler
                0x08001c68        0x4 ./build/Debug/stm32f1xx_it.o
                0x08001c68                SVC_Handler
 .text.DebugMon_Handler
                0x08001c6c        0x4 ./build/Debug/stm32f1xx_it.o
                0x08001c6c                DebugMon_Handler
 .text.PendSV_Handler
                0x08001c70        0x4 ./build/Debug/stm32f1xx_it.o
                0x08001c70                PendSV_Handler
 .text.SysTick_Handler
                0x08001c74        0x4 ./build/Debug/stm32f1xx_it.o
                0x08001c74                SysTick_Handler
 .text.TIM2_IRQHandler
                0x08001c78        0xc ./build/Debug/stm32f1xx_it.o
                0x08001c78                TIM2_IRQHandler
 .text.SystemInit
                0x08001c84        0x4 ./build/Debug/system_stm32f1xx.o
                0x08001c84                SystemInit
 .text.MX_TIM1_Init
                0x08001c88      0x178 ./build/Debug/tim.o
                0x08001c88                MX_TIM1_Init
 .text.MX_TIM2_Init
                0x08001e00       0x70 ./build/Debug/tim.o
                0x08001e00                MX_TIM2_Init
 .text.MX_TIM3_Init
                0x08001e70       0x68 ./build/Debug/tim.o
                0x08001e70                MX_TIM3_Init
 .text.MX_TIM4_Init
                0x08001ed8       0x68 ./build/Debug/tim.o
                0x08001ed8                MX_TIM4_Init
 .text.MX_TIM5_Init
                0x08001f40       0x68 ./build/Debug/tim.o
                0x08001f40                MX_TIM5_Init
 .text.MX_TIM8_Init
                0x08001fa8       0x68 ./build/Debug/tim.o
                0x08001fa8                MX_TIM8_Init
 .text.HAL_TIM_Base_MspInit
                0x08002010       0x68 ./build/Debug/tim.o
                0x08002010                HAL_TIM_Base_MspInit
 .text.HAL_TIM_Encoder_MspInit
                0x08002078      0x12c ./build/Debug/tim.o
                0x08002078                HAL_TIM_Encoder_MspInit
 .text.MX_USART2_UART_Init
                0x080021a4       0x38 ./build/Debug/usart.o
                0x080021a4                MX_USART2_UART_Init
 .text.HAL_UART_MspInit
                0x080021dc       0x74 ./build/Debug/usart.o
                0x080021dc                HAL_UART_MspInit
 .text.uprintf  0x08002250       0x30 ./build/Debug/usart.o
                0x08002250                uprintf
 .text.HAL_InitTick
                0x08002280       0x48 ./build/Debug/stm32f1xx_hal.o
                0x08002280                HAL_InitTick
 .text.HAL_Init
                0x080022c8       0x24 ./build/Debug/stm32f1xx_hal.o
                0x080022c8                HAL_Init
 .text.HAL_IncTick
                0x080022ec       0x18 ./build/Debug/stm32f1xx_hal.o
                0x080022ec                HAL_IncTick
 .text.HAL_GetTick
                0x08002304        0xc ./build/Debug/stm32f1xx_hal.o
                0x08002304                HAL_GetTick
 .text.HAL_NVIC_SetPriorityGrouping
                0x08002310       0x24 ./build/Debug/stm32f1xx_hal_cortex.o
                0x08002310                HAL_NVIC_SetPriorityGrouping
 .text.HAL_NVIC_SetPriority
                0x08002334       0x7c ./build/Debug/stm32f1xx_hal_cortex.o
                0x08002334                HAL_NVIC_SetPriority
 .text.HAL_NVIC_EnableIRQ
                0x080023b0       0x1c ./build/Debug/stm32f1xx_hal_cortex.o
                0x080023b0                HAL_NVIC_EnableIRQ
 .text.HAL_SYSTICK_Config
                0x080023cc       0x30 ./build/Debug/stm32f1xx_hal_cortex.o
                0x080023cc                HAL_SYSTICK_Config
 .text.HAL_GPIO_Init
                0x080023fc      0x250 ./build/Debug/stm32f1xx_hal_gpio.o
                0x080023fc                HAL_GPIO_Init
 .text.HAL_GPIO_ReadPin
                0x0800264c        0xc ./build/Debug/stm32f1xx_hal_gpio.o
                0x0800264c                HAL_GPIO_ReadPin
 .text.HAL_GPIO_WritePin
                0x08002658        0x8 ./build/Debug/stm32f1xx_hal_gpio.o
                0x08002658                HAL_GPIO_WritePin
 .text.HAL_GPIO_TogglePin
                0x08002660       0x14 ./build/Debug/stm32f1xx_hal_gpio.o
                0x08002660                HAL_GPIO_TogglePin
 .text.HAL_RCC_OscConfig
                0x08002674      0x3e0 ./build/Debug/stm32f1xx_hal_rcc.o
                0x08002674                HAL_RCC_OscConfig
 .text.HAL_RCC_ClockConfig
                0x08002a54      0x1a0 ./build/Debug/stm32f1xx_hal_rcc.o
                0x08002a54                HAL_RCC_ClockConfig
 .text.HAL_RCC_GetPCLK1Freq
                0x08002bf4       0x20 ./build/Debug/stm32f1xx_hal_rcc.o
                0x08002bf4                HAL_RCC_GetPCLK1Freq
 .text.HAL_RCC_GetPCLK2Freq
                0x08002c14       0x20 ./build/Debug/stm32f1xx_hal_rcc.o
                0x08002c14                HAL_RCC_GetPCLK2Freq
 .text.HAL_TIM_Base_Init
                0x08002c34       0xec ./build/Debug/stm32f1xx_hal_tim.o
                0x08002c34                HAL_TIM_Base_Init
 .text.HAL_TIM_Base_Start_IT
                0x08002d20       0x68 ./build/Debug/stm32f1xx_hal_tim.o
                0x08002d20                HAL_TIM_Base_Start_IT
 .text.HAL_TIM_PWM_MspInit
                0x08002d88        0x4 ./build/Debug/stm32f1xx_hal_tim.o
                0x08002d88                HAL_TIM_PWM_MspInit
 .text.HAL_TIM_PWM_Init
                0x08002d8c       0xec ./build/Debug/stm32f1xx_hal_tim.o
                0x08002d8c                HAL_TIM_PWM_Init
 .text.HAL_TIM_PWM_Start
                0x08002e78       0xd4 ./build/Debug/stm32f1xx_hal_tim.o
                0x08002e78                HAL_TIM_PWM_Start
 .text.HAL_TIM_Encoder_Init
                0x08002f4c      0x128 ./build/Debug/stm32f1xx_hal_tim.o
                0x08002f4c                HAL_TIM_Encoder_Init
 .text.HAL_TIM_Encoder_Start
                0x08003074       0xc4 ./build/Debug/stm32f1xx_hal_tim.o
                0x08003074                HAL_TIM_Encoder_Start
 .text.HAL_TIM_PWM_ConfigChannel
                0x08003138      0x21c ./build/Debug/stm32f1xx_hal_tim.o
                0x08003138                HAL_TIM_PWM_ConfigChannel
 .text.HAL_TIM_ConfigClockSource
                0x08003354      0x14c ./build/Debug/stm32f1xx_hal_tim.o
                0x08003354                HAL_TIM_ConfigClockSource
 .text.HAL_TIM_OC_DelayElapsedCallback
                0x080034a0        0x4 ./build/Debug/stm32f1xx_hal_tim.o
                0x080034a0                HAL_TIM_OC_DelayElapsedCallback
 .text.HAL_TIM_IC_CaptureCallback
                0x080034a4        0x4 ./build/Debug/stm32f1xx_hal_tim.o
                0x080034a4                HAL_TIM_IC_CaptureCallback
 .text.HAL_TIM_PWM_PulseFinishedCallback
                0x080034a8        0x4 ./build/Debug/stm32f1xx_hal_tim.o
                0x080034a8                HAL_TIM_PWM_PulseFinishedCallback
 .text.HAL_TIM_TriggerCallback
                0x080034ac        0x4 ./build/Debug/stm32f1xx_hal_tim.o
                0x080034ac                HAL_TIM_TriggerCallback
 .text.HAL_TIM_IRQHandler
                0x080034b0      0x154 ./build/Debug/stm32f1xx_hal_tim.o
                0x080034b0                HAL_TIM_IRQHandler
 .text.HAL_TIMEx_MasterConfigSynchronization
                0x08003604       0x74 ./build/Debug/stm32f1xx_hal_tim_ex.o
                0x08003604                HAL_TIMEx_MasterConfigSynchronization
 .text.HAL_TIMEx_ConfigBreakDeadTime
                0x08003678       0x54 ./build/Debug/stm32f1xx_hal_tim_ex.o
                0x08003678                HAL_TIMEx_ConfigBreakDeadTime
 .text.HAL_TIMEx_CommutCallback
                0x080036cc        0x4 ./build/Debug/stm32f1xx_hal_tim_ex.o
                0x080036cc                HAL_TIMEx_CommutCallback
 .text.HAL_TIMEx_BreakCallback
                0x080036d0        0x4 ./build/Debug/stm32f1xx_hal_tim_ex.o
                0x080036d0                HAL_TIMEx_BreakCallback
 .text.HAL_UART_Init
                0x080036d4       0xdc ./build/Debug/stm32f1xx_hal_uart.o
                0x080036d4                HAL_UART_Init
 .text.HAL_UART_Transmit
                0x080037b0      0x110 ./build/Debug/stm32f1xx_hal_uart.o
                0x080037b0                HAL_UART_Transmit
 .text.Reset_Handler
                0x080038c0       0x48 ./build/Debug/startup_stm32f103xe.o
                0x080038c0                Reset_Handler
 .text.Default_Handler
                0x08003908        0x2 ./build/Debug/startup_stm32f103xe.o
                0x08003908                RTC_Alarm_IRQHandler
                0x08003908                EXTI2_IRQHandler
                0x08003908                TIM8_TRG_COM_IRQHandler
                0x08003908                TIM8_CC_IRQHandler
                0x08003908                TIM1_CC_IRQHandler
                0x08003908                TIM6_IRQHandler
                0x08003908                PVD_IRQHandler
                0x08003908                SDIO_IRQHandler
                0x08003908                EXTI3_IRQHandler
                0x08003908                EXTI0_IRQHandler
                0x08003908                I2C2_EV_IRQHandler
                0x08003908                ADC1_2_IRQHandler
                0x08003908                SPI1_IRQHandler
                0x08003908                TAMPER_IRQHandler
                0x08003908                TIM8_UP_IRQHandler
                0x08003908                DMA2_Channel2_IRQHandler
                0x08003908                DMA1_Channel4_IRQHandler
                0x08003908                USART3_IRQHandler
                0x08003908                RTC_IRQHandler
                0x08003908                DMA1_Channel7_IRQHandler
                0x08003908                CAN1_RX1_IRQHandler
                0x08003908                UART5_IRQHandler
                0x08003908                ADC3_IRQHandler
                0x08003908                TIM4_IRQHandler
                0x08003908                DMA2_Channel1_IRQHandler
                0x08003908                I2C1_EV_IRQHandler
                0x08003908                DMA1_Channel6_IRQHandler
                0x08003908                UART4_IRQHandler
                0x08003908                TIM3_IRQHandler
                0x08003908                RCC_IRQHandler
                0x08003908                TIM1_TRG_COM_IRQHandler
                0x08003908                DMA1_Channel1_IRQHandler
                0x08003908                Default_Handler
                0x08003908                EXTI15_10_IRQHandler
                0x08003908                TIM7_IRQHandler
                0x08003908                TIM5_IRQHandler
                0x08003908                EXTI9_5_IRQHandler
                0x08003908                SPI2_IRQHandler
                0x08003908                DMA1_Channel5_IRQHandler
                0x08003908                EXTI4_IRQHandler
                0x08003908                USB_LP_CAN1_RX0_IRQHandler
                0x08003908                USB_HP_CAN1_TX_IRQHandler
                0x08003908                DMA1_Channel3_IRQHandler
                0x08003908                FSMC_IRQHandler
                0x08003908                TIM1_UP_IRQHandler
                0x08003908                WWDG_IRQHandler
                0x08003908                TIM1_BRK_IRQHandler
                0x08003908                EXTI1_IRQHandler
                0x08003908                DMA2_Channel4_5_IRQHandler
                0x08003908                USART2_IRQHandler
                0x08003908                I2C2_ER_IRQHandler
                0x08003908                DMA1_Channel2_IRQHandler
                0x08003908                TIM8_BRK_IRQHandler
                0x08003908                CAN1_SCE_IRQHandler
                0x08003908                FLASH_IRQHandler
                0x08003908                USART1_IRQHandler
                0x08003908                SPI3_IRQHandler
                0x08003908                I2C1_ER_IRQHandler
                0x08003908                USBWakeUp_IRQHandler
                0x08003908                DMA2_Channel3_IRQHandler
 *fill*         0x0800390a        0x2 
 .text.__libc_init_array
                0x0800390c       0x48 c:/program files (x86)/gnu arm embedded toolchain/10 2021.10/bin/../lib/gcc/arm-none-eabi/10.3.1/../../../../arm-none-eabi/lib/thumb/v7-m/nofp\libc.a(lib_a-init.o)
                0x0800390c                __libc_init_array
 .text.memset   0x08003954       0xa4 c:/program files (x86)/gnu arm embedded toolchain/10 2021.10/bin/../lib/gcc/arm-none-eabi/10.3.1/../../../../arm-none-eabi/lib/thumb/v7-m/nofp\libc.a(lib_a-memset.o)
                0x08003954                memset
 .text.vsprintf
                0x080039f8       0x38 c:/program files (x86)/gnu arm embedded toolchain/10 2021.10/bin/../lib/gcc/arm-none-eabi/10.3.1/../../../../arm-none-eabi/lib/thumb/v7-m/nofp\libc.a(lib_a-vsprintf.o)
                0x080039f8                vsprintf
 .text.startup.register_fini
                0x08003a30       0x14 c:/program files (x86)/gnu arm embedded toolchain/10 2021.10/bin/../lib/gcc/arm-none-eabi/10.3.1/../../../../arm-none-eabi/lib/thumb/v7-m/nofp\libc.a(lib_a-__call_atexit.o)
 .text.atexit   0x08003a44        0xc c:/program files (x86)/gnu arm embedded toolchain/10 2021.10/bin/../lib/gcc/arm-none-eabi/10.3.1/../../../../arm-none-eabi/lib/thumb/v7-m/nofp\libc.a(lib_a-atexit.o)
                0x08003a44                atexit
 .text.__libc_fini_array
                0x08003a50       0x2c c:/program files (x86)/gnu arm embedded toolchain/10 2021.10/bin/../lib/gcc/arm-none-eabi/10.3.1/../../../../arm-none-eabi/lib/thumb/v7-m/nofp\libc.a(lib_a-fini.o)
                0x08003a50                __libc_fini_array
 .text.__retarget_lock_init_recursive
                0x08003a7c        0x4 c:/program files (x86)/gnu arm embedded toolchain/10 2021.10/bin/../lib/gcc/arm-none-eabi/10.3.1/../../../../arm-none-eabi/lib/thumb/v7-m/nofp\libc.a(lib_a-lock.o)
                0x08003a7c                __retarget_lock_init_recursive
 .text.__retarget_lock_close_recursive
                0x08003a80        0x4 c:/program files (x86)/gnu arm embedded toolchain/10 2021.10/bin/../lib/gcc/arm-none-eabi/10.3.1/../../../../arm-none-eabi/lib/thumb/v7-m/nofp\libc.a(lib_a-lock.o)
                0x08003a80                __retarget_lock_close_recursive
 .text.__retarget_lock_acquire_recursive
                0x08003a84        0x4 c:/program files (x86)/gnu arm embedded toolchain/10 2021.10/bin/../lib/gcc/arm-none-eabi/10.3.1/../../../../arm-none-eabi/lib/thumb/v7-m/nofp\libc.a(lib_a-lock.o)
                0x08003a84                __retarget_lock_acquire_recursive
 .text.__retarget_lock_release_recursive
                0x08003a88        0x4 c:/program files (x86)/gnu arm embedded toolchain/10 2021.10/bin/../lib/gcc/arm-none-eabi/10.3.1/../../../../arm-none-eabi/lib/thumb/v7-m/nofp\libc.a(lib_a-lock.o)
                0x08003a88                __retarget_lock_release_recursive
 .text._svfprintf_r
                0x08003a8c     0x1aa4 c:/program files (x86)/gnu arm embedded toolchain/10 2021.10/bin/../lib/gcc/arm-none-eabi/10.3.1/../../../../arm-none-eabi/lib/thumb/v7-m/nofp\libc.a(lib_a-svfprintf.o)
                0x08003a8c                _svfprintf_r
 .text.__register_exitproc
                0x08005530       0x8c c:/program files (x86)/gnu arm embedded toolchain/10 2021.10/bin/../lib/gcc/arm-none-eabi/10.3.1/../../../../arm-none-eabi/lib/thumb/v7-m/nofp\libc.a(lib_a-__atexit.o)
                0x08005530                __register_exitproc
 .text.quorem   0x080055bc      0x12c c:/program files (x86)/gnu arm embedded toolchain/10 2021.10/bin/../lib/gcc/arm-none-eabi/10.3.1/../../../../arm-none-eabi/lib/thumb/v7-m/nofp\libc.a(lib_a-dtoa.o)
 .text._dtoa_r  0x080056e8      0xecc c:/program files (x86)/gnu arm embedded toolchain/10 2021.10/bin/../lib/gcc/arm-none-eabi/10.3.1/../../../../arm-none-eabi/lib/thumb/v7-m/nofp\libc.a(lib_a-dtoa.o)
                0x080056e8                _dtoa_r
 .text._malloc_trim_r
                0x080065b4       0xa0 c:/program files (x86)/gnu arm embedded toolchain/10 2021.10/bin/../lib/gcc/arm-none-eabi/10.3.1/../../../../arm-none-eabi/lib/thumb/v7-m/nofp\libc.a(lib_a-freer.o)
                0x080065b4                _malloc_trim_r
 .text._free_r  0x08006654      0x200 c:/program files (x86)/gnu arm embedded toolchain/10 2021.10/bin/../lib/gcc/arm-none-eabi/10.3.1/../../../../arm-none-eabi/lib/thumb/v7-m/nofp\libc.a(lib_a-freer.o)
                0x08006654                _free_r
 .text._localeconv_r
                0x08006854        0x8 c:/program files (x86)/gnu arm embedded toolchain/10 2021.10/bin/../lib/gcc/arm-none-eabi/10.3.1/../../../../arm-none-eabi/lib/thumb/v7-m/nofp\libc.a(lib_a-localeconv.o)
                0x08006854                _localeconv_r
 .text._malloc_r
                0x0800685c      0x558 c:/program files (x86)/gnu arm embedded toolchain/10 2021.10/bin/../lib/gcc/arm-none-eabi/10.3.1/../../../../arm-none-eabi/lib/thumb/v7-m/nofp\libc.a(lib_a-mallocr.o)
                0x0800685c                _malloc_r
 .text.memchr   0x08006db4       0x90 c:/program files (x86)/gnu arm embedded toolchain/10 2021.10/bin/../lib/gcc/arm-none-eabi/10.3.1/../../../../arm-none-eabi/lib/thumb/v7-m/nofp\libc.a(lib_a-memchr-stub.o)
                0x08006db4                memchr
 .text.__malloc_lock
                0x08006e44        0xc c:/program files (x86)/gnu arm embedded toolchain/10 2021.10/bin/../lib/gcc/arm-none-eabi/10.3.1/../../../../arm-none-eabi/lib/thumb/v7-m/nofp\libc.a(lib_a-mlock.o)
                0x08006e44                __malloc_lock
 .text.__malloc_unlock
                0x08006e50        0xc c:/program files (x86)/gnu arm embedded toolchain/10 2021.10/bin/../lib/gcc/arm-none-eabi/10.3.1/../../../../arm-none-eabi/lib/thumb/v7-m/nofp\libc.a(lib_a-mlock.o)
                0x08006e50                __malloc_unlock
 .text._Balloc  0x08006e5c       0x4c c:/program files (x86)/gnu arm embedded toolchain/10 2021.10/bin/../lib/gcc/arm-none-eabi/10.3.1/../../../../arm-none-eabi/lib/thumb/v7-m/nofp\libc.a(lib_a-mprec.o)
                0x08006e5c                _Balloc
 .text._Bfree   0x08006ea8       0x14 c:/program files (x86)/gnu arm embedded toolchain/10 2021.10/bin/../lib/gcc/arm-none-eabi/10.3.1/../../../../arm-none-eabi/lib/thumb/v7-m/nofp\libc.a(lib_a-mprec.o)
                0x08006ea8                _Bfree
 .text.__multadd
                0x08006ebc       0xa4 c:/program files (x86)/gnu arm embedded toolchain/10 2021.10/bin/../lib/gcc/arm-none-eabi/10.3.1/../../../../arm-none-eabi/lib/thumb/v7-m/nofp\libc.a(lib_a-mprec.o)
                0x08006ebc                __multadd
 .text.__hi0bits
                0x08006f60       0x40 c:/program files (x86)/gnu arm embedded toolchain/10 2021.10/bin/../lib/gcc/arm-none-eabi/10.3.1/../../../../arm-none-eabi/lib/thumb/v7-m/nofp\libc.a(lib_a-mprec.o)
                0x08006f60                __hi0bits
 .text.__lo0bits
                0x08006fa0       0x58 c:/program files (x86)/gnu arm embedded toolchain/10 2021.10/bin/../lib/gcc/arm-none-eabi/10.3.1/../../../../arm-none-eabi/lib/thumb/v7-m/nofp\libc.a(lib_a-mprec.o)
                0x08006fa0                __lo0bits
 .text.__i2b    0x08006ff8       0x5c c:/program files (x86)/gnu arm embedded toolchain/10 2021.10/bin/../lib/gcc/arm-none-eabi/10.3.1/../../../../arm-none-eabi/lib/thumb/v7-m/nofp\libc.a(lib_a-mprec.o)
                0x08006ff8                __i2b
 .text.__multiply
                0x08007054      0x15c c:/program files (x86)/gnu arm embedded toolchain/10 2021.10/bin/../lib/gcc/arm-none-eabi/10.3.1/../../../../arm-none-eabi/lib/thumb/v7-m/nofp\libc.a(lib_a-mprec.o)
                0x08007054                __multiply
 .text.__pow5mult
                0x080071b0       0xb8 c:/program files (x86)/gnu arm embedded toolchain/10 2021.10/bin/../lib/gcc/arm-none-eabi/10.3.1/../../../../arm-none-eabi/lib/thumb/v7-m/nofp\libc.a(lib_a-mprec.o)
                0x080071b0                __pow5mult
 .text.__lshift
                0x08007268       0xec c:/program files (x86)/gnu arm embedded toolchain/10 2021.10/bin/../lib/gcc/arm-none-eabi/10.3.1/../../../../arm-none-eabi/lib/thumb/v7-m/nofp\libc.a(lib_a-mprec.o)
                0x08007268                __lshift
 .text.__mcmp   0x08007354       0x40 c:/program files (x86)/gnu arm embedded toolchain/10 2021.10/bin/../lib/gcc/arm-none-eabi/10.3.1/../../../../arm-none-eabi/lib/thumb/v7-m/nofp\libc.a(lib_a-mprec.o)
                0x08007354                __mcmp
 .text.__mdiff  0x08007394      0x14c c:/program files (x86)/gnu arm embedded toolchain/10 2021.10/bin/../lib/gcc/arm-none-eabi/10.3.1/../../../../arm-none-eabi/lib/thumb/v7-m/nofp\libc.a(lib_a-mprec.o)
                0x08007394                __mdiff
 .text.__d2b    0x080074e0       0xc4 c:/program files (x86)/gnu arm embedded toolchain/10 2021.10/bin/../lib/gcc/arm-none-eabi/10.3.1/../../../../arm-none-eabi/lib/thumb/v7-m/nofp\libc.a(lib_a-mprec.o)
                0x080074e0                __d2b
 .text.frexp    0x080075a4       0x70 c:/program files (x86)/gnu arm embedded toolchain/10 2021.10/bin/../lib/gcc/arm-none-eabi/10.3.1/../../../../arm-none-eabi/lib/thumb/v7-m/nofp\libc.a(lib_a-s_frexp.o)
                0x080075a4                frexp
 .text._sbrk_r  0x08007614       0x24 c:/program files (x86)/gnu arm embedded toolchain/10 2021.10/bin/../lib/gcc/arm-none-eabi/10.3.1/../../../../arm-none-eabi/lib/thumb/v7-m/nofp\libc.a(lib_a-sbrkr.o)
                0x08007614                _sbrk_r
 .text.strlen   0x08007638       0x5c c:/program files (x86)/gnu arm embedded toolchain/10 2021.10/bin/../lib/gcc/arm-none-eabi/10.3.1/../../../../arm-none-eabi/lib/thumb/v7-m/nofp\libc.a(lib_a-strlen-stub.o)
                0x08007638                strlen
 .text.strncpy  0x08007694       0x68 c:/program files (x86)/gnu arm embedded toolchain/10 2021.10/bin/../lib/gcc/arm-none-eabi/10.3.1/../../../../arm-none-eabi/lib/thumb/v7-m/nofp\libc.a(lib_a-strncpy.o)
                0x08007694                strncpy
 .text.__ssprint_r
                0x080076fc       0xfc c:/program files (x86)/gnu arm embedded toolchain/10 2021.10/bin/../lib/gcc/arm-none-eabi/10.3.1/../../../../arm-none-eabi/lib/thumb/v7-m/nofp\libc.a(lib_a-svfiprintf.o)
                0x080076fc                __ssprint_r
 .text.__assert_func
                0x080077f8       0x40 c:/program files (x86)/gnu arm embedded toolchain/10 2021.10/bin/../lib/gcc/arm-none-eabi/10.3.1/../../../../arm-none-eabi/lib/thumb/v7-m/nofp\libc.a(lib_a-assert.o)
                0x080077f8                __assert_func
 .text._calloc_r
                0x08007838       0x78 c:/program files (x86)/gnu arm embedded toolchain/10 2021.10/bin/../lib/gcc/arm-none-eabi/10.3.1/../../../../arm-none-eabi/lib/thumb/v7-m/nofp\libc.a(lib_a-callocr.o)
                0x08007838                _calloc_r
 .text.__errno  0x080078b0        0xc c:/program files (x86)/gnu arm embedded toolchain/10 2021.10/bin/../lib/gcc/arm-none-eabi/10.3.1/../../../../arm-none-eabi/lib/thumb/v7-m/nofp\libc.a(lib_a-errno.o)
                0x080078b0                __errno
 .text.fiprintf
                0x080078bc       0x28 c:/program files (x86)/gnu arm embedded toolchain/10 2021.10/bin/../lib/gcc/arm-none-eabi/10.3.1/../../../../arm-none-eabi/lib/thumb/v7-m/nofp\libc.a(lib_a-fiprintf.o)
                0x080078bc                fiprintf
 .text.__locale_mb_cur_max
                0x080078e4        0xc c:/program files (x86)/gnu arm embedded toolchain/10 2021.10/bin/../lib/gcc/arm-none-eabi/10.3.1/../../../../arm-none-eabi/lib/thumb/v7-m/nofp\libc.a(lib_a-locale.o)
                0x080078e4                __locale_mb_cur_max
 .text.__ascii_mbtowc
                0x080078f0       0x2c c:/program files (x86)/gnu arm embedded toolchain/10 2021.10/bin/../lib/gcc/arm-none-eabi/10.3.1/../../../../arm-none-eabi/lib/thumb/v7-m/nofp\libc.a(lib_a-mbtowc_r.o)
                0x080078f0                __ascii_mbtowc
 .text.memmove  0x0800791c       0xf8 c:/program files (x86)/gnu arm embedded toolchain/10 2021.10/bin/../lib/gcc/arm-none-eabi/10.3.1/../../../../arm-none-eabi/lib/thumb/v7-m/nofp\libc.a(lib_a-memmove.o)
                0x0800791c                memmove
 .text._realloc_r
                0x08007a14      0x3dc c:/program files (x86)/gnu arm embedded toolchain/10 2021.10/bin/../lib/gcc/arm-none-eabi/10.3.1/../../../../arm-none-eabi/lib/thumb/v7-m/nofp\libc.a(lib_a-reallocr.o)
                0x08007a14                _realloc_r
 .text.__sprint_r.part.0
                0x08007df0       0x78 c:/program files (x86)/gnu arm embedded toolchain/10 2021.10/bin/../lib/gcc/arm-none-eabi/10.3.1/../../../../arm-none-eabi/lib/thumb/v7-m/nofp\libc.a(lib_a-vfiprintf.o)
 .text._vfiprintf_r
                0x08007e68      0xd98 c:/program files (x86)/gnu arm embedded toolchain/10 2021.10/bin/../lib/gcc/arm-none-eabi/10.3.1/../../../../arm-none-eabi/lib/thumb/v7-m/nofp\libc.a(lib_a-vfiprintf.o)
                0x08007e68                _vfiprintf_r
 .text.__sbprintf
                0x08008c00       0x84 c:/program files (x86)/gnu arm embedded toolchain/10 2021.10/bin/../lib/gcc/arm-none-eabi/10.3.1/../../../../arm-none-eabi/lib/thumb/v7-m/nofp\libc.a(lib_a-vfiprintf.o)
 .text.__ascii_wctomb
                0x08008c84       0x1c c:/program files (x86)/gnu arm embedded toolchain/10 2021.10/bin/../lib/gcc/arm-none-eabi/10.3.1/../../../../arm-none-eabi/lib/thumb/v7-m/nofp\libc.a(lib_a-wctomb_r.o)
                0x08008c84                __ascii_wctomb
 .text.__swsetup_r
                0x08008ca0       0xd4 c:/program files (x86)/gnu arm embedded toolchain/10 2021.10/bin/../lib/gcc/arm-none-eabi/10.3.1/../../../../arm-none-eabi/lib/thumb/v7-m/nofp\libc.a(lib_a-wsetup.o)
                0x08008ca0                __swsetup_r
 .text.abort    0x08008d74       0x10 c:/program files (x86)/gnu arm embedded toolchain/10 2021.10/bin/../lib/gcc/arm-none-eabi/10.3.1/../../../../arm-none-eabi/lib/thumb/v7-m/nofp\libc.a(lib_a-abort.o)
                0x08008d74                abort
 .text.__sflush_r
                0x08008d84      0x124 c:/program files (x86)/gnu arm embedded toolchain/10 2021.10/bin/../lib/gcc/arm-none-eabi/10.3.1/../../../../arm-none-eabi/lib/thumb/v7-m/nofp\libc.a(lib_a-fflush.o)
                0x08008d84                __sflush_r
 .text._fflush_r
                0x08008ea8       0x5c c:/program files (x86)/gnu arm embedded toolchain/10 2021.10/bin/../lib/gcc/arm-none-eabi/10.3.1/../../../../arm-none-eabi/lib/thumb/v7-m/nofp\libc.a(lib_a-fflush.o)
                0x08008ea8                _fflush_r
 .text._cleanup_r
                0x08008f04        0xc c:/program files (x86)/gnu arm embedded toolchain/10 2021.10/bin/../lib/gcc/arm-none-eabi/10.3.1/../../../../arm-none-eabi/lib/thumb/v7-m/nofp\libc.a(lib_a-findfp.o)
                0x08008f04                _cleanup_r
 .text.__sinit  0x08008f10      0x10c c:/program files (x86)/gnu arm embedded toolchain/10 2021.10/bin/../lib/gcc/arm-none-eabi/10.3.1/../../../../arm-none-eabi/lib/thumb/v7-m/nofp\libc.a(lib_a-findfp.o)
                0x08008f10                __sinit
 .text.__sfp_lock_acquire
                0x0800901c        0xc c:/program files (x86)/gnu arm embedded toolchain/10 2021.10/bin/../lib/gcc/arm-none-eabi/10.3.1/../../../../arm-none-eabi/lib/thumb/v7-m/nofp\libc.a(lib_a-findfp.o)
                0x0800901c                __sfp_lock_acquire
 .text.__sfp_lock_release
                0x08009028        0xc c:/program files (x86)/gnu arm embedded toolchain/10 2021.10/bin/../lib/gcc/arm-none-eabi/10.3.1/../../../../arm-none-eabi/lib/thumb/v7-m/nofp\libc.a(lib_a-findfp.o)
                0x08009028                __sfp_lock_release
 .text.__fputwc
                0x08009034       0xa0 c:/program files (x86)/gnu arm embedded toolchain/10 2021.10/bin/../lib/gcc/arm-none-eabi/10.3.1/../../../../arm-none-eabi/lib/thumb/v7-m/nofp\libc.a(lib_a-fputwc.o)
                0x08009034                __fputwc
 .text._fputwc_r
                0x080090d4       0x68 c:/program files (x86)/gnu arm embedded toolchain/10 2021.10/bin/../lib/gcc/arm-none-eabi/10.3.1/../../../../arm-none-eabi/lib/thumb/v7-m/nofp\libc.a(lib_a-fputwc.o)
                0x080090d4                _fputwc_r
 .text.__sfvwrite_r
                0x0800913c      0x2f0 c:/program files (x86)/gnu arm embedded toolchain/10 2021.10/bin/../lib/gcc/arm-none-eabi/10.3.1/../../../../arm-none-eabi/lib/thumb/v7-m/nofp\libc.a(lib_a-fvwrite.o)
                0x0800913c                __sfvwrite_r
 .text._fwalk_reent
                0x0800942c       0x48 c:/program files (x86)/gnu arm embedded toolchain/10 2021.10/bin/../lib/gcc/arm-none-eabi/10.3.1/../../../../arm-none-eabi/lib/thumb/v7-m/nofp\libc.a(lib_a-fwalk.o)
                0x0800942c                _fwalk_reent
 .text.__smakebuf_r
                0x08009474       0xe0 c:/program files (x86)/gnu arm embedded toolchain/10 2021.10/bin/../lib/gcc/arm-none-eabi/10.3.1/../../../../arm-none-eabi/lib/thumb/v7-m/nofp\libc.a(lib_a-makebuf.o)
                0x08009474                __smakebuf_r
 .text.raise    0x08009554       0x5c c:/program files (x86)/gnu arm embedded toolchain/10 2021.10/bin/../lib/gcc/arm-none-eabi/10.3.1/../../../../arm-none-eabi/lib/thumb/v7-m/nofp\libc.a(lib_a-signal.o)
                0x08009554                raise
 .text._kill_r  0x080095b0       0x28 c:/program files (x86)/gnu arm embedded toolchain/10 2021.10/bin/../lib/gcc/arm-none-eabi/10.3.1/../../../../arm-none-eabi/lib/thumb/v7-m/nofp\libc.a(lib_a-signalr.o)
                0x080095b0                _kill_r
 .text._getpid_r
                0x080095d8        0x4 c:/program files (x86)/gnu arm embedded toolchain/10 2021.10/bin/../lib/gcc/arm-none-eabi/10.3.1/../../../../arm-none-eabi/lib/thumb/v7-m/nofp\libc.a(lib_a-signalr.o)
                0x080095d8                _getpid_r
 .text.__sread  0x080095dc       0x24 c:/program files (x86)/gnu arm embedded toolchain/10 2021.10/bin/../lib/gcc/arm-none-eabi/10.3.1/../../../../arm-none-eabi/lib/thumb/v7-m/nofp\libc.a(lib_a-stdio.o)
                0x080095dc                __sread
 .text.__swrite
                0x08009600       0x40 c:/program files (x86)/gnu arm embedded toolchain/10 2021.10/bin/../lib/gcc/arm-none-eabi/10.3.1/../../../../arm-none-eabi/lib/thumb/v7-m/nofp\libc.a(lib_a-stdio.o)
                0x08009600                __swrite
 .text.__sseek  0x08009640       0x20 c:/program files (x86)/gnu arm embedded toolchain/10 2021.10/bin/../lib/gcc/arm-none-eabi/10.3.1/../../../../arm-none-eabi/lib/thumb/v7-m/nofp\libc.a(lib_a-stdio.o)
                0x08009640                __sseek
 .text.__sclose
                0x08009660        0x8 c:/program files (x86)/gnu arm embedded toolchain/10 2021.10/bin/../lib/gcc/arm-none-eabi/10.3.1/../../../../arm-none-eabi/lib/thumb/v7-m/nofp\libc.a(lib_a-stdio.o)
                0x08009660                __sclose
 .text.__swbuf_r
                0x08009668       0xb0 c:/program files (x86)/gnu arm embedded toolchain/10 2021.10/bin/../lib/gcc/arm-none-eabi/10.3.1/../../../../arm-none-eabi/lib/thumb/v7-m/nofp\libc.a(lib_a-wbuf.o)
                0x08009668                __swbuf_r
 .text._wcrtomb_r
                0x08009718       0x3c c:/program files (x86)/gnu arm embedded toolchain/10 2021.10/bin/../lib/gcc/arm-none-eabi/10.3.1/../../../../arm-none-eabi/lib/thumb/v7-m/nofp\libc.a(lib_a-wcrtomb.o)
                0x08009718                _wcrtomb_r
 .text._write_r
                0x08009754       0x2c c:/program files (x86)/gnu arm embedded toolchain/10 2021.10/bin/../lib/gcc/arm-none-eabi/10.3.1/../../../../arm-none-eabi/lib/thumb/v7-m/nofp\libc.a(lib_a-writer.o)
                0x08009754                _write_r
 .text._close_r
                0x08009780       0x24 c:/program files (x86)/gnu arm embedded toolchain/10 2021.10/bin/../lib/gcc/arm-none-eabi/10.3.1/../../../../arm-none-eabi/lib/thumb/v7-m/nofp\libc.a(lib_a-closer.o)
                0x08009780                _close_r
 .text._fclose_r
                0x080097a4       0xcc c:/program files (x86)/gnu arm embedded toolchain/10 2021.10/bin/../lib/gcc/arm-none-eabi/10.3.1/../../../../arm-none-eabi/lib/thumb/v7-m/nofp\libc.a(lib_a-fclose.o)
                0x080097a4                _fclose_r
 .text._fstat_r
                0x08009870       0x28 c:/program files (x86)/gnu arm embedded toolchain/10 2021.10/bin/../lib/gcc/arm-none-eabi/10.3.1/../../../../arm-none-eabi/lib/thumb/v7-m/nofp\libc.a(lib_a-fstatr.o)
                0x08009870                _fstat_r
 .text._isatty_r
                0x08009898       0x24 c:/program files (x86)/gnu arm embedded toolchain/10 2021.10/bin/../lib/gcc/arm-none-eabi/10.3.1/../../../../arm-none-eabi/lib/thumb/v7-m/nofp\libc.a(lib_a-isattyr.o)
                0x08009898                _isatty_r
 .text._lseek_r
                0x080098bc       0x2c c:/program files (x86)/gnu arm embedded toolchain/10 2021.10/bin/../lib/gcc/arm-none-eabi/10.3.1/../../../../arm-none-eabi/lib/thumb/v7-m/nofp\libc.a(lib_a-lseekr.o)
                0x080098bc                _lseek_r
 .text._read_r  0x080098e8       0x2c c:/program files (x86)/gnu arm embedded toolchain/10 2021.10/bin/../lib/gcc/arm-none-eabi/10.3.1/../../../../arm-none-eabi/lib/thumb/v7-m/nofp\libc.a(lib_a-readr.o)
                0x080098e8                _read_r
 .text._close   0x08009914       0x10 c:/program files (x86)/gnu arm embedded toolchain/10 2021.10/bin/../lib/gcc/arm-none-eabi/10.3.1/../../../../arm-none-eabi/lib/thumb/v7-m/nofp\libnosys.a(close.o)
                0x08009914                _close
 .text._fstat   0x08009924       0x10 c:/program files (x86)/gnu arm embedded toolchain/10 2021.10/bin/../lib/gcc/arm-none-eabi/10.3.1/../../../../arm-none-eabi/lib/thumb/v7-m/nofp\libnosys.a(fstat.o)
                0x08009924                _fstat
 .text._getpid  0x08009934       0x10 c:/program files (x86)/gnu arm embedded toolchain/10 2021.10/bin/../lib/gcc/arm-none-eabi/10.3.1/../../../../arm-none-eabi/lib/thumb/v7-m/nofp\libnosys.a(getpid.o)
                0x08009934                _getpid
 .text._isatty  0x08009944       0x10 c:/program files (x86)/gnu arm embedded toolchain/10 2021.10/bin/../lib/gcc/arm-none-eabi/10.3.1/../../../../arm-none-eabi/lib/thumb/v7-m/nofp\libnosys.a(isatty.o)
                0x08009944                _isatty
 .text._kill    0x08009954       0x10 c:/program files (x86)/gnu arm embedded toolchain/10 2021.10/bin/../lib/gcc/arm-none-eabi/10.3.1/../../../../arm-none-eabi/lib/thumb/v7-m/nofp\libnosys.a(kill.o)
                0x08009954                _kill
 .text._lseek   0x08009964       0x10 c:/program files (x86)/gnu arm embedded toolchain/10 2021.10/bin/../lib/gcc/arm-none-eabi/10.3.1/../../../../arm-none-eabi/lib/thumb/v7-m/nofp\libnosys.a(lseek.o)
                0x08009964                _lseek
 .text._read    0x08009974       0x10 c:/program files (x86)/gnu arm embedded toolchain/10 2021.10/bin/../lib/gcc/arm-none-eabi/10.3.1/../../../../arm-none-eabi/lib/thumb/v7-m/nofp\libnosys.a(read.o)
                0x08009974                _read
 .text._sbrk    0x08009984       0x1c c:/program files (x86)/gnu arm embedded toolchain/10 2021.10/bin/../lib/gcc/arm-none-eabi/10.3.1/../../../../arm-none-eabi/lib/thumb/v7-m/nofp\libnosys.a(sbrk.o)
                0x08009984                _sbrk
 .text._write   0x080099a0       0x10 c:/program files (x86)/gnu arm embedded toolchain/10 2021.10/bin/../lib/gcc/arm-none-eabi/10.3.1/../../../../arm-none-eabi/lib/thumb/v7-m/nofp\libnosys.a(write.o)
                0x080099a0                _write
 .text._exit    0x080099b0        0x4 c:/program files (x86)/gnu arm embedded toolchain/10 2021.10/bin/../lib/gcc/arm-none-eabi/10.3.1/../../../../arm-none-eabi/lib/thumb/v7-m/nofp\libnosys.a(_exit.o)
                0x080099b0                _exit
 *(.glue_7)
 .glue_7        0x080099b4        0x0 linker stubs
 *(.glue_7t)
 .glue_7t       0x080099b4        0x0 linker stubs
 *(.eh_frame)
 .eh_frame      0x080099b4        0x0 c:/program files (x86)/gnu arm embedded toolchain/10 2021.10/bin/../lib/gcc/arm-none-eabi/10.3.1/thumb/v7-m/nofp/crtbegin.o
 *(.init)
 .init          0x080099b4        0x4 c:/program files (x86)/gnu arm embedded toolchain/10 2021.10/bin/../lib/gcc/arm-none-eabi/10.3.1/thumb/v7-m/nofp/crti.o
                0x080099b4                _init
 .init          0x080099b8        0x8 c:/program files (x86)/gnu arm embedded toolchain/10 2021.10/bin/../lib/gcc/arm-none-eabi/10.3.1/thumb/v7-m/nofp/crtn.o
 *(.fini)
 .fini          0x080099c0        0x4 c:/program files (x86)/gnu arm embedded toolchain/10 2021.10/bin/../lib/gcc/arm-none-eabi/10.3.1/thumb/v7-m/nofp/crti.o
                0x080099c0                _fini
 .fini          0x080099c4        0x8 c:/program files (x86)/gnu arm embedded toolchain/10 2021.10/bin/../lib/gcc/arm-none-eabi/10.3.1/thumb/v7-m/nofp/crtn.o
                0x080099cc                . = ALIGN (0x4)
                0x080099cc                _etext = .

.vfp11_veneer   0x080099cc        0x0
 .vfp11_veneer  0x080099cc        0x0 linker stubs

.v4_bx          0x080099cc        0x0
 .v4_bx         0x080099cc        0x0 linker stubs

.iplt           0x080099cc        0x0
 .iplt          0x080099cc        0x0 c:/program files (x86)/gnu arm embedded toolchain/10 2021.10/bin/../lib/gcc/arm-none-eabi/10.3.1/thumb/v7-m/nofp/crtbegin.o

.rodata         0x080099d0      0x438
                0x080099d0                . = ALIGN (0x4)
 *(.rodata)
 *(.rodata*)
 .rodata.main.str1.4
                0x080099d0        0xe ./build/Debug/main.o
 *fill*         0x080099de        0x2 
 .rodata.AHBPrescTable
                0x080099e0       0x10 ./build/Debug/system_stm32f1xx.o
                0x080099e0                AHBPrescTable
 .rodata.APBPrescTable
                0x080099f0        0x8 ./build/Debug/system_stm32f1xx.o
                0x080099f0                APBPrescTable
 .rodata.HAL_RCC_ClockConfig.str1.4
                0x080099f8       0x11 ./build/Debug/stm32f1xx_hal_rcc.o
 *fill*         0x08009a09        0x3 
 .rodata._global_impure_ptr
                0x08009a0c        0x4 c:/program files (x86)/gnu arm embedded toolchain/10 2021.10/bin/../lib/gcc/arm-none-eabi/10.3.1/../../../../arm-none-eabi/lib/thumb/v7-m/nofp\libc.a(lib_a-impure.o)
                0x08009a0c                _global_impure_ptr
 .rodata._svfprintf_r.str1.4
                0x08009a10       0x42 c:/program files (x86)/gnu arm embedded toolchain/10 2021.10/bin/../lib/gcc/arm-none-eabi/10.3.1/../../../../arm-none-eabi/lib/thumb/v7-m/nofp\libc.a(lib_a-svfprintf.o)
 *fill*         0x08009a52        0x2 
 .rodata.blanks.1
                0x08009a54       0x10 c:/program files (x86)/gnu arm embedded toolchain/10 2021.10/bin/../lib/gcc/arm-none-eabi/10.3.1/../../../../arm-none-eabi/lib/thumb/v7-m/nofp\libc.a(lib_a-svfprintf.o)
 .rodata.zeroes.0
                0x08009a64       0x10 c:/program files (x86)/gnu arm embedded toolchain/10 2021.10/bin/../lib/gcc/arm-none-eabi/10.3.1/../../../../arm-none-eabi/lib/thumb/v7-m/nofp\libc.a(lib_a-svfprintf.o)
 .rodata._dtoa_r.str1.4
                0x08009a74       0xa2 c:/program files (x86)/gnu arm embedded toolchain/10 2021.10/bin/../lib/gcc/arm-none-eabi/10.3.1/../../../../arm-none-eabi/lib/thumb/v7-m/nofp\libc.a(lib_a-dtoa.o)
                                 0xa6 (size before relaxing)
 *fill*         0x08009b16        0x2 
 .rodata.__multadd.str1.4
                0x08009b18       0x7f c:/program files (x86)/gnu arm embedded toolchain/10 2021.10/bin/../lib/gcc/arm-none-eabi/10.3.1/../../../../arm-none-eabi/lib/thumb/v7-m/nofp\libc.a(lib_a-mprec.o)
                                 0x93 (size before relaxing)
 *fill*         0x08009b97        0x1 
 .rodata.__mprec_bigtens
                0x08009b98       0x28 c:/program files (x86)/gnu arm embedded toolchain/10 2021.10/bin/../lib/gcc/arm-none-eabi/10.3.1/../../../../arm-none-eabi/lib/thumb/v7-m/nofp\libc.a(lib_a-mprec.o)
                0x08009b98                __mprec_bigtens
 .rodata.__mprec_tens
                0x08009bc0       0xc8 c:/program files (x86)/gnu arm embedded toolchain/10 2021.10/bin/../lib/gcc/arm-none-eabi/10.3.1/../../../../arm-none-eabi/lib/thumb/v7-m/nofp\libc.a(lib_a-mprec.o)
                0x08009bc0                __mprec_tens
 .rodata.p05.0  0x08009c88        0xc c:/program files (x86)/gnu arm embedded toolchain/10 2021.10/bin/../lib/gcc/arm-none-eabi/10.3.1/../../../../arm-none-eabi/lib/thumb/v7-m/nofp\libc.a(lib_a-mprec.o)
 .rodata.__assert_func.str1.4
                0x08009c94       0x3f c:/program files (x86)/gnu arm embedded toolchain/10 2021.10/bin/../lib/gcc/arm-none-eabi/10.3.1/../../../../arm-none-eabi/lib/thumb/v7-m/nofp\libc.a(lib_a-assert.o)
                                 0x43 (size before relaxing)
 *fill*         0x08009cd3        0x1 
 .rodata._setlocale_r.str1.4
                0x08009cd4        0xa c:/program files (x86)/gnu arm embedded toolchain/10 2021.10/bin/../lib/gcc/arm-none-eabi/10.3.1/../../../../arm-none-eabi/lib/thumb/v7-m/nofp\libc.a(lib_a-locale.o)
                                  0xd (size before relaxing)
 *fill*         0x08009cde        0x2 
 .rodata.str1.4
                0x08009ce0        0x2 c:/program files (x86)/gnu arm embedded toolchain/10 2021.10/bin/../lib/gcc/arm-none-eabi/10.3.1/../../../../arm-none-eabi/lib/thumb/v7-m/nofp\libc.a(lib_a-locale.o)
 .rodata._vfiprintf_r.str1.4
                0x08009ce2       0x2f c:/program files (x86)/gnu arm embedded toolchain/10 2021.10/bin/../lib/gcc/arm-none-eabi/10.3.1/../../../../arm-none-eabi/lib/thumb/v7-m/nofp\libc.a(lib_a-vfiprintf.o)
 *fill*         0x08009ce2        0x2 
 .rodata.blanks.1
                0x08009ce4       0x10 c:/program files (x86)/gnu arm embedded toolchain/10 2021.10/bin/../lib/gcc/arm-none-eabi/10.3.1/../../../../arm-none-eabi/lib/thumb/v7-m/nofp\libc.a(lib_a-vfiprintf.o)
 .rodata.zeroes.0
                0x08009cf4       0x10 c:/program files (x86)/gnu arm embedded toolchain/10 2021.10/bin/../lib/gcc/arm-none-eabi/10.3.1/../../../../arm-none-eabi/lib/thumb/v7-m/nofp\libc.a(lib_a-vfiprintf.o)
 .rodata._ctype_
                0x08009d04      0x101 c:/program files (x86)/gnu arm embedded toolchain/10 2021.10/bin/../lib/gcc/arm-none-eabi/10.3.1/../../../../arm-none-eabi/lib/thumb/v7-m/nofp\libc.a(lib_a-ctype_.o)
                0x08009d04                _ctype_
                0x08009e08                . = ALIGN (0x4)
 *fill*         0x08009e05        0x3 

.ARM.extab
 *(.ARM.extab* .gnu.linkonce.armextab.*)

.ARM            0x08009e08        0x8
                0x08009e08                __exidx_start = .
 *(.ARM.exidx*)
 .ARM.exidx     0x08009e08        0x8 c:/program files (x86)/gnu arm embedded toolchain/10 2021.10/bin/../lib/gcc/arm-none-eabi/10.3.1/thumb/v7-m/nofp\libgcc.a(_udivmoddi4.o)
                0x08009e10                __exidx_end = .

.rel.dyn        0x08009e10        0x0
 .rel.iplt      0x08009e10        0x0 c:/program files (x86)/gnu arm embedded toolchain/10 2021.10/bin/../lib/gcc/arm-none-eabi/10.3.1/thumb/v7-m/nofp/crtbegin.o

.preinit_array  0x08009e10        0x0
                0x08009e10                PROVIDE (__preinit_array_start = .)
 *(.preinit_array*)
                0x08009e10                PROVIDE (__preinit_array_end = .)

.init_array     0x08009e10        0x8
                0x08009e10                PROVIDE (__init_array_start = .)
 *(SORT_BY_NAME(.init_array.*))
 .init_array.00000
                0x08009e10        0x4 c:/program files (x86)/gnu arm embedded toolchain/10 2021.10/bin/../lib/gcc/arm-none-eabi/10.3.1/../../../../arm-none-eabi/lib/thumb/v7-m/nofp\libc.a(lib_a-__call_atexit.o)
 *(.init_array*)
 .init_array    0x08009e14        0x4 c:/program files (x86)/gnu arm embedded toolchain/10 2021.10/bin/../lib/gcc/arm-none-eabi/10.3.1/thumb/v7-m/nofp/crtbegin.o
                0x08009e18                PROVIDE (__init_array_end = .)

.fini_array     0x08009e18        0x4
                0x08009e18                PROVIDE (__fini_array_start = .)
 *(SORT_BY_NAME(.fini_array.*))
 *(.fini_array*)
 .fini_array    0x08009e18        0x4 c:/program files (x86)/gnu arm embedded toolchain/10 2021.10/bin/../lib/gcc/arm-none-eabi/10.3.1/thumb/v7-m/nofp/crtbegin.o
                0x08009e1c                PROVIDE (__fini_array_end = .)
                0x08009e1c                _sidata = LOADADDR (.data)

.data           0x20000000      0xa28 load address 0x08009e1c
                0x20000000                . = ALIGN (0x4)
                0x20000000                _sdata = .
 *(.data)
 *(.data*)
 .data.pidLB    0x20000000       0x1c ./build/Debug/pwm.o
                0x20000000                pidLB
 .data.pidLF    0x2000001c       0x1c ./build/Debug/pwm.o
                0x2000001c                pidLF
 .data.pidRB    0x20000038       0x1c ./build/Debug/pwm.o
                0x20000038                pidRB
 .data.pidRF    0x20000054       0x1c ./build/Debug/pwm.o
                0x20000054                pidRF
 .data.SystemCoreClock
                0x20000070        0x4 ./build/Debug/system_stm32f1xx.o
                0x20000070                SystemCoreClock
 .data.uwTickFreq
                0x20000074        0x1 ./build/Debug/stm32f1xx_hal.o
                0x20000074                uwTickFreq
 *fill*         0x20000075        0x3 
 .data.uwTickPrio
                0x20000078        0x4 ./build/Debug/stm32f1xx_hal.o
                0x20000078                uwTickPrio
 .data._impure_ptr
                0x2000007c        0x4 c:/program files (x86)/gnu arm embedded toolchain/10 2021.10/bin/../lib/gcc/arm-none-eabi/10.3.1/../../../../arm-none-eabi/lib/thumb/v7-m/nofp\libc.a(lib_a-impure.o)
                0x2000007c                _impure_ptr
 .data.impure_data
                0x20000080      0x428 c:/program files (x86)/gnu arm embedded toolchain/10 2021.10/bin/../lib/gcc/arm-none-eabi/10.3.1/../../../../arm-none-eabi/lib/thumb/v7-m/nofp\libc.a(lib_a-impure.o)
 .data.__atexit_recursive_mutex
                0x200004a8        0x4 c:/program files (x86)/gnu arm embedded toolchain/10 2021.10/bin/../lib/gcc/arm-none-eabi/10.3.1/../../../../arm-none-eabi/lib/thumb/v7-m/nofp\libc.a(lib_a-__call_atexit.o)
                0x200004a8                __atexit_recursive_mutex
 .data.__malloc_av_
                0x200004ac      0x408 c:/program files (x86)/gnu arm embedded toolchain/10 2021.10/bin/../lib/gcc/arm-none-eabi/10.3.1/../../../../arm-none-eabi/lib/thumb/v7-m/nofp\libc.a(lib_a-mallocr.o)
                0x200004ac                __malloc_av_
 .data.__malloc_sbrk_base
                0x200008b4        0x4 c:/program files (x86)/gnu arm embedded toolchain/10 2021.10/bin/../lib/gcc/arm-none-eabi/10.3.1/../../../../arm-none-eabi/lib/thumb/v7-m/nofp\libc.a(lib_a-mallocr.o)
                0x200008b4                __malloc_sbrk_base
 .data.__malloc_trim_threshold
                0x200008b8        0x4 c:/program files (x86)/gnu arm embedded toolchain/10 2021.10/bin/../lib/gcc/arm-none-eabi/10.3.1/../../../../arm-none-eabi/lib/thumb/v7-m/nofp\libc.a(lib_a-mallocr.o)
                0x200008b8                __malloc_trim_threshold
 .data.__global_locale
                0x200008bc      0x16c c:/program files (x86)/gnu arm embedded toolchain/10 2021.10/bin/../lib/gcc/arm-none-eabi/10.3.1/../../../../arm-none-eabi/lib/thumb/v7-m/nofp\libc.a(lib_a-locale.o)
                0x200008bc                __global_locale
                0x20000a28                . = ALIGN (0x4)
                0x20000a28                _edata = .

.igot.plt       0x20000a28        0x0 load address 0x0800a844
 .igot.plt      0x20000a28        0x0 c:/program files (x86)/gnu arm embedded toolchain/10 2021.10/bin/../lib/gcc/arm-none-eabi/10.3.1/thumb/v7-m/nofp/crtbegin.o
                0x20000a28                . = ALIGN (0x4)

.bss            0x20000a28      0x268 load address 0x0800a844
                0x20000a28                _sbss = .
                0x20000a28                __bss_start__ = _sbss
 *(.bss)
 .bss           0x20000a28       0x1c c:/program files (x86)/gnu arm embedded toolchain/10 2021.10/bin/../lib/gcc/arm-none-eabi/10.3.1/thumb/v7-m/nofp/crtbegin.o
 *(.bss*)
 .bss.fac_ms    0x20000a44        0x4 ./build/Debug/delay.o
 .bss.fac_us    0x20000a48        0x2 ./build/Debug/delay.o
 *fill*         0x20000a4a        0x2 
 .bss.htim1     0x20000a4c       0x48 ./build/Debug/tim.o
                0x20000a4c                htim1
 .bss.htim2     0x20000a94       0x48 ./build/Debug/tim.o
                0x20000a94                htim2
 .bss.htim3     0x20000adc       0x48 ./build/Debug/tim.o
                0x20000adc                htim3
 .bss.htim4     0x20000b24       0x48 ./build/Debug/tim.o
                0x20000b24                htim4
 .bss.htim5     0x20000b6c       0x48 ./build/Debug/tim.o
                0x20000b6c                htim5
 .bss.htim8     0x20000bb4       0x48 ./build/Debug/tim.o
                0x20000bb4                htim8
 .bss.huart2    0x20000bfc       0x44 ./build/Debug/usart.o
                0x20000bfc                huart2
 .bss.uwTick    0x20000c40        0x4 ./build/Debug/stm32f1xx_hal.o
                0x20000c40                uwTick
 .bss.__lock___atexit_recursive_mutex
                0x20000c44        0x1 c:/program files (x86)/gnu arm embedded toolchain/10 2021.10/bin/../lib/gcc/arm-none-eabi/10.3.1/../../../../arm-none-eabi/lib/thumb/v7-m/nofp\libc.a(lib_a-lock.o)
                0x20000c44                __lock___atexit_recursive_mutex
 *fill*         0x20000c45        0x3 
 .bss.__lock___malloc_recursive_mutex
                0x20000c48        0x1 c:/program files (x86)/gnu arm embedded toolchain/10 2021.10/bin/../lib/gcc/arm-none-eabi/10.3.1/../../../../arm-none-eabi/lib/thumb/v7-m/nofp\libc.a(lib_a-lock.o)
                0x20000c48                __lock___malloc_recursive_mutex
 *fill*         0x20000c49        0x3 
 .bss.__lock___sfp_recursive_mutex
                0x20000c4c        0x1 c:/program files (x86)/gnu arm embedded toolchain/10 2021.10/bin/../lib/gcc/arm-none-eabi/10.3.1/../../../../arm-none-eabi/lib/thumb/v7-m/nofp\libc.a(lib_a-lock.o)
                0x20000c4c                __lock___sfp_recursive_mutex
 *fill*         0x20000c4d        0x3 
 .bss.__lock___sinit_recursive_mutex
                0x20000c50        0x1 c:/program files (x86)/gnu arm embedded toolchain/10 2021.10/bin/../lib/gcc/arm-none-eabi/10.3.1/../../../../arm-none-eabi/lib/thumb/v7-m/nofp\libc.a(lib_a-lock.o)
                0x20000c50                __lock___sinit_recursive_mutex
 *fill*         0x20000c51        0x3 
 .bss.__malloc_current_mallinfo
                0x20000c54       0x28 c:/program files (x86)/gnu arm embedded toolchain/10 2021.10/bin/../lib/gcc/arm-none-eabi/10.3.1/../../../../arm-none-eabi/lib/thumb/v7-m/nofp\libc.a(lib_a-mallocr.o)
                0x20000c54                __malloc_current_mallinfo
 .bss.__malloc_max_sbrked_mem
                0x20000c7c        0x4 c:/program files (x86)/gnu arm embedded toolchain/10 2021.10/bin/../lib/gcc/arm-none-eabi/10.3.1/../../../../arm-none-eabi/lib/thumb/v7-m/nofp\libc.a(lib_a-mallocr.o)
                0x20000c7c                __malloc_max_sbrked_mem
 .bss.__malloc_max_total_mem
                0x20000c80        0x4 c:/program files (x86)/gnu arm embedded toolchain/10 2021.10/bin/../lib/gcc/arm-none-eabi/10.3.1/../../../../arm-none-eabi/lib/thumb/v7-m/nofp\libc.a(lib_a-mallocr.o)
                0x20000c80                __malloc_max_total_mem
 .bss.__malloc_top_pad
                0x20000c84        0x4 c:/program files (x86)/gnu arm embedded toolchain/10 2021.10/bin/../lib/gcc/arm-none-eabi/10.3.1/../../../../arm-none-eabi/lib/thumb/v7-m/nofp\libc.a(lib_a-mallocr.o)
                0x20000c84                __malloc_top_pad
 .bss.errno     0x20000c88        0x4 c:/program files (x86)/gnu arm embedded toolchain/10 2021.10/bin/../lib/gcc/arm-none-eabi/10.3.1/../../../../arm-none-eabi/lib/thumb/v7-m/nofp\libc.a(lib_a-reent.o)
                0x20000c88                errno
 .bss.heap_end.0
                0x20000c8c        0x4 c:/program files (x86)/gnu arm embedded toolchain/10 2021.10/bin/../lib/gcc/arm-none-eabi/10.3.1/../../../../arm-none-eabi/lib/thumb/v7-m/nofp\libnosys.a(sbrk.o)
 *(COMMON)
                0x20000c90                . = ALIGN (0x4)
                0x20000c90                _ebss = .
                0x20000c90                __bss_end__ = _ebss

._user_heap_stack
                0x20000c90      0x600 load address 0x0800a844
                0x20000c90                . = ALIGN (0x8)
                0x20000c90                PROVIDE (end = .)
                [!provide]                PROVIDE (_end = .)
                0x20000e90                . = (. + _Min_Heap_Size)
 *fill*         0x20000c90      0x200 
                0x20001290                . = (. + _Min_Stack_Size)
 *fill*         0x20000e90      0x400 
                0x20001290                . = ALIGN (0x8)

/DISCARD/
 libc.a(*)
 libm.a(*)
 libgcc.a(*)

.ARM.attributes
                0x00000000       0x29
 *(.ARM.attributes)
 .ARM.attributes
                0x00000000       0x1d c:/program files (x86)/gnu arm embedded toolchain/10 2021.10/bin/../lib/gcc/arm-none-eabi/10.3.1/thumb/v7-m/nofp/crti.o
 .ARM.attributes
                0x0000001d       0x2d c:/program files (x86)/gnu arm embedded toolchain/10 2021.10/bin/../lib/gcc/arm-none-eabi/10.3.1/thumb/v7-m/nofp/crtbegin.o
 .ARM.attributes
                0x0000004a       0x29 ./build/Debug/delay.o
 .ARM.attributes
                0x00000073       0x29 ./build/Debug/gpio.o
 .ARM.attributes
                0x0000009c       0x29 ./build/Debug/main.o
 .ARM.attributes
                0x000000c5       0x29 ./build/Debug/pwm.o
 .ARM.attributes
                0x000000ee       0x29 ./build/Debug/stm32f1xx_hal_msp.o
 .ARM.attributes
                0x00000117       0x29 ./build/Debug/stm32f1xx_it.o
 .ARM.attributes
                0x00000140       0x29 ./build/Debug/system_stm32f1xx.o
 .ARM.attributes
                0x00000169       0x29 ./build/Debug/tim.o
 .ARM.attributes
                0x00000192       0x29 ./build/Debug/usart.o
 .ARM.attributes
                0x000001bb       0x29 ./build/Debug/stm32f1xx_hal.o
 .ARM.attributes
                0x000001e4       0x29 ./build/Debug/stm32f1xx_hal_cortex.o
 .ARM.attributes
                0x0000020d       0x29 ./build/Debug/stm32f1xx_hal_gpio.o
 .ARM.attributes
                0x00000236       0x29 ./build/Debug/stm32f1xx_hal_rcc.o
 .ARM.attributes
                0x0000025f       0x29 ./build/Debug/stm32f1xx_hal_tim.o
 .ARM.attributes
                0x00000288       0x29 ./build/Debug/stm32f1xx_hal_tim_ex.o
 .ARM.attributes
                0x000002b1       0x29 ./build/Debug/stm32f1xx_hal_uart.o
 .ARM.attributes
                0x000002da       0x21 ./build/Debug/startup_stm32f103xe.o
 .ARM.attributes
                0x000002fb       0x1d c:/program files (x86)/gnu arm embedded toolchain/10 2021.10/bin/../lib/gcc/arm-none-eabi/10.3.1/thumb/v7-m/nofp\libgcc.a(_arm_mulsf3.o)
 .ARM.attributes
                0x00000318       0x1d c:/program files (x86)/gnu arm embedded toolchain/10 2021.10/bin/../lib/gcc/arm-none-eabi/10.3.1/thumb/v7-m/nofp\libgcc.a(_arm_addsubdf3.o)
 .ARM.attributes
                0x00000335       0x1d c:/program files (x86)/gnu arm embedded toolchain/10 2021.10/bin/../lib/gcc/arm-none-eabi/10.3.1/thumb/v7-m/nofp\libgcc.a(_arm_addsubsf3.o)
 .ARM.attributes
                0x00000352       0x1d c:/program files (x86)/gnu arm embedded toolchain/10 2021.10/bin/../lib/gcc/arm-none-eabi/10.3.1/thumb/v7-m/nofp\libgcc.a(_arm_cmpsf2.o)
 .ARM.attributes
                0x0000036f       0x1d c:/program files (x86)/gnu arm embedded toolchain/10 2021.10/bin/../lib/gcc/arm-none-eabi/10.3.1/thumb/v7-m/nofp\libgcc.a(_arm_fixunssfsi.o)
 .ARM.attributes
                0x0000038c       0x2d c:/program files (x86)/gnu arm embedded toolchain/10 2021.10/bin/../lib/gcc/arm-none-eabi/10.3.1/../../../../arm-none-eabi/lib/thumb/v7-m/nofp\libc.a(lib_a-impure.o)
 .ARM.attributes
                0x000003b9       0x2d c:/program files (x86)/gnu arm embedded toolchain/10 2021.10/bin/../lib/gcc/arm-none-eabi/10.3.1/../../../../arm-none-eabi/lib/thumb/v7-m/nofp\libc.a(lib_a-init.o)
 .ARM.attributes
                0x000003e6       0x2d c:/program files (x86)/gnu arm embedded toolchain/10 2021.10/bin/../lib/gcc/arm-none-eabi/10.3.1/../../../../arm-none-eabi/lib/thumb/v7-m/nofp\libc.a(lib_a-memset.o)
 .ARM.attributes
                0x00000413       0x2d c:/program files (x86)/gnu arm embedded toolchain/10 2021.10/bin/../lib/gcc/arm-none-eabi/10.3.1/../../../../arm-none-eabi/lib/thumb/v7-m/nofp\libc.a(lib_a-vsprintf.o)
 .ARM.attributes
                0x00000440       0x2d c:/program files (x86)/gnu arm embedded toolchain/10 2021.10/bin/../lib/gcc/arm-none-eabi/10.3.1/../../../../arm-none-eabi/lib/thumb/v7-m/nofp\libc.a(lib_a-__call_atexit.o)
 .ARM.attributes
                0x0000046d       0x2d c:/program files (x86)/gnu arm embedded toolchain/10 2021.10/bin/../lib/gcc/arm-none-eabi/10.3.1/../../../../arm-none-eabi/lib/thumb/v7-m/nofp\libc.a(lib_a-atexit.o)
 .ARM.attributes
                0x0000049a       0x2d c:/program files (x86)/gnu arm embedded toolchain/10 2021.10/bin/../lib/gcc/arm-none-eabi/10.3.1/../../../../arm-none-eabi/lib/thumb/v7-m/nofp\libc.a(lib_a-fini.o)
 .ARM.attributes
                0x000004c7       0x2d c:/program files (x86)/gnu arm embedded toolchain/10 2021.10/bin/../lib/gcc/arm-none-eabi/10.3.1/../../../../arm-none-eabi/lib/thumb/v7-m/nofp\libc.a(lib_a-lock.o)
 .ARM.attributes
                0x000004f4       0x2d c:/program files (x86)/gnu arm embedded toolchain/10 2021.10/bin/../lib/gcc/arm-none-eabi/10.3.1/../../../../arm-none-eabi/lib/thumb/v7-m/nofp\libc.a(lib_a-svfprintf.o)
 .ARM.attributes
                0x00000521       0x2d c:/program files (x86)/gnu arm embedded toolchain/10 2021.10/bin/../lib/gcc/arm-none-eabi/10.3.1/../../../../arm-none-eabi/lib/thumb/v7-m/nofp\libc.a(lib_a-__atexit.o)
 .ARM.attributes
                0x0000054e       0x2d c:/program files (x86)/gnu arm embedded toolchain/10 2021.10/bin/../lib/gcc/arm-none-eabi/10.3.1/../../../../arm-none-eabi/lib/thumb/v7-m/nofp\libc.a(lib_a-dtoa.o)
 .ARM.attributes
                0x0000057b       0x2d c:/program files (x86)/gnu arm embedded toolchain/10 2021.10/bin/../lib/gcc/arm-none-eabi/10.3.1/../../../../arm-none-eabi/lib/thumb/v7-m/nofp\libc.a(lib_a-freer.o)
 .ARM.attributes
                0x000005a8       0x2d c:/program files (x86)/gnu arm embedded toolchain/10 2021.10/bin/../lib/gcc/arm-none-eabi/10.3.1/../../../../arm-none-eabi/lib/thumb/v7-m/nofp\libc.a(lib_a-localeconv.o)
 .ARM.attributes
                0x000005d5       0x2d c:/program files (x86)/gnu arm embedded toolchain/10 2021.10/bin/../lib/gcc/arm-none-eabi/10.3.1/../../../../arm-none-eabi/lib/thumb/v7-m/nofp\libc.a(lib_a-mallocr.o)
 .ARM.attributes
                0x00000602       0x2d c:/program files (x86)/gnu arm embedded toolchain/10 2021.10/bin/../lib/gcc/arm-none-eabi/10.3.1/../../../../arm-none-eabi/lib/thumb/v7-m/nofp\libc.a(lib_a-memchr-stub.o)
 .ARM.attributes
                0x0000062f       0x1b c:/program files (x86)/gnu arm embedded toolchain/10 2021.10/bin/../lib/gcc/arm-none-eabi/10.3.1/../../../../arm-none-eabi/lib/thumb/v7-m/nofp\libc.a(lib_a-memcpy.o)
 .ARM.attributes
                0x0000064a       0x2d c:/program files (x86)/gnu arm embedded toolchain/10 2021.10/bin/../lib/gcc/arm-none-eabi/10.3.1/../../../../arm-none-eabi/lib/thumb/v7-m/nofp\libc.a(lib_a-mlock.o)
 .ARM.attributes
                0x00000677       0x2d c:/program files (x86)/gnu arm embedded toolchain/10 2021.10/bin/../lib/gcc/arm-none-eabi/10.3.1/../../../../arm-none-eabi/lib/thumb/v7-m/nofp\libc.a(lib_a-mprec.o)
 .ARM.attributes
                0x000006a4       0x2d c:/program files (x86)/gnu arm embedded toolchain/10 2021.10/bin/../lib/gcc/arm-none-eabi/10.3.1/../../../../arm-none-eabi/lib/thumb/v7-m/nofp\libc.a(lib_a-s_frexp.o)
 .ARM.attributes
                0x000006d1       0x2d c:/program files (x86)/gnu arm embedded toolchain/10 2021.10/bin/../lib/gcc/arm-none-eabi/10.3.1/../../../../arm-none-eabi/lib/thumb/v7-m/nofp\libc.a(lib_a-sbrkr.o)
 .ARM.attributes
                0x000006fe       0x2d c:/program files (x86)/gnu arm embedded toolchain/10 2021.10/bin/../lib/gcc/arm-none-eabi/10.3.1/../../../../arm-none-eabi/lib/thumb/v7-m/nofp\libc.a(lib_a-strlen-stub.o)
 .ARM.attributes
                0x0000072b       0x2d c:/program files (x86)/gnu arm embedded toolchain/10 2021.10/bin/../lib/gcc/arm-none-eabi/10.3.1/../../../../arm-none-eabi/lib/thumb/v7-m/nofp\libc.a(lib_a-strncpy.o)
 .ARM.attributes
                0x00000758       0x2d c:/program files (x86)/gnu arm embedded toolchain/10 2021.10/bin/../lib/gcc/arm-none-eabi/10.3.1/../../../../arm-none-eabi/lib/thumb/v7-m/nofp\libc.a(lib_a-svfiprintf.o)
 .ARM.attributes
                0x00000785       0x2d c:/program files (x86)/gnu arm embedded toolchain/10 2021.10/bin/../lib/gcc/arm-none-eabi/10.3.1/../../../../arm-none-eabi/lib/thumb/v7-m/nofp\libc.a(lib_a-assert.o)
 .ARM.attributes
                0x000007b2       0x2d c:/program files (x86)/gnu arm embedded toolchain/10 2021.10/bin/../lib/gcc/arm-none-eabi/10.3.1/../../../../arm-none-eabi/lib/thumb/v7-m/nofp\libc.a(lib_a-callocr.o)
 .ARM.attributes
                0x000007df       0x2d c:/program files (x86)/gnu arm embedded toolchain/10 2021.10/bin/../lib/gcc/arm-none-eabi/10.3.1/../../../../arm-none-eabi/lib/thumb/v7-m/nofp\libc.a(lib_a-errno.o)
 .ARM.attributes
                0x0000080c       0x2d c:/program files (x86)/gnu arm embedded toolchain/10 2021.10/bin/../lib/gcc/arm-none-eabi/10.3.1/../../../../arm-none-eabi/lib/thumb/v7-m/nofp\libc.a(lib_a-fiprintf.o)
 .ARM.attributes
                0x00000839       0x2d c:/program files (x86)/gnu arm embedded toolchain/10 2021.10/bin/../lib/gcc/arm-none-eabi/10.3.1/../../../../arm-none-eabi/lib/thumb/v7-m/nofp\libc.a(lib_a-locale.o)
 .ARM.attributes
                0x00000866       0x2d c:/program files (x86)/gnu arm embedded toolchain/10 2021.10/bin/../lib/gcc/arm-none-eabi/10.3.1/../../../../arm-none-eabi/lib/thumb/v7-m/nofp\libc.a(lib_a-mbtowc_r.o)
 .ARM.attributes
                0x00000893       0x2d c:/program files (x86)/gnu arm embedded toolchain/10 2021.10/bin/../lib/gcc/arm-none-eabi/10.3.1/../../../../arm-none-eabi/lib/thumb/v7-m/nofp\libc.a(lib_a-memmove.o)
 .ARM.attributes
                0x000008c0       0x2d c:/program files (x86)/gnu arm embedded toolchain/10 2021.10/bin/../lib/gcc/arm-none-eabi/10.3.1/../../../../arm-none-eabi/lib/thumb/v7-m/nofp\libc.a(lib_a-reallocr.o)
 .ARM.attributes
                0x000008ed       0x2d c:/program files (x86)/gnu arm embedded toolchain/10 2021.10/bin/../lib/gcc/arm-none-eabi/10.3.1/../../../../arm-none-eabi/lib/thumb/v7-m/nofp\libc.a(lib_a-reent.o)
 .ARM.attributes
                0x0000091a       0x2d c:/program files (x86)/gnu arm embedded toolchain/10 2021.10/bin/../lib/gcc/arm-none-eabi/10.3.1/../../../../arm-none-eabi/lib/thumb/v7-m/nofp\libc.a(lib_a-vfiprintf.o)
 .ARM.attributes
                0x00000947       0x2d c:/program files (x86)/gnu arm embedded toolchain/10 2021.10/bin/../lib/gcc/arm-none-eabi/10.3.1/../../../../arm-none-eabi/lib/thumb/v7-m/nofp\libc.a(lib_a-wctomb_r.o)
 .ARM.attributes
                0x00000974       0x2d c:/program files (x86)/gnu arm embedded toolchain/10 2021.10/bin/../lib/gcc/arm-none-eabi/10.3.1/../../../../arm-none-eabi/lib/thumb/v7-m/nofp\libc.a(lib_a-wsetup.o)
 .ARM.attributes
                0x000009a1       0x2d c:/program files (x86)/gnu arm embedded toolchain/10 2021.10/bin/../lib/gcc/arm-none-eabi/10.3.1/../../../../arm-none-eabi/lib/thumb/v7-m/nofp\libc.a(lib_a-abort.o)
 .ARM.attributes
                0x000009ce       0x2d c:/program files (x86)/gnu arm embedded toolchain/10 2021.10/bin/../lib/gcc/arm-none-eabi/10.3.1/../../../../arm-none-eabi/lib/thumb/v7-m/nofp\libc.a(lib_a-ctype_.o)
 .ARM.attributes
                0x000009fb       0x2d c:/program files (x86)/gnu arm embedded toolchain/10 2021.10/bin/../lib/gcc/arm-none-eabi/10.3.1/../../../../arm-none-eabi/lib/thumb/v7-m/nofp\libc.a(lib_a-fflush.o)
 .ARM.attributes
                0x00000a28       0x2d c:/program files (x86)/gnu arm embedded toolchain/10 2021.10/bin/../lib/gcc/arm-none-eabi/10.3.1/../../../../arm-none-eabi/lib/thumb/v7-m/nofp\libc.a(lib_a-findfp.o)
 .ARM.attributes
                0x00000a55       0x2d c:/program files (x86)/gnu arm embedded toolchain/10 2021.10/bin/../lib/gcc/arm-none-eabi/10.3.1/../../../../arm-none-eabi/lib/thumb/v7-m/nofp\libc.a(lib_a-fputwc.o)
 .ARM.attributes
                0x00000a82       0x2d c:/program files (x86)/gnu arm embedded toolchain/10 2021.10/bin/../lib/gcc/arm-none-eabi/10.3.1/../../../../arm-none-eabi/lib/thumb/v7-m/nofp\libc.a(lib_a-fvwrite.o)
 .ARM.attributes
                0x00000aaf       0x2d c:/program files (x86)/gnu arm embedded toolchain/10 2021.10/bin/../lib/gcc/arm-none-eabi/10.3.1/../../../../arm-none-eabi/lib/thumb/v7-m/nofp\libc.a(lib_a-fwalk.o)
 .ARM.attributes
                0x00000adc       0x2d c:/program files (x86)/gnu arm embedded toolchain/10 2021.10/bin/../lib/gcc/arm-none-eabi/10.3.1/../../../../arm-none-eabi/lib/thumb/v7-m/nofp\libc.a(lib_a-makebuf.o)
 .ARM.attributes
                0x00000b09       0x2d c:/program files (x86)/gnu arm embedded toolchain/10 2021.10/bin/../lib/gcc/arm-none-eabi/10.3.1/../../../../arm-none-eabi/lib/thumb/v7-m/nofp\libc.a(lib_a-signal.o)
 .ARM.attributes
                0x00000b36       0x2d c:/program files (x86)/gnu arm embedded toolchain/10 2021.10/bin/../lib/gcc/arm-none-eabi/10.3.1/../../../../arm-none-eabi/lib/thumb/v7-m/nofp\libc.a(lib_a-signalr.o)
 .ARM.attributes
                0x00000b63       0x2d c:/program files (x86)/gnu arm embedded toolchain/10 2021.10/bin/../lib/gcc/arm-none-eabi/10.3.1/../../../../arm-none-eabi/lib/thumb/v7-m/nofp\libc.a(lib_a-stdio.o)
 .ARM.attributes
                0x00000b90       0x2d c:/program files (x86)/gnu arm embedded toolchain/10 2021.10/bin/../lib/gcc/arm-none-eabi/10.3.1/../../../../arm-none-eabi/lib/thumb/v7-m/nofp\libc.a(lib_a-wbuf.o)
 .ARM.attributes
                0x00000bbd       0x2d c:/program files (x86)/gnu arm embedded toolchain/10 2021.10/bin/../lib/gcc/arm-none-eabi/10.3.1/../../../../arm-none-eabi/lib/thumb/v7-m/nofp\libc.a(lib_a-wcrtomb.o)
 .ARM.attributes
                0x00000bea       0x2d c:/program files (x86)/gnu arm embedded toolchain/10 2021.10/bin/../lib/gcc/arm-none-eabi/10.3.1/../../../../arm-none-eabi/lib/thumb/v7-m/nofp\libc.a(lib_a-writer.o)
 .ARM.attributes
                0x00000c17       0x2d c:/program files (x86)/gnu arm embedded toolchain/10 2021.10/bin/../lib/gcc/arm-none-eabi/10.3.1/../../../../arm-none-eabi/lib/thumb/v7-m/nofp\libc.a(lib_a-closer.o)
 .ARM.attributes
                0x00000c44       0x2d c:/program files (x86)/gnu arm embedded toolchain/10 2021.10/bin/../lib/gcc/arm-none-eabi/10.3.1/../../../../arm-none-eabi/lib/thumb/v7-m/nofp\libc.a(lib_a-fclose.o)
 .ARM.attributes
                0x00000c71       0x2d c:/program files (x86)/gnu arm embedded toolchain/10 2021.10/bin/../lib/gcc/arm-none-eabi/10.3.1/../../../../arm-none-eabi/lib/thumb/v7-m/nofp\libc.a(lib_a-fstatr.o)
 .ARM.attributes
                0x00000c9e       0x2d c:/program files (x86)/gnu arm embedded toolchain/10 2021.10/bin/../lib/gcc/arm-none-eabi/10.3.1/../../../../arm-none-eabi/lib/thumb/v7-m/nofp\libc.a(lib_a-isattyr.o)
 .ARM.attributes
                0x00000ccb       0x2d c:/program files (x86)/gnu arm embedded toolchain/10 2021.10/bin/../lib/gcc/arm-none-eabi/10.3.1/../../../../arm-none-eabi/lib/thumb/v7-m/nofp\libc.a(lib_a-lseekr.o)
 .ARM.attributes
                0x00000cf8       0x2d c:/program files (x86)/gnu arm embedded toolchain/10 2021.10/bin/../lib/gcc/arm-none-eabi/10.3.1/../../../../arm-none-eabi/lib/thumb/v7-m/nofp\libc.a(lib_a-readr.o)
 .ARM.attributes
                0x00000d25       0x1d c:/program files (x86)/gnu arm embedded toolchain/10 2021.10/bin/../lib/gcc/arm-none-eabi/10.3.1/thumb/v7-m/nofp\libgcc.a(_arm_muldivdf3.o)
 .ARM.attributes
                0x00000d42       0x1d c:/program files (x86)/gnu arm embedded toolchain/10 2021.10/bin/../lib/gcc/arm-none-eabi/10.3.1/thumb/v7-m/nofp\libgcc.a(_arm_cmpdf2.o)
 .ARM.attributes
                0x00000d5f       0x1d c:/program files (x86)/gnu arm embedded toolchain/10 2021.10/bin/../lib/gcc/arm-none-eabi/10.3.1/thumb/v7-m/nofp\libgcc.a(_arm_unorddf2.o)
 .ARM.attributes
                0x00000d7c       0x1d c:/program files (x86)/gnu arm embedded toolchain/10 2021.10/bin/../lib/gcc/arm-none-eabi/10.3.1/thumb/v7-m/nofp\libgcc.a(_arm_fixdfsi.o)
 .ARM.attributes
                0x00000d99       0x1d c:/program files (x86)/gnu arm embedded toolchain/10 2021.10/bin/../lib/gcc/arm-none-eabi/10.3.1/thumb/v7-m/nofp\libgcc.a(_aeabi_uldivmod.o)
 .ARM.attributes
                0x00000db6       0x2d c:/program files (x86)/gnu arm embedded toolchain/10 2021.10/bin/../lib/gcc/arm-none-eabi/10.3.1/thumb/v7-m/nofp\libgcc.a(_udivmoddi4.o)
 .ARM.attributes
                0x00000de3       0x1d c:/program files (x86)/gnu arm embedded toolchain/10 2021.10/bin/../lib/gcc/arm-none-eabi/10.3.1/thumb/v7-m/nofp\libgcc.a(_dvmd_tls.o)
 .ARM.attributes
                0x00000e00       0x2d c:/program files (x86)/gnu arm embedded toolchain/10 2021.10/bin/../lib/gcc/arm-none-eabi/10.3.1/../../../../arm-none-eabi/lib/thumb/v7-m/nofp\libnosys.a(close.o)
 .ARM.attributes
                0x00000e2d       0x2d c:/program files (x86)/gnu arm embedded toolchain/10 2021.10/bin/../lib/gcc/arm-none-eabi/10.3.1/../../../../arm-none-eabi/lib/thumb/v7-m/nofp\libnosys.a(fstat.o)
 .ARM.attributes
                0x00000e5a       0x2d c:/program files (x86)/gnu arm embedded toolchain/10 2021.10/bin/../lib/gcc/arm-none-eabi/10.3.1/../../../../arm-none-eabi/lib/thumb/v7-m/nofp\libnosys.a(getpid.o)
 .ARM.attributes
                0x00000e87       0x2d c:/program files (x86)/gnu arm embedded toolchain/10 2021.10/bin/../lib/gcc/arm-none-eabi/10.3.1/../../../../arm-none-eabi/lib/thumb/v7-m/nofp\libnosys.a(isatty.o)
 .ARM.attributes
                0x00000eb4       0x2d c:/program files (x86)/gnu arm embedded toolchain/10 2021.10/bin/../lib/gcc/arm-none-eabi/10.3.1/../../../../arm-none-eabi/lib/thumb/v7-m/nofp\libnosys.a(kill.o)
 .ARM.attributes
                0x00000ee1       0x2d c:/program files (x86)/gnu arm embedded toolchain/10 2021.10/bin/../lib/gcc/arm-none-eabi/10.3.1/../../../../arm-none-eabi/lib/thumb/v7-m/nofp\libnosys.a(lseek.o)
 .ARM.attributes
                0x00000f0e       0x2d c:/program files (x86)/gnu arm embedded toolchain/10 2021.10/bin/../lib/gcc/arm-none-eabi/10.3.1/../../../../arm-none-eabi/lib/thumb/v7-m/nofp\libnosys.a(read.o)
 .ARM.attributes
                0x00000f3b       0x2d c:/program files (x86)/gnu arm embedded toolchain/10 2021.10/bin/../lib/gcc/arm-none-eabi/10.3.1/../../../../arm-none-eabi/lib/thumb/v7-m/nofp\libnosys.a(sbrk.o)
 .ARM.attributes
                0x00000f68       0x2d c:/program files (x86)/gnu arm embedded toolchain/10 2021.10/bin/../lib/gcc/arm-none-eabi/10.3.1/../../../../arm-none-eabi/lib/thumb/v7-m/nofp\libnosys.a(write.o)
 .ARM.attributes
                0x00000f95       0x2d c:/program files (x86)/gnu arm embedded toolchain/10 2021.10/bin/../lib/gcc/arm-none-eabi/10.3.1/../../../../arm-none-eabi/lib/thumb/v7-m/nofp\libnosys.a(_exit.o)
 .ARM.attributes
                0x00000fc2       0x1d c:/program files (x86)/gnu arm embedded toolchain/10 2021.10/bin/../lib/gcc/arm-none-eabi/10.3.1/thumb/v7-m/nofp/crtn.o
OUTPUT(./build/Debug/HelloPID.elf elf32-littlearm)
LOAD linker stubs
LOAD c:/program files (x86)/gnu arm embedded toolchain/10 2021.10/bin/../lib/gcc/arm-none-eabi/10.3.1/../../../../arm-none-eabi/lib/thumb/v7-m/nofp\libc.a
LOAD c:/program files (x86)/gnu arm embedded toolchain/10 2021.10/bin/../lib/gcc/arm-none-eabi/10.3.1/../../../../arm-none-eabi/lib/thumb/v7-m/nofp\libm.a
LOAD c:/program files (x86)/gnu arm embedded toolchain/10 2021.10/bin/../lib/gcc/arm-none-eabi/10.3.1/thumb/v7-m/nofp\libgcc.a

.debug_info     0x00000000    0x102d3
 .debug_info    0x00000000      0x2cf ./build/Debug/delay.o
 .debug_info    0x000002cf      0x394 ./build/Debug/gpio.o
 .debug_info    0x00000663      0xf3d ./build/Debug/main.o
 .debug_info    0x000015a0     0x132a ./build/Debug/pwm.o
 .debug_info    0x000028ca      0x209 ./build/Debug/stm32f1xx_hal_msp.o
 .debug_info    0x00002ad3      0x6ec ./build/Debug/stm32f1xx_it.o
 .debug_info    0x000031bf      0x248 ./build/Debug/system_stm32f1xx.o
 .debug_info    0x00003407     0x1563 ./build/Debug/tim.o
 .debug_info    0x0000496a      0x93a ./build/Debug/usart.o
 .debug_info    0x000052a4      0x842 ./build/Debug/stm32f1xx_hal.o
 .debug_info    0x00005ae6      0xddc ./build/Debug/stm32f1xx_hal_cortex.o
 .debug_info    0x000068c2      0x66b ./build/Debug/stm32f1xx_hal_gpio.o
 .debug_info    0x00006f2d      0xaec ./build/Debug/stm32f1xx_hal_rcc.o
 .debug_info    0x00007a19     0x4da2 ./build/Debug/stm32f1xx_hal_tim.o
 .debug_info    0x0000c7bb     0x1b63 ./build/Debug/stm32f1xx_hal_tim_ex.o
 .debug_info    0x0000e31e     0x1f93 ./build/Debug/stm32f1xx_hal_uart.o
 .debug_info    0x000102b1       0x22 ./build/Debug/startup_stm32f103xe.o

.debug_abbrev   0x00000000     0x2540
 .debug_abbrev  0x00000000      0x13b ./build/Debug/delay.o
 .debug_abbrev  0x0000013b      0x13a ./build/Debug/gpio.o
 .debug_abbrev  0x00000275      0x267 ./build/Debug/main.o
 .debug_abbrev  0x000004dc      0x297 ./build/Debug/pwm.o
 .debug_abbrev  0x00000773       0xec ./build/Debug/stm32f1xx_hal_msp.o
 .debug_abbrev  0x0000085f      0x1b0 ./build/Debug/stm32f1xx_it.o
 .debug_abbrev  0x00000a0f      0x13e ./build/Debug/system_stm32f1xx.o
 .debug_abbrev  0x00000b4d      0x2db ./build/Debug/tim.o
 .debug_abbrev  0x00000e28      0x240 ./build/Debug/usart.o
 .debug_abbrev  0x00001068      0x256 ./build/Debug/stm32f1xx_hal.o
 .debug_abbrev  0x000012be      0x346 ./build/Debug/stm32f1xx_hal_cortex.o
 .debug_abbrev  0x00001604      0x1e4 ./build/Debug/stm32f1xx_hal_gpio.o
 .debug_abbrev  0x000017e8      0x315 ./build/Debug/stm32f1xx_hal_rcc.o
 .debug_abbrev  0x00001afd      0x361 ./build/Debug/stm32f1xx_hal_tim.o
 .debug_abbrev  0x00001e5e      0x325 ./build/Debug/stm32f1xx_hal_tim_ex.o
 .debug_abbrev  0x00002183      0x3ab ./build/Debug/stm32f1xx_hal_uart.o
 .debug_abbrev  0x0000252e       0x12 ./build/Debug/startup_stm32f103xe.o

.debug_loc      0x00000000     0xcdd7
 .debug_loc     0x00000000      0x269 ./build/Debug/delay.o
 .debug_loc     0x00000269       0x25 ./build/Debug/main.o
 .debug_loc     0x0000028e      0x853 ./build/Debug/pwm.o
 .debug_loc     0x00000ae1       0x15 ./build/Debug/stm32f1xx_hal_msp.o
 .debug_loc     0x00000af6       0xe7 ./build/Debug/system_stm32f1xx.o
 .debug_loc     0x00000bdd      0x1b0 ./build/Debug/tim.o
 .debug_loc     0x00000d8d       0x91 ./build/Debug/usart.o
 .debug_loc     0x00000e1e      0x168 ./build/Debug/stm32f1xx_hal.o
 .debug_loc     0x00000f86      0x717 ./build/Debug/stm32f1xx_hal_cortex.o
 .debug_loc     0x0000169d      0x460 ./build/Debug/stm32f1xx_hal_gpio.o
 .debug_loc     0x00001afd      0x753 ./build/Debug/stm32f1xx_hal_rcc.o
 .debug_loc     0x00002250     0x70ba ./build/Debug/stm32f1xx_hal_tim.o
 .debug_loc     0x0000930a     0x1883 ./build/Debug/stm32f1xx_hal_tim_ex.o
 .debug_loc     0x0000ab8d     0x224a ./build/Debug/stm32f1xx_hal_uart.o

.debug_aranges  0x00000000      0x978
 .debug_aranges
                0x00000000       0x38 ./build/Debug/delay.o
 .debug_aranges
                0x00000038       0x20 ./build/Debug/gpio.o
 .debug_aranges
                0x00000058       0x38 ./build/Debug/main.o
 .debug_aranges
                0x00000090       0x20 ./build/Debug/pwm.o
 .debug_aranges
                0x000000b0       0x20 ./build/Debug/stm32f1xx_hal_msp.o
 .debug_aranges
                0x000000d0       0x58 ./build/Debug/stm32f1xx_it.o
 .debug_aranges
                0x00000128       0x28 ./build/Debug/system_stm32f1xx.o
 .debug_aranges
                0x00000150       0x70 ./build/Debug/tim.o
 .debug_aranges
                0x000001c0       0x38 ./build/Debug/usart.o
 .debug_aranges
                0x000001f8       0xd8 ./build/Debug/stm32f1xx_hal.o
 .debug_aranges
                0x000002d0       0x90 ./build/Debug/stm32f1xx_hal_cortex.o
 .debug_aranges
                0x00000360       0x58 ./build/Debug/stm32f1xx_hal_gpio.o
 .debug_aranges
                0x000003b8       0x88 ./build/Debug/stm32f1xx_hal_rcc.o
 .debug_aranges
                0x00000440      0x278 ./build/Debug/stm32f1xx_hal_tim.o
 .debug_aranges
                0x000006b8      0x110 ./build/Debug/stm32f1xx_hal_tim_ex.o
 .debug_aranges
                0x000007c8      0x188 ./build/Debug/stm32f1xx_hal_uart.o
 .debug_aranges
                0x00000950       0x28 ./build/Debug/startup_stm32f103xe.o

.debug_ranges   0x00000000     0x1ae8
 .debug_ranges  0x00000000       0x28 ./build/Debug/delay.o
 .debug_ranges  0x00000028       0x88 ./build/Debug/gpio.o
 .debug_ranges  0x000000b0       0x58 ./build/Debug/main.o
 .debug_ranges  0x00000108      0x2d0 ./build/Debug/pwm.o
 .debug_ranges  0x000003d8       0x48 ./build/Debug/stm32f1xx_hal_msp.o
 .debug_ranges  0x00000420       0x48 ./build/Debug/stm32f1xx_it.o
 .debug_ranges  0x00000468       0x18 ./build/Debug/system_stm32f1xx.o
 .debug_ranges  0x00000480      0x200 ./build/Debug/tim.o
 .debug_ranges  0x00000680       0x70 ./build/Debug/usart.o
 .debug_ranges  0x000006f0       0xc8 ./build/Debug/stm32f1xx_hal.o
 .debug_ranges  0x000007b8      0x180 ./build/Debug/stm32f1xx_hal_cortex.o
 .debug_ranges  0x00000938       0x70 ./build/Debug/stm32f1xx_hal_gpio.o
 .debug_ranges  0x000009a8      0x140 ./build/Debug/stm32f1xx_hal_rcc.o
 .debug_ranges  0x00000ae8      0x8a0 ./build/Debug/stm32f1xx_hal_tim.o
 .debug_ranges  0x00001388      0x240 ./build/Debug/stm32f1xx_hal_tim_ex.o
 .debug_ranges  0x000015c8      0x500 ./build/Debug/stm32f1xx_hal_uart.o
 .debug_ranges  0x00001ac8       0x20 ./build/Debug/startup_stm32f103xe.o

.debug_line     0x00000000     0xe78b
 .debug_line    0x00000000      0x32a ./build/Debug/delay.o
 .debug_line    0x0000032a      0x243 ./build/Debug/gpio.o
 .debug_line    0x0000056d      0x43e ./build/Debug/main.o
 .debug_line    0x000009ab      0x5ab ./build/Debug/pwm.o
 .debug_line    0x00000f56      0x185 ./build/Debug/stm32f1xx_hal_msp.o
 .debug_line    0x000010db      0x2bb ./build/Debug/stm32f1xx_it.o
 .debug_line    0x00001396      0x21a ./build/Debug/system_stm32f1xx.o
 .debug_line    0x000015b0      0xa0f ./build/Debug/tim.o
 .debug_line    0x00001fbf      0x41b ./build/Debug/usart.o
 .debug_line    0x000023da      0x566 ./build/Debug/stm32f1xx_hal.o
 .debug_line    0x00002940      0x6dd ./build/Debug/stm32f1xx_hal_cortex.o
 .debug_line    0x0000301d      0x625 ./build/Debug/stm32f1xx_hal_gpio.o
 .debug_line    0x00003642      0xe05 ./build/Debug/stm32f1xx_hal_rcc.o
 .debug_line    0x00004447     0x5e51 ./build/Debug/stm32f1xx_hal_tim.o
 .debug_line    0x0000a298     0x19fb ./build/Debug/stm32f1xx_hal_tim_ex.o
 .debug_line    0x0000bc93     0x2a78 ./build/Debug/stm32f1xx_hal_uart.o
 .debug_line    0x0000e70b       0x80 ./build/Debug/startup_stm32f103xe.o

.debug_str      0x00000000     0x3741
 .debug_str     0x00000000      0x1d7 ./build/Debug/delay.o
                                0x22a (size before relaxing)
 .debug_str     0x000001d7       0xde ./build/Debug/gpio.o
                                0x261 (size before relaxing)
 .debug_str     0x000002b5      0x940 ./build/Debug/main.o
                                0xbab (size before relaxing)
 .debug_str     0x00000bf5       0xe3 ./build/Debug/pwm.o
                                0x7eb (size before relaxing)
 .debug_str     0x00000cd8       0x59 ./build/Debug/stm32f1xx_hal_msp.o
                                0x203 (size before relaxing)
 .debug_str     0x00000d31       0xd9 ./build/Debug/stm32f1xx_it.o
                                0x6f7 (size before relaxing)
 .debug_str     0x00000e0a       0x6d ./build/Debug/system_stm32f1xx.o
                                0x238 (size before relaxing)
 .debug_str     0x00000e77      0x796 ./build/Debug/tim.o
                                0xf1b (size before relaxing)
 .debug_str     0x0000160d       0x8f ./build/Debug/usart.o
                                0x6d0 (size before relaxing)
 .debug_str     0x0000169c      0x2cb ./build/Debug/stm32f1xx_hal.o
                                0x8ec (size before relaxing)
 .debug_str     0x00001967      0x397 ./build/Debug/stm32f1xx_hal_cortex.o
                                0x99b (size before relaxing)
 .debug_str     0x00001cfe       0xe6 ./build/Debug/stm32f1xx_hal_gpio.o
                                0x3e4 (size before relaxing)
 .debug_str     0x00001de4      0x1f3 ./build/Debug/stm32f1xx_hal_rcc.o
                                0x60f (size before relaxing)
 .debug_str     0x00001fd7      0xcb9 ./build/Debug/stm32f1xx_hal_tim.o
                               0x161c (size before relaxing)
 .debug_str     0x00002c90      0x471 ./build/Debug/stm32f1xx_hal_tim_ex.o
                                0xe1d (size before relaxing)
 .debug_str     0x00003101      0x5eb ./build/Debug/stm32f1xx_hal_uart.o
                                0xc72 (size before relaxing)
 .debug_str     0x000036ec       0x55 ./build/Debug/startup_stm32f103xe.o

.comment        0x00000000       0x49
 .comment       0x00000000       0x49 ./build/Debug/delay.o
                                 0x4a (size before relaxing)
 .comment       0x00000049       0x4a ./build/Debug/gpio.o
 .comment       0x00000049       0x4a ./build/Debug/main.o
 .comment       0x00000049       0x4a ./build/Debug/pwm.o
 .comment       0x00000049       0x4a ./build/Debug/stm32f1xx_hal_msp.o
 .comment       0x00000049       0x4a ./build/Debug/stm32f1xx_it.o
 .comment       0x00000049       0x4a ./build/Debug/system_stm32f1xx.o
 .comment       0x00000049       0x4a ./build/Debug/tim.o
 .comment       0x00000049       0x4a ./build/Debug/usart.o
 .comment       0x00000049       0x4a ./build/Debug/stm32f1xx_hal.o
 .comment       0x00000049       0x4a ./build/Debug/stm32f1xx_hal_cortex.o
 .comment       0x00000049       0x4a ./build/Debug/stm32f1xx_hal_gpio.o
 .comment       0x00000049       0x4a ./build/Debug/stm32f1xx_hal_rcc.o
 .comment       0x00000049       0x4a ./build/Debug/stm32f1xx_hal_tim.o
 .comment       0x00000049       0x4a ./build/Debug/stm32f1xx_hal_tim_ex.o
 .comment       0x00000049       0x4a ./build/Debug/stm32f1xx_hal_uart.o

.debug_frame    0x00000000     0x3848
 .debug_frame   0x00000000       0x6c ./build/Debug/delay.o