Archive member included to satisfy reference by file (symbol)

c:/program files (x86)/gnu arm embedded toolchain/10 2021.10/bin/../lib/gcc/arm-none-eabi/10.3.1/../../../../arm-none-eabi/lib/thumb/v7-m/nofp\libc.a(lib_a-exit.o)
                              c:/program files (x86)/gnu arm embedded toolchain/10 2021.10/bin/../lib/gcc/arm-none-eabi/10.3.1/../../../../arm-none-eabi/lib/thumb/v7-m/nofp/crt0.o (exit)
c:/program files (x86)/gnu arm embedded toolchain/10 2021.10/bin/../lib/gcc/arm-none-eabi/10.3.1/../../../../arm-none-eabi/lib/thumb/v7-m/nofp\libc.a(lib_a-impure.o)
                              c:/program files (x86)/gnu arm embedded toolchain/10 2021.10/bin/../lib/gcc/arm-none-eabi/10.3.1/../../../../arm-none-eabi/lib/thumb/v7-m/nofp\libc.a(lib_a-exit.o) (_global_impure_ptr)
c:/program files (x86)/gnu arm embedded toolchain/10 2021.10/bin/../lib/gcc/arm-none-eabi/10.3.1/../../../../arm-none-eabi/lib/thumb/v7-m/nofp\libc.a(lib_a-init.o)
                              c:/program files (x86)/gnu arm embedded toolchain/10 2021.10/bin/../lib/gcc/arm-none-eabi/10.3.1/../../../../arm-none-eabi/lib/thumb/v7-m/nofp/crt0.o (__libc_init_array)
c:/program files (x86)/gnu arm embedded toolchain/10 2021.10/bin/../lib/gcc/arm-none-eabi/10.3.1/../../../../arm-none-eabi/lib/thumb/v7-m/nofp\libc.a(lib_a-memset.o)
                              c:/program files (x86)/gnu arm embedded toolchain/10 2021.10/bin/../lib/gcc/arm-none-eabi/10.3.1/../../../../arm-none-eabi/lib/thumb/v7-m/nofp/crt0.o (memset)
c:/program files (x86)/gnu arm embedded toolchain/10 2021.10/bin/../lib/gcc/arm-none-eabi/10.3.1/../../../../arm-none-eabi/lib/thumb/v7-m/nofp\libc.a(lib_a-rand.o)
                              ./build/Debug/main.o (rand)
c:/program files (x86)/gnu arm embedded toolchain/10 2021.10/bin/../lib/gcc/arm-none-eabi/10.3.1/../../../../arm-none-eabi/lib/thumb/v7-m/nofp\libc.a(lib_a-strlen-stub.o)
                              ./build/Debug/usart.o (strlen)
c:/program files (x86)/gnu arm embedded toolchain/10 2021.10/bin/../lib/gcc/arm-none-eabi/10.3.1/../../../../arm-none-eabi/lib/thumb/v7-m/nofp\libc.a(lib_a-vsprintf.o)
                              ./build/Debug/usart.o (vsprintf)
c:/program files (x86)/gnu arm embedded toolchain/10 2021.10/bin/../lib/gcc/arm-none-eabi/10.3.1/../../../../arm-none-eabi/lib/thumb/v7-m/nofp\libc.a(lib_a-__call_atexit.o)
                              c:/program files (x86)/gnu arm embedded toolchain/10 2021.10/bin/../lib/gcc/arm-none-eabi/10.3.1/../../../../arm-none-eabi/lib/thumb/v7-m/nofp\libc.a(lib_a-exit.o) (__call_exitprocs)
c:/program files (x86)/gnu arm embedded toolchain/10 2021.10/bin/../lib/gcc/arm-none-eabi/10.3.1/../../../../arm-none-eabi/lib/thumb/v7-m/nofp\libc.a(lib_a-atexit.o)
                              c:/program files (x86)/gnu arm embedded toolchain/10 2021.10/bin/../lib/gcc/arm-none-eabi/10.3.1/../../../../arm-none-eabi/lib/thumb/v7-m/nofp\libc.a(lib_a-__call_atexit.o) (atexit)
c:/program files (x86)/gnu arm embedded toolchain/10 2021.10/bin/../lib/gcc/arm-none-eabi/10.3.1/../../../../arm-none-eabi/lib/thumb/v7-m/nofp\libc.a(lib_a-fini.o)
                              c:/program files (x86)/gnu arm embedded toolchain/10 2021.10/bin/../lib/gcc/arm-none-eabi/10.3.1/../../../../arm-none-eabi/lib/thumb/v7-m/nofp\libc.a(lib_a-__call_atexit.o) (__libc_fini_array)
c:/program files (x86)/gnu arm embedded toolchain/10 2021.10/bin/../lib/gcc/arm-none-eabi/10.3.1/../../../../arm-none-eabi/lib/thumb/v7-m/nofp\libc.a(lib_a-lock.o)
                              c:/program files (x86)/gnu arm embedded toolchain/10 2021.10/bin/../lib/gcc/arm-none-eabi/10.3.1/../../../../arm-none-eabi/lib/thumb/v7-m/nofp\libc.a(lib_a-__call_atexit.o) (__retarget_lock_acquire_recursive)
c:/program files (x86)/gnu arm embedded toolchain/10 2021.10/bin/../lib/gcc/arm-none-eabi/10.3.1/../../../../arm-none-eabi/lib/thumb/v7-m/nofp\libc.a(lib_a-svfprintf.o)
                              c:/program files (x86)/gnu arm embedded toolchain/10 2021.10/bin/../lib/gcc/arm-none-eabi/10.3.1/../../../../arm-none-eabi/lib/thumb/v7-m/nofp\libc.a(lib_a-vsprintf.o) (_svfprintf_r)
c:/program files (x86)/gnu arm embedded toolchain/10 2021.10/bin/../lib/gcc/arm-none-eabi/10.3.1/../../../../arm-none-eabi/lib/thumb/v7-m/nofp\libc.a(lib_a-__atexit.o)
                              c:/program files (x86)/gnu arm embedded toolchain/10 2021.10/bin/../lib/gcc/arm-none-eabi/10.3.1/../../../../arm-none-eabi/lib/thumb/v7-m/nofp\libc.a(lib_a-atexit.o) (__register_exitproc)
c:/program files (x86)/gnu arm embedded toolchain/10 2021.10/bin/../lib/gcc/arm-none-eabi/10.3.1/../../../../arm-none-eabi/lib/thumb/v7-m/nofp\libc.a(lib_a-dtoa.o)
                              c:/program files (x86)/gnu arm embedded toolchain/10 2021.10/bin/../lib/gcc/arm-none-eabi/10.3.1/../../../../arm-none-eabi/lib/thumb/v7-m/nofp\libc.a(lib_a-svfprintf.o) (_dtoa_r)
[...]
Memory Configuration

Name             Origin             Length             Attributes
RAM              0x20000000         0x0000c000         xrw
FLASH            0x08000000         0x00040000         xr
*default*        0x00000000         0xffffffff

Linker script and memory map

LOAD c:/program files (x86)/gnu arm embedded toolchain/10 2021.10/bin/../lib/gcc/arm-none-eabi/10.3.1/thumb/v7-m/nofp/crti.o
LOAD c:/program files (x86)/gnu arm embedded toolchain/10 2021.10/bin/../lib/gcc/arm-none-eabi/10.3.1/thumb/v7-m/nofp/crtbegin.o
LOAD c:/program files (x86)/gnu arm embedded toolchain/10 2021.10/bin/../lib/gcc/arm-none-eabi/10.3.1/../../../../arm-none-eabi/lib/thumb/v7-m/nofp/crt0.o
LOAD ./build/Debug/delay.o
LOAD ./build/Debug/dma.o
LOAD ./build/Debug/gpio.o
LOAD ./build/Debug/main.o
LOAD ./build/Debug/stm32f1xx_hal_msp.o
LOAD ./build/Debug/stm32f1xx_it.o
LOAD ./build/Debug/system_stm32f1xx.o
LOAD ./build/Debug/usart.o
LOAD ./build/Debug/stm32f1xx_hal.o
LOAD ./build/Debug/stm32f1xx_hal_cortex.o
LOAD ./build/Debug/stm32f1xx_hal_dma.o
LOAD ./build/Debug/stm32f1xx_hal_exti.o
LOAD ./build/Debug/stm32f1xx_hal_flash.o
LOAD ./build/Debug/stm32f1xx_hal_flash_ex.o
LOAD ./build/Debug/stm32f1xx_hal_gpio.o
LOAD ./build/Debug/stm32f1xx_hal_gpio_ex.o
LOAD ./build/Debug/stm32f1xx_hal_pwr.o
LOAD ./build/Debug/stm32f1xx_hal_rcc.o
LOAD ./build/Debug/stm32f1xx_hal_rcc_ex.o
LOAD ./build/Debug/stm32f1xx_hal_tim.o
LOAD ./build/Debug/stm32f1xx_hal_tim_ex.o
LOAD ./build/Debug/stm32f1xx_hal_uart.o
LOAD ./build/Debug/startup_stm32f103xe.o
LOAD c:/program files (x86)/gnu arm embedded toolchain/10 2021.10/bin/../lib/gcc/arm-none-eabi/10.3.1/../../../../arm-none-eabi/lib/thumb/v7-m/nofp\libm.a
START GROUP
LOAD c:/program files (x86)/gnu arm embedded toolchain/10 2021.10/bin/../lib/gcc/arm-none-eabi/10.3.1/thumb/v7-m/nofp\libgcc.a
LOAD c:/program files (x86)/gnu arm embedded toolchain/10 2021.10/bin/../lib/gcc/arm-none-eabi/10.3.1/../../../../arm-none-eabi/lib/thumb/v7-m/nofp\libc.a
END GROUP
START GROUP
LOAD c:/program files (x86)/gnu arm embedded toolchain/10 2021.10/bin/../lib/gcc/arm-none-eabi/10.3.1/thumb/v7-m/nofp\libgcc.a
LOAD c:/program files (x86)/gnu arm embedded toolchain/10 2021.10/bin/../lib/gcc/arm-none-eabi/10.3.1/../../../../arm-none-eabi/lib/thumb/v7-m/nofp\libc.a
LOAD c:/program files (x86)/gnu arm embedded toolchain/10 2021.10/bin/../lib/gcc/arm-none-eabi/10.3.1/../../../../arm-none-eabi/lib/thumb/v7-m/nofp\libnosys.a
END GROUP
LOAD c:/program files (x86)/gnu arm embedded toolchain/10 2021.10/bin/../lib/gcc/arm-none-eabi/10.3.1/thumb/v7-m/nofp/crtend.o
LOAD c:/program files (x86)/gnu arm embedded toolchain/10 2021.10/bin/../lib/gcc/arm-none-eabi/10.3.1/thumb/v7-m/nofp/crtn.o
                0x2000c000                _estack = 0x2000c000
                0x00000200                _Min_Heap_Size = 0x200
                0x00000400                _Min_Stack_Size = 0x400

.isr_vector     0x08000000      0x1e4
                0x08000000                . = ALIGN (0x4)
 *(.isr_vector)
 .isr_vector    0x08000000      0x1e4 ./build/Debug/startup_stm32f103xe.o
                0x08000000                g_pfnVectors
                0x080001e4                . = ALIGN (0x4)

.text           0x080001e8     0x9508
                0x080001e8                . = ALIGN (0x4)
 *(.text)
 .text          0x080001e8       0x40 c:/program files (x86)/gnu arm embedded toolchain/10 2021.10/bin/../lib/gcc/arm-none-eabi/10.3.1/thumb/v7-m/nofp/crtbegin.o
 .text          0x08000228       0xec c:/program files (x86)/gnu arm embedded toolchain/10 2021.10/bin/../lib/gcc/arm-none-eabi/10.3.1/../../../../arm-none-eabi/lib/thumb/v7-m/nofp\libc.a(lib_a-memcpy.o)
                0x08000228                memcpy
 .text          0x08000314      0x378 c:/program files (x86)/gnu arm embedded toolchain/10 2021.10/bin/../lib/gcc/arm-none-eabi/10.3.1/thumb/v7-m/nofp\libgcc.a(_arm_addsubdf3.o)
                0x08000314                __aeabi_drsub
                0x0800031c                __aeabi_dsub
                0x0800031c                __subdf3
                0x08000320                __aeabi_dadd
                0x08000320                __adddf3
                0x08000598                __floatunsidf
                0x08000598                __aeabi_ui2d
                0x080005b8                __floatsidf
                0x080005b8                __aeabi_i2d
                0x080005dc                __aeabi_f2d
                0x080005dc                __extendsfdf2
                0x08000620                __floatundidf
                0x08000620                __aeabi_ul2d
                0x08000630                __floatdidf
                0x08000630                __aeabi_l2d
 .text          0x0800068c      0x424 c:/program files (x86)/gnu arm embedded toolchain/10 2021.10/bin/../lib/gcc/arm-none-eabi/10.3.1/thumb/v7-m/nofp\libgcc.a(_arm_muldivdf3.o)
                0x0800068c                __aeabi_dmul
                0x0800068c                __muldf3
                0x080008e0                __divdf3
                0x080008e0                __aeabi_ddiv
 .text          0x08000ab0      0x110 c:/program files (x86)/gnu arm embedded toolchain/10 2021.10/bin/../lib/gcc/arm-none-eabi/10.3.1/thumb/v7-m/nofp\libgcc.a(_arm_cmpdf2.o)
                0x08000ab0                __gtdf2
                0x08000ab0                __gedf2
                0x08000ab8                __ltdf2
                0x08000ab8                __ledf2
                0x08000ac0                __nedf2
                0x08000ac0                __eqdf2
                0x08000ac0                __cmpdf2
                0x08000b3c                __aeabi_cdrcmple
                0x08000b4c                __aeabi_cdcmpeq
                0x08000b4c                __aeabi_cdcmple
                0x08000b5c                __aeabi_dcmpeq
                0x08000b70                __aeabi_dcmplt
                0x08000b84                __aeabi_dcmple
                0x08000b98                __aeabi_dcmpge
                0x08000bac                __aeabi_dcmpgt
 .text          0x08000bc0       0x2c c:/program files (x86)/gnu arm embedded toolchain/10 2021.10/bin/../lib/gcc/arm-none-eabi/10.3.1/thumb/v7-m/nofp\libgcc.a(_arm_unorddf2.o)
                0x08000bc0                __unorddf2
                0x08000bc0                __aeabi_dcmpun
 .text          0x08000bec       0x50 c:/program files (x86)/gnu arm embedded toolchain/10 2021.10/bin/../lib/gcc/arm-none-eabi/10.3.1/thumb/v7-m/nofp\libgcc.a(_arm_fixdfsi.o)
                0x08000bec                __aeabi_d2iz
                0x08000bec                __fixdfsi
 .text          0x08000c3c       0x30 c:/program files (x86)/gnu arm embedded toolchain/10 2021.10/bin/../lib/gcc/arm-none-eabi/10.3.1/thumb/v7-m/nofp\libgcc.a(_aeabi_uldivmod.o)
                0x08000c3c                __aeabi_uldivmod
 .text          0x08000c6c      0x2d4 c:/program files (x86)/gnu arm embedded toolchain/10 2021.10/bin/../lib/gcc/arm-none-eabi/10.3.1/thumb/v7-m/nofp\libgcc.a(_udivmoddi4.o)
                0x08000c6c                __udivmoddi4
 .text          0x08000f40        0x4 c:/program files (x86)/gnu arm embedded toolchain/10 2021.10/bin/../lib/gcc/arm-none-eabi/10.3.1/thumb/v7-m/nofp\libgcc.a(_dvmd_tls.o)
                0x08000f40                __aeabi_idiv0
                0x08000f40                __aeabi_ldiv0
 *(.text*)
 .text.MX_DMA_Init
                0x08000f44       0x3c ./build/Debug/dma.o
                0x08000f44                MX_DMA_Init
 .text.MX_GPIO_Init
                0x08000f80       0x7c ./build/Debug/gpio.o
                0x08000f80                MX_GPIO_Init
 .text.main     0x08000ffc       0x22 ./build/Debug/main.o
                0x08000ffc                main
 .text.SystemClock_Config
                0x0800101e       0x8a ./build/Debug/main.o
                0x0800101e                SystemClock_Config
 .text.partB    0x080010a8       0x98 ./build/Debug/main.o
                0x080010a8                partB
 .text.Error_Handler
                0x08001140        0xa ./build/Debug/main.o
                0x08001140                Error_Handler
 *fill*         0x0800114a        0x2 
 .text.HAL_MspInit
                0x0800114c       0x64 ./build/Debug/stm32f1xx_hal_msp.o
                0x0800114c                HAL_MspInit
 .text.NMI_Handler
                0x080011b0        0x6 ./build/Debug/stm32f1xx_it.o
                0x080011b0                NMI_Handler
 .text.HardFault_Handler
                0x080011b6        0x6 ./build/Debug/stm32f1xx_it.o
                0x080011b6                HardFault_Handler
 .text.MemManage_Handler
                0x080011bc        0x6 ./build/Debug/stm32f1xx_it.o
                0x080011bc                MemManage_Handler
 .text.BusFault_Handler
                0x080011c2        0x6 ./build/Debug/stm32f1xx_it.o
                0x080011c2                BusFault_Handler
 .text.UsageFault_Handler
                0x080011c8        0x6 ./build/Debug/stm32f1xx_it.o
                0x080011c8                UsageFault_Handler
 .text.SVC_Handler
                0x080011ce        0xc ./build/Debug/stm32f1xx_it.o
                0x080011ce                SVC_Handler
 .text.DebugMon_Handler
                0x080011da        0xc ./build/Debug/stm32f1xx_it.o
                0x080011da                DebugMon_Handler
 .text.PendSV_Handler
                0x080011e6        0xc ./build/Debug/stm32f1xx_it.o
                0x080011e6                PendSV_Handler
 .text.SysTick_Handler
                0x080011f2        0xc ./build/Debug/stm32f1xx_it.o
                0x080011f2                SysTick_Handler
 *fill*         0x080011fe        0x2 
 .text.DMA1_Channel6_IRQHandler
                0x08001200       0x14 ./build/Debug/stm32f1xx_it.o
                0x08001200                DMA1_Channel6_IRQHandler
 .text.USART2_IRQHandler
                0x08001214       0x14 ./build/Debug/stm32f1xx_it.o
                0x08001214                USART2_IRQHandler
 .text.SystemInit
                0x08001228        0xc ./build/Debug/system_stm32f1xx.o
                0x08001228                SystemInit
 .text.MX_USART1_UART_Init
                0x08001234       0x54 ./build/Debug/usart.o
                0x08001234                MX_USART1_UART_Init
 .text.MX_USART2_UART_Init
                0x08001288       0x54 ./build/Debug/usart.o
                0x08001288                MX_USART2_UART_Init
 .text.HAL_UART_MspInit
                0x080012dc      0x16c ./build/Debug/usart.o
                0x080012dc                HAL_UART_MspInit
 .text.u_printf
                0x08001448       0x54 ./build/Debug/usart.o
                0x08001448                u_printf
 .text.HAL_Init
                0x0800149c       0x2c ./build/Debug/stm32f1xx_hal.o
                0x0800149c                HAL_Init
 .text.HAL_InitTick
                0x080014c8       0x60 ./build/Debug/stm32f1xx_hal.o
                0x080014c8                HAL_InitTick
 .text.HAL_IncTick
                0x08001528       0x24 ./build/Debug/stm32f1xx_hal.o
                0x08001528                HAL_IncTick
 .text.HAL_GetTick
                0x0800154c       0x14 ./build/Debug/stm32f1xx_hal.o
                0x0800154c                HAL_GetTick
 .text.__NVIC_SetPriorityGrouping
                0x08001560       0x48 ./build/Debug/stm32f1xx_hal_cortex.o
 .text.__NVIC_GetPriorityGrouping
                0x080015a8       0x1c ./build/Debug/stm32f1xx_hal_cortex.o
 .text.__NVIC_EnableIRQ
                0x080015c4       0x38 ./build/Debug/stm32f1xx_hal_cortex.o
 .text.__NVIC_SetPriority
                0x080015fc       0x54 ./build/Debug/stm32f1xx_hal_cortex.o
 .text.NVIC_EncodePriority
                0x08001650       0x64 ./build/Debug/stm32f1xx_hal_cortex.o
 .text.SysTick_Config
                0x080016b4       0x44 ./build/Debug/stm32f1xx_hal_cortex.o
 .text.HAL_NVIC_SetPriorityGrouping
                0x080016f8       0x16 ./build/Debug/stm32f1xx_hal_cortex.o
                0x080016f8                HAL_NVIC_SetPriorityGrouping
 .text.HAL_NVIC_SetPriority
                0x0800170e       0x38 ./build/Debug/stm32f1xx_hal_cortex.o
                0x0800170e                HAL_NVIC_SetPriority
 .text.HAL_NVIC_EnableIRQ
                0x08001746       0x1c ./build/Debug/stm32f1xx_hal_cortex.o
                0x08001746                HAL_NVIC_EnableIRQ
 .text.HAL_SYSTICK_Config
                0x08001762       0x18 ./build/Debug/stm32f1xx_hal_cortex.o
                0x08001762                HAL_SYSTICK_Config
 *fill*         0x0800177a        0x2 
 .text.HAL_DMA_Init
                0x0800177c       0xec ./build/Debug/stm32f1xx_hal_dma.o
                0x0800177c                HAL_DMA_Init
 .text.HAL_DMA_Abort
                0x08001868       0x74 ./build/Debug/stm32f1xx_hal_dma.o
                0x08001868                HAL_DMA_Abort
 .text.HAL_DMA_Abort_IT
                0x080018dc      0x210 ./build/Debug/stm32f1xx_hal_dma.o
                0x080018dc                HAL_DMA_Abort_IT
 .text.HAL_DMA_IRQHandler
                0x08001aec      0x478 ./build/Debug/stm32f1xx_hal_dma.o
                0x08001aec                HAL_DMA_IRQHandler
 .text.HAL_GPIO_Init
                0x08001f64      0x328 ./build/Debug/stm32f1xx_hal_gpio.o
                0x08001f64                HAL_GPIO_Init
 .text.HAL_GPIO_WritePin
                0x0800228c       0x30 ./build/Debug/stm32f1xx_hal_gpio.o
                0x0800228c                HAL_GPIO_WritePin
 .text.HAL_RCC_OscConfig
                0x080022bc      0x504 ./build/Debug/stm32f1xx_hal_rcc.o
                0x080022bc                HAL_RCC_OscConfig
 .text.HAL_RCC_ClockConfig
                0x080027c0      0x1d4 ./build/Debug/stm32f1xx_hal_rcc.o
                0x080027c0                HAL_RCC_ClockConfig
 .text.HAL_RCC_GetSysClockFreq
                0x08002994       0xbc ./build/Debug/stm32f1xx_hal_rcc.o
                0x08002994                HAL_RCC_GetSysClockFreq
 .text.HAL_RCC_GetHCLKFreq
                0x08002a50       0x14 ./build/Debug/stm32f1xx_hal_rcc.o
                0x08002a50                HAL_RCC_GetHCLKFreq
 .text.HAL_RCC_GetPCLK1Freq
                0x08002a64       0x28 ./build/Debug/stm32f1xx_hal_rcc.o
                0x08002a64                HAL_RCC_GetPCLK1Freq
 .text.HAL_RCC_GetPCLK2Freq
                0x08002a8c       0x28 ./build/Debug/stm32f1xx_hal_rcc.o
                0x08002a8c                HAL_RCC_GetPCLK2Freq
 .text.RCC_Delay
                0x08002ab4       0x3c ./build/Debug/stm32f1xx_hal_rcc.o
 .text.HAL_UART_Init
                0x08002af0       0x9a ./build/Debug/stm32f1xx_hal_uart.o
                0x08002af0                HAL_UART_Init
 .text.HAL_UART_Transmit
                0x08002b8a      0x124 ./build/Debug/stm32f1xx_hal_uart.o
                0x08002b8a                HAL_UART_Transmit
 .text.HAL_UART_Receive
                0x08002cae      0x144 ./build/Debug/stm32f1xx_hal_uart.o
                0x08002cae                HAL_UART_Receive
 *fill*         0x08002df2        0x2 
 .text.HAL_UART_IRQHandler
                0x08002df4      0x354 ./build/Debug/stm32f1xx_hal_uart.o
                0x08002df4                HAL_UART_IRQHandler
 .text.HAL_UART_TxCpltCallback
                0x08003148       0x12 ./build/Debug/stm32f1xx_hal_uart.o
                0x08003148                HAL_UART_TxCpltCallback
 .text.HAL_UART_RxCpltCallback
                0x0800315a       0x12 ./build/Debug/stm32f1xx_hal_uart.o
                0x0800315a                HAL_UART_RxCpltCallback
 .text.HAL_UART_ErrorCallback
                0x0800316c       0x12 ./build/Debug/stm32f1xx_hal_uart.o
                0x0800316c                HAL_UART_ErrorCallback
 .text.HAL_UARTEx_RxEventCallback
                0x0800317e       0x16 ./build/Debug/stm32f1xx_hal_uart.o
                0x0800317e                HAL_UARTEx_RxEventCallback
 .text.UART_WaitOnFlagUntilTimeout
                0x08003194       0x94 ./build/Debug/stm32f1xx_hal_uart.o
 .text.UART_EndRxTransfer
                0x08003228       0x58 ./build/Debug/stm32f1xx_hal_uart.o
 .text.UART_DMAAbortOnError
                0x08003280       0x28 ./build/Debug/stm32f1xx_hal_uart.o
 .text.UART_Transmit_IT
                0x080032a8       0x9e ./build/Debug/stm32f1xx_hal_uart.o
 .text.UART_EndTransmit_IT
                0x08003346       0x30 ./build/Debug/stm32f1xx_hal_uart.o
 .text.UART_Receive_IT
                0x08003376      0x152 ./build/Debug/stm32f1xx_hal_uart.o
 .text.UART_SetConfig
                0x080034c8      0x11c ./build/Debug/stm32f1xx_hal_uart.o
 .text.Reset_Handler
                0x080035e4       0x48 ./build/Debug/startup_stm32f103xe.o
                0x080035e4                Reset_Handler
 .text.Default_Handler
                0x0800362c        0x2 ./build/Debug/startup_stm32f103xe.o
                0x0800362c                RTC_Alarm_IRQHandler
                0x0800362c                EXTI2_IRQHandler
                0x0800362c                TIM8_TRG_COM_IRQHandler
                0x0800362c                TIM8_CC_IRQHandler
                0x0800362c                TIM1_CC_IRQHandler
                0x0800362c                TIM6_IRQHandler
                0x0800362c                PVD_IRQHandler
                0x0800362c                SDIO_IRQHandler
                0x0800362c                EXTI3_IRQHandler
                0x0800362c                EXTI0_IRQHandler
                0x0800362c                I2C2_EV_IRQHandler
                0x0800362c                ADC1_2_IRQHandler
                0x0800362c                SPI1_IRQHandler
                0x0800362c                TAMPER_IRQHandler
                0x0800362c                TIM8_UP_IRQHandler
                0x0800362c                DMA2_Channel2_IRQHandler
                0x0800362c                DMA1_Channel4_IRQHandler
                0x0800362c                USART3_IRQHandler
                0x0800362c                RTC_IRQHandler
                0x0800362c                DMA1_Channel7_IRQHandler
                0x0800362c                CAN1_RX1_IRQHandler
                0x0800362c                UART5_IRQHandler
                0x0800362c                ADC3_IRQHandler
                0x0800362c                TIM4_IRQHandler
                0x0800362c                DMA2_Channel1_IRQHandler
                0x0800362c                I2C1_EV_IRQHandler
                0x0800362c                UART4_IRQHandler
                0x0800362c                TIM3_IRQHandler
                0x0800362c                RCC_IRQHandler
                0x0800362c                TIM1_TRG_COM_IRQHandler
                0x0800362c                DMA1_Channel1_IRQHandler
                0x0800362c                Default_Handler
                0x0800362c                EXTI15_10_IRQHandler
                0x0800362c                TIM7_IRQHandler
                0x0800362c                TIM5_IRQHandler
                0x0800362c                EXTI9_5_IRQHandler
                0x0800362c                SPI2_IRQHandler
                0x0800362c                DMA1_Channel5_IRQHandler
                0x0800362c                EXTI4_IRQHandler
                0x0800362c                USB_LP_CAN1_RX0_IRQHandler
                0x0800362c                USB_HP_CAN1_TX_IRQHandler
                0x0800362c                DMA1_Channel3_IRQHandler
                0x0800362c                FSMC_IRQHandler
                0x0800362c                TIM1_UP_IRQHandler
                0x0800362c                WWDG_IRQHandler
                0x0800362c                TIM2_IRQHandler
                0x0800362c                TIM1_BRK_IRQHandler
                0x0800362c                EXTI1_IRQHandler
                0x0800362c                DMA2_Channel4_5_IRQHandler
                0x0800362c                I2C2_ER_IRQHandler
                0x0800362c                DMA1_Channel2_IRQHandler
                0x0800362c                TIM8_BRK_IRQHandler
                0x0800362c                CAN1_SCE_IRQHandler
                0x0800362c                FLASH_IRQHandler
                0x0800362c                USART1_IRQHandler
                0x0800362c                SPI3_IRQHandler
                0x0800362c                I2C1_ER_IRQHandler
                0x0800362c                USBWakeUp_IRQHandler
                0x0800362c                DMA2_Channel3_IRQHandler
 *fill*         0x0800362e        0x2 
 .text.__libc_init_array
                0x08003630       0x48 c:/program files (x86)/gnu arm embedded toolchain/10 2021.10/bin/../lib/gcc/arm-none-eabi/10.3.1/../../../../arm-none-eabi/lib/thumb/v7-m/nofp\libc.a(lib_a-init.o)
                0x08003630                __libc_init_array
 .text.memset   0x08003678       0xa4 c:/program files (x86)/gnu arm embedded toolchain/10 2021.10/bin/../lib/gcc/arm-none-eabi/10.3.1/../../../../arm-none-eabi/lib/thumb/v7-m/nofp\libc.a(lib_a-memset.o)
                0x08003678                memset
 .text.strlen   0x0800371c       0x5c c:/program files (x86)/gnu arm embedded toolchain/10 2021.10/bin/../lib/gcc/arm-none-eabi/10.3.1/../../../../arm-none-eabi/lib/thumb/v7-m/nofp\libc.a(lib_a-strlen-stub.o)
                0x0800371c                strlen
 .text.vsprintf
                0x08003778       0x38 c:/program files (x86)/gnu arm embedded toolchain/10 2021.10/bin/../lib/gcc/arm-none-eabi/10.3.1/../../../../arm-none-eabi/lib/thumb/v7-m/nofp\libc.a(lib_a-vsprintf.o)
                0x08003778                vsprintf
 .text.startup.register_fini
                0x080037b0       0x14 c:/program files (x86)/gnu arm embedded toolchain/10 2021.10/bin/../lib/gcc/arm-none-eabi/10.3.1/../../../../arm-none-eabi/lib/thumb/v7-m/nofp\libc.a(lib_a-__call_atexit.o)
 .text.atexit   0x080037c4        0xc c:/program files (x86)/gnu arm embedded toolchain/10 2021.10/bin/../lib/gcc/arm-none-eabi/10.3.1/../../../../arm-none-eabi/lib/thumb/v7-m/nofp\libc.a(lib_a-atexit.o)
                0x080037c4                atexit
 .text.__libc_fini_array
                0x080037d0       0x2c c:/program files (x86)/gnu arm embedded toolchain/10 2021.10/bin/../lib/gcc/arm-none-eabi/10.3.1/../../../../arm-none-eabi/lib/thumb/v7-m/nofp\libc.a(lib_a-fini.o)
                0x080037d0                __libc_fini_array
 .text.__retarget_lock_init_recursive
                0x080037fc        0x4 c:/program files (x86)/gnu arm embedded toolchain/10 2021.10/bin/../lib/gcc/arm-none-eabi/10.3.1/../../../../arm-none-eabi/lib/thumb/v7-m/nofp\libc.a(lib_a-lock.o)
                0x080037fc                __retarget_lock_init_recursive
 .text.__retarget_lock_close_recursive
                0x08003800        0x4 c:/program files (x86)/gnu arm embedded toolchain/10 2021.10/bin/../lib/gcc/arm-none-eabi/10.3.1/../../../../arm-none-eabi/lib/thumb/v7-m/nofp\libc.a(lib_a-lock.o)
                0x08003800                __retarget_lock_close_recursive
 .text.__retarget_lock_acquire_recursive
                0x08003804        0x4 c:/program files (x86)/gnu arm embedded toolchain/10 2021.10/bin/../lib/gcc/arm-none-eabi/10.3.1/../../../../arm-none-eabi/lib/thumb/v7-m/nofp\libc.a(lib_a-lock.o)
                0x08003804                __retarget_lock_acquire_recursive
 .text.__retarget_lock_release_recursive
                0x08003808        0x4 c:/program files (x86)/gnu arm embedded toolchain/10 2021.10/bin/../lib/gcc/arm-none-eabi/10.3.1/../../../../arm-none-eabi/lib/thumb/v7-m/nofp\libc.a(lib_a-lock.o)
                0x08003808                __retarget_lock_release_recursive
 .text._svfprintf_r
                0x0800380c     0x1aa4 c:/program files (x86)/gnu arm embedded toolchain/10 2021.10/bin/../lib/gcc/arm-none-eabi/10.3.1/../../../../arm-none-eabi/lib/thumb/v7-m/nofp\libc.a(lib_a-svfprintf.o)
                0x0800380c                _svfprintf_r
 .text.__register_exitproc
                0x080052b0       0x8c c:/program files (x86)/gnu arm embedded toolchain/10 2021.10/bin/../lib/gcc/arm-none-eabi/10.3.1/../../../../arm-none-eabi/lib/thumb/v7-m/nofp\libc.a(lib_a-__atexit.o)
                0x080052b0                __register_exitproc
 .text.quorem   0x0800533c      0x12c c:/program files (x86)/gnu arm embedded toolchain/10 2021.10/bin/../lib/gcc/arm-none-eabi/10.3.1/../../../../arm-none-eabi/lib/thumb/v7-m/nofp\libc.a(lib_a-dtoa.o)
 .text._dtoa_r  0x08005468      0xecc c:/program files (x86)/gnu arm embedded toolchain/10 2021.10/bin/../lib/gcc/arm-none-eabi/10.3.1/../../../../arm-none-eabi/lib/thumb/v7-m/nofp\libc.a(lib_a-dtoa.o)
                0x08005468                _dtoa_r
 .text._malloc_trim_r
                0x08006334       0xa0 c:/program files (x86)/gnu arm embedded toolchain/10 2021.10/bin/../lib/gcc/arm-none-eabi/10.3.1/../../../../arm-none-eabi/lib/thumb/v7-m/nofp\libc.a(lib_a-freer.o)
                0x08006334                _malloc_trim_r
 .text._free_r  0x080063d4      0x200 c:/program files (x86)/gnu arm embedded toolchain/10 2021.10/bin/../lib/gcc/arm-none-eabi/10.3.1/../../../../arm-none-eabi/lib/thumb/v7-m/nofp\libc.a(lib_a-freer.o)
                0x080063d4                _free_r
 .text._localeconv_r
                0x080065d4        0x8 c:/program files (x86)/gnu arm embedded toolchain/10 2021.10/bin/../lib/gcc/arm-none-eabi/10.3.1/../../../../arm-none-eabi/lib/thumb/v7-m/nofp\libc.a(lib_a-localeconv.o)
                0x080065d4                _localeconv_r
 .text._malloc_r
                0x080065dc      0x558 c:/program files (x86)/gnu arm embedded toolchain/10 2021.10/bin/../lib/gcc/arm-none-eabi/10.3.1/../../../../arm-none-eabi/lib/thumb/v7-m/nofp\libc.a(lib_a-mallocr.o)
                0x080065dc                _malloc_r
 .text.memchr   0x08006b34       0x90 c:/program files (x86)/gnu arm embedded toolchain/10 2021.10/bin/../lib/gcc/arm-none-eabi/10.3.1/../../../../arm-none-eabi/lib/thumb/v7-m/nofp\libc.a(lib_a-memchr-stub.o)
                0x08006b34                memchr
 .text.__malloc_lock
                0x08006bc4        0xc c:/program files (x86)/gnu arm embedded toolchain/10 2021.10/bin/../lib/gcc/arm-none-eabi/10.3.1/../../../../arm-none-eabi/lib/thumb/v7-m/nofp\libc.a(lib_a-mlock.o)
                0x08006bc4                __malloc_lock
 .text.__malloc_unlock
                0x08006bd0        0xc c:/program files (x86)/gnu arm embedded toolchain/10 2021.10/bin/../lib/gcc/arm-none-eabi/10.3.1/../../../../arm-none-eabi/lib/thumb/v7-m/nofp\libc.a(lib_a-mlock.o)
                0x08006bd0                __malloc_unlock
 .text._Balloc  0x08006bdc       0x4c c:/program files (x86)/gnu arm embedded toolchain/10 2021.10/bin/../lib/gcc/arm-none-eabi/10.3.1/../../../../arm-none-eabi/lib/thumb/v7-m/nofp\libc.a(lib_a-mprec.o)
                0x08006bdc                _Balloc
 .text._Bfree   0x08006c28       0x14 c:/program files (x86)/gnu arm embedded toolchain/10 2021.10/bin/../lib/gcc/arm-none-eabi/10.3.1/../../../../arm-none-eabi/lib/thumb/v7-m/nofp\libc.a(lib_a-mprec.o)
                0x08006c28                _Bfree
 .text.__multadd
                0x08006c3c       0xa4 c:/program files (x86)/gnu arm embedded toolchain/10 2021.10/bin/../lib/gcc/arm-none-eabi/10.3.1/../../../../arm-none-eabi/lib/thumb/v7-m/nofp\libc.a(lib_a-mprec.o)
                0x08006c3c                __multadd
 .text.__hi0bits
                0x08006ce0       0x40 c:/program files (x86)/gnu arm embedded toolchain/10 2021.10/bin/../lib/gcc/arm-none-eabi/10.3.1/../../../../arm-none-eabi/lib/thumb/v7-m/nofp\libc.a(lib_a-mprec.o)
                0x08006ce0                __hi0bits
 .text.__lo0bits
                0x08006d20       0x58 c:/program files (x86)/gnu arm embedded toolchain/10 2021.10/bin/../lib/gcc/arm-none-eabi/10.3.1/../../../../arm-none-eabi/lib/thumb/v7-m/nofp\libc.a(lib_a-mprec.o)
                0x08006d20                __lo0bits
 .text.__i2b    0x08006d78       0x5c c:/program files (x86)/gnu arm embedded toolchain/10 2021.10/bin/../lib/gcc/arm-none-eabi/10.3.1/../../../../arm-none-eabi/lib/thumb/v7-m/nofp\libc.a(lib_a-mprec.o)
                0x08006d78                __i2b
 .text.__multiply
                0x08006dd4      0x15c c:/program files (x86)/gnu arm embedded toolchain/10 2021.10/bin/../lib/gcc/arm-none-eabi/10.3.1/../../../../arm-none-eabi/lib/thumb/v7-m/nofp\libc.a(lib_a-mprec.o)
                0x08006dd4                __multiply
 .text.__pow5mult
                0x08006f30       0xb8 c:/program files (x86)/gnu arm embedded toolchain/10 2021.10/bin/../lib/gcc/arm-none-eabi/10.3.1/../../../../arm-none-eabi/lib/thumb/v7-m/nofp\libc.a(lib_a-mprec.o)
                0x08006f30                __pow5mult
 .text.__lshift
                0x08006fe8       0xec c:/program files (x86)/gnu arm embedded toolchain/10 2021.10/bin/../lib/gcc/arm-none-eabi/10.3.1/../../../../arm-none-eabi/lib/thumb/v7-m/nofp\libc.a(lib_a-mprec.o)
                0x08006fe8                __lshift
 .text.__mcmp   0x080070d4       0x40 c:/program files (x86)/gnu arm embedded toolchain/10 2021.10/bin/../lib/gcc/arm-none-eabi/10.3.1/../../../../arm-none-eabi/lib/thumb/v7-m/nofp\libc.a(lib_a-mprec.o)
                0x080070d4                __mcmp
 .text.__mdiff  0x08007114      0x14c c:/program files (x86)/gnu arm embedded toolchain/10 2021.10/bin/../lib/gcc/arm-none-eabi/10.3.1/../../../../arm-none-eabi/lib/thumb/v7-m/nofp\libc.a(lib_a-mprec.o)
                0x08007114                __mdiff
 .text.__d2b    0x08007260       0xc4 c:/program files (x86)/gnu arm embedded toolchain/10 2021.10/bin/../lib/gcc/arm-none-eabi/10.3.1/../../../../arm-none-eabi/lib/thumb/v7-m/nofp\libc.a(lib_a-mprec.o)
                0x08007260                __d2b
 .text.frexp    0x08007324       0x70 c:/program files (x86)/gnu arm embedded toolchain/10 2021.10/bin/../lib/gcc/arm-none-eabi/10.3.1/../../../../arm-none-eabi/lib/thumb/v7-m/nofp\libc.a(lib_a-s_frexp.o)
                0x08007324                frexp
 .text._sbrk_r  0x08007394       0x24 c:/program files (x86)/gnu arm embedded toolchain/10 2021.10/bin/../lib/gcc/arm-none-eabi/10.3.1/../../../../arm-none-eabi/lib/thumb/v7-m/nofp\libc.a(lib_a-sbrkr.o)
                0x08007394                _sbrk_r
 .text.strncpy  0x080073b8       0x68 c:/program files (x86)/gnu arm embedded toolchain/10 2021.10/bin/../lib/gcc/arm-none-eabi/10.3.1/../../../../arm-none-eabi/lib/thumb/v7-m/nofp\libc.a(lib_a-strncpy.o)
                0x080073b8                strncpy
 .text.__ssprint_r
                0x08007420       0xfc c:/program files (x86)/gnu arm embedded toolchain/10 2021.10/bin/../lib/gcc/arm-none-eabi/10.3.1/../../../../arm-none-eabi/lib/thumb/v7-m/nofp\libc.a(lib_a-svfiprintf.o)
                0x08007420                __ssprint_r
 .text.__assert_func
                0x0800751c       0x40 c:/program files (x86)/gnu arm embedded toolchain/10 2021.10/bin/../lib/gcc/arm-none-eabi/10.3.1/../../../../arm-none-eabi/lib/thumb/v7-m/nofp\libc.a(lib_a-assert.o)
                0x0800751c                __assert_func
 .text._calloc_r
                0x0800755c       0x78 c:/program files (x86)/gnu arm embedded toolchain/10 2021.10/bin/../lib/gcc/arm-none-eabi/10.3.1/../../../../arm-none-eabi/lib/thumb/v7-m/nofp\libc.a(lib_a-callocr.o)
                0x0800755c                _calloc_r
 .text.__errno  0x080075d4        0xc c:/program files (x86)/gnu arm embedded toolchain/10 2021.10/bin/../lib/gcc/arm-none-eabi/10.3.1/../../../../arm-none-eabi/lib/thumb/v7-m/nofp\libc.a(lib_a-errno.o)
                0x080075d4                __errno
 .text.fiprintf
                0x080075e0       0x28 c:/program files (x86)/gnu arm embedded toolchain/10 2021.10/bin/../lib/gcc/arm-none-eabi/10.3.1/../../../../arm-none-eabi/lib/thumb/v7-m/nofp\libc.a(lib_a-fiprintf.o)
                0x080075e0                fiprintf
 .text.__locale_mb_cur_max
                0x08007608        0xc c:/program files (x86)/gnu arm embedded toolchain/10 2021.10/bin/../lib/gcc/arm-none-eabi/10.3.1/../../../../arm-none-eabi/lib/thumb/v7-m/nofp\libc.a(lib_a-locale.o)
                0x08007608                __locale_mb_cur_max
 .text.__ascii_mbtowc
                0x08007614       0x2c c:/program files (x86)/gnu arm embedded toolchain/10 2021.10/bin/../lib/gcc/arm-none-eabi/10.3.1/../../../../arm-none-eabi/lib/thumb/v7-m/nofp\libc.a(lib_a-mbtowc_r.o)
                0x08007614                __ascii_mbtowc
 .text.memmove  0x08007640       0xf8 c:/program files (x86)/gnu arm embedded toolchain/10 2021.10/bin/../lib/gcc/arm-none-eabi/10.3.1/../../../../arm-none-eabi/lib/thumb/v7-m/nofp\libc.a(lib_a-memmove.o)
                0x08007640                memmove
 .text._realloc_r
                0x08007738      0x3dc c:/program files (x86)/gnu arm embedded toolchain/10 2021.10/bin/../lib/gcc/arm-none-eabi/10.3.1/../../../../arm-none-eabi/lib/thumb/v7-m/nofp\libc.a(lib_a-reallocr.o)
                0x08007738                _realloc_r
 .text.__sprint_r.part.0
                0x08007b14       0x78 c:/program files (x86)/gnu arm embedded toolchain/10 2021.10/bin/../lib/gcc/arm-none-eabi/10.3.1/../../../../arm-none-eabi/lib/thumb/v7-m/nofp\libc.a(lib_a-vfiprintf.o)
 .text._vfiprintf_r
                0x08007b8c      0xd98 c:/program files (x86)/gnu arm embedded toolchain/10 2021.10/bin/../lib/gcc/arm-none-eabi/10.3.1/../../../../arm-none-eabi/lib/thumb/v7-m/nofp\libc.a(lib_a-vfiprintf.o)
                0x08007b8c                _vfiprintf_r
 .text.__sbprintf
                0x08008924       0x84 c:/program files (x86)/gnu arm embedded toolchain/10 2021.10/bin/../lib/gcc/arm-none-eabi/10.3.1/../../../../arm-none-eabi/lib/thumb/v7-m/nofp\libc.a(lib_a-vfiprintf.o)
 .text.__ascii_wctomb
                0x080089a8       0x1c c:/program files (x86)/gnu arm embedded toolchain/10 2021.10/bin/../lib/gcc/arm-none-eabi/10.3.1/../../../../arm-none-eabi/lib/thumb/v7-m/nofp\libc.a(lib_a-wctomb_r.o)
                0x080089a8                __ascii_wctomb
 .text.__swsetup_r
                0x080089c4       0xd4 c:/program files (x86)/gnu arm embedded toolchain/10 2021.10/bin/../lib/gcc/arm-none-eabi/10.3.1/../../../../arm-none-eabi/lib/thumb/v7-m/nofp\libc.a(lib_a-wsetup.o)
                0x080089c4                __swsetup_r
 .text.abort    0x08008a98       0x10 c:/program files (x86)/gnu arm embedded toolchain/10 2021.10/bin/../lib/gcc/arm-none-eabi/10.3.1/../../../../arm-none-eabi/lib/thumb/v7-m/nofp\libc.a(lib_a-abort.o)
                0x08008a98                abort
 .text.__sflush_r
                0x08008aa8      0x124 c:/program files (x86)/gnu arm embedded toolchain/10 2021.10/bin/../lib/gcc/arm-none-eabi/10.3.1/../../../../arm-none-eabi/lib/thumb/v7-m/nofp\libc.a(lib_a-fflush.o)
                0x08008aa8                __sflush_r
 .text._fflush_r
                0x08008bcc       0x5c c:/program files (x86)/gnu arm embedded toolchain/10 2021.10/bin/../lib/gcc/arm-none-eabi/10.3.1/../../../../arm-none-eabi/lib/thumb/v7-m/nofp\libc.a(lib_a-fflush.o)
                0x08008bcc                _fflush_r
 .text._cleanup_r
                0x08008c28        0xc c:/program files (x86)/gnu arm embedded toolchain/10 2021.10/bin/../lib/gcc/arm-none-eabi/10.3.1/../../../../arm-none-eabi/lib/thumb/v7-m/nofp\libc.a(lib_a-findfp.o)
                0x08008c28                _cleanup_r
 .text.__sinit  0x08008c34      0x10c c:/program files (x86)/gnu arm embedded toolchain/10 2021.10/bin/../lib/gcc/arm-none-eabi/10.3.1/../../../../arm-none-eabi/lib/thumb/v7-m/nofp\libc.a(lib_a-findfp.o)
                0x08008c34                __sinit
 .text.__sfp_lock_acquire
                0x08008d40        0xc c:/program files (x86)/gnu arm embedded toolchain/10 2021.10/bin/../lib/gcc/arm-none-eabi/10.3.1/../../../../arm-none-eabi/lib/thumb/v7-m/nofp\libc.a(lib_a-findfp.o)
                0x08008d40                __sfp_lock_acquire
 .text.__sfp_lock_release
                0x08008d4c        0xc c:/program files (x86)/gnu arm embedded toolchain/10 2021.10/bin/../lib/gcc/arm-none-eabi/10.3.1/../../../../arm-none-eabi/lib/thumb/v7-m/nofp\libc.a(lib_a-findfp.o)
                0x08008d4c                __sfp_lock_release
 .text.__fputwc
                0x08008d58       0xa0 c:/program files (x86)/gnu arm embedded toolchain/10 2021.10/bin/../lib/gcc/arm-none-eabi/10.3.1/../../../../arm-none-eabi/lib/thumb/v7-m/nofp\libc.a(lib_a-fputwc.o)
                0x08008d58                __fputwc
 .text._fputwc_r
                0x08008df8       0x68 c:/program files (x86)/gnu arm embedded toolchain/10 2021.10/bin/../lib/gcc/arm-none-eabi/10.3.1/../../../../arm-none-eabi/lib/thumb/v7-m/nofp\libc.a(lib_a-fputwc.o)
                0x08008df8                _fputwc_r
 .text.__sfvwrite_r
                0x08008e60      0x2f0 c:/program files (x86)/gnu arm embedded toolchain/10 2021.10/bin/../lib/gcc/arm-none-eabi/10.3.1/../../../../arm-none-eabi/lib/thumb/v7-m/nofp\libc.a(lib_a-fvwrite.o)
                0x08008e60                __sfvwrite_r
 .text._fwalk_reent
                0x08009150       0x48 c:/program files (x86)/gnu arm embedded toolchain/10 2021.10/bin/../lib/gcc/arm-none-eabi/10.3.1/../../../../arm-none-eabi/lib/thumb/v7-m/nofp\libc.a(lib_a-fwalk.o)
                0x08009150                _fwalk_reent
 .text.__smakebuf_r
                0x08009198       0xe0 c:/program files (x86)/gnu arm embedded toolchain/10 2021.10/bin/../lib/gcc/arm-none-eabi/10.3.1/../../../../arm-none-eabi/lib/thumb/v7-m/nofp\libc.a(lib_a-makebuf.o)
                0x08009198                __smakebuf_r
 .text.raise    0x08009278       0x5c c:/program files (x86)/gnu arm embedded toolchain/10 2021.10/bin/../lib/gcc/arm-none-eabi/10.3.1/../../../../arm-none-eabi/lib/thumb/v7-m/nofp\libc.a(lib_a-signal.o)
                0x08009278                raise
 .text._kill_r  0x080092d4       0x28 c:/program files (x86)/gnu arm embedded toolchain/10 2021.10/bin/../lib/gcc/arm-none-eabi/10.3.1/../../../../arm-none-eabi/lib/thumb/v7-m/nofp\libc.a(lib_a-signalr.o)
                0x080092d4                _kill_r
 .text._getpid_r
                0x080092fc        0x4 c:/program files (x86)/gnu arm embedded toolchain/10 2021.10/bin/../lib/gcc/arm-none-eabi/10.3.1/../../../../arm-none-eabi/lib/thumb/v7-m/nofp\libc.a(lib_a-signalr.o)
                0x080092fc                _getpid_r
 .text.__sread  0x08009300       0x24 c:/program files (x86)/gnu arm embedded toolchain/10 2021.10/bin/../lib/gcc/arm-none-eabi/10.3.1/../../../../arm-none-eabi/lib/thumb/v7-m/nofp\libc.a(lib_a-stdio.o)
                0x08009300                __sread
 .text.__swrite
                0x08009324       0x40 c:/program files (x86)/gnu arm embedded toolchain/10 2021.10/bin/../lib/gcc/arm-none-eabi/10.3.1/../../../../arm-none-eabi/lib/thumb/v7-m/nofp\libc.a(lib_a-stdio.o)
                0x08009324                __swrite
 .text.__sseek  0x08009364       0x20 c:/program files (x86)/gnu arm embedded toolchain/10 2021.10/bin/../lib/gcc/arm-none-eabi/10.3.1/../../../../arm-none-eabi/lib/thumb/v7-m/nofp\libc.a(lib_a-stdio.o)
                0x08009364                __sseek
 .text.__sclose
                0x08009384        0x8 c:/program files (x86)/gnu arm embedded toolchain/10 2021.10/bin/../lib/gcc/arm-none-eabi/10.3.1/../../../../arm-none-eabi/lib/thumb/v7-m/nofp\libc.a(lib_a-stdio.o)
                0x08009384                __sclose
 .text.__swbuf_r
                0x0800938c       0xb0 c:/program files (x86)/gnu arm embedded toolchain/10 2021.10/bin/../lib/gcc/arm-none-eabi/10.3.1/../../../../arm-none-eabi/lib/thumb/v7-m/nofp\libc.a(lib_a-wbuf.o)
                0x0800938c                __swbuf_r
 .text._wcrtomb_r
                0x0800943c       0x3c c:/program files (x86)/gnu arm embedded toolchain/10 2021.10/bin/../lib/gcc/arm-none-eabi/10.3.1/../../../../arm-none-eabi/lib/thumb/v7-m/nofp\libc.a(lib_a-wcrtomb.o)
                0x0800943c                _wcrtomb_r
 .text._write_r
                0x08009478       0x2c c:/program files (x86)/gnu arm embedded toolchain/10 2021.10/bin/../lib/gcc/arm-none-eabi/10.3.1/../../../../arm-none-eabi/lib/thumb/v7-m/nofp\libc.a(lib_a-writer.o)
                0x08009478                _write_r
 .text._close_r
                0x080094a4       0x24 c:/program files (x86)/gnu arm embedded toolchain/10 2021.10/bin/../lib/gcc/arm-none-eabi/10.3.1/../../../../arm-none-eabi/lib/thumb/v7-m/nofp\libc.a(lib_a-closer.o)
                0x080094a4                _close_r
 .text._fclose_r
                0x080094c8       0xcc c:/program files (x86)/gnu arm embedded toolchain/10 2021.10/bin/../lib/gcc/arm-none-eabi/10.3.1/../../../../arm-none-eabi/lib/thumb/v7-m/nofp\libc.a(lib_a-fclose.o)
                0x080094c8                _fclose_r
 .text._fstat_r
                0x08009594       0x28 c:/program files (x86)/gnu arm embedded toolchain/10 2021.10/bin/../lib/gcc/arm-none-eabi/10.3.1/../../../../arm-none-eabi/lib/thumb/v7-m/nofp\libc.a(lib_a-fstatr.o)
                0x08009594                _fstat_r
 .text._isatty_r
                0x080095bc       0x24 c:/program files (x86)/gnu arm embedded toolchain/10 2021.10/bin/../lib/gcc/arm-none-eabi/10.3.1/../../../../arm-none-eabi/lib/thumb/v7-m/nofp\libc.a(lib_a-isattyr.o)
                0x080095bc                _isatty_r
 .text._lseek_r
                0x080095e0       0x2c c:/program files (x86)/gnu arm embedded toolchain/10 2021.10/bin/../lib/gcc/arm-none-eabi/10.3.1/../../../../arm-none-eabi/lib/thumb/v7-m/nofp\libc.a(lib_a-lseekr.o)
                0x080095e0                _lseek_r
 .text._read_r  0x0800960c       0x2c c:/program files (x86)/gnu arm embedded toolchain/10 2021.10/bin/../lib/gcc/arm-none-eabi/10.3.1/../../../../arm-none-eabi/lib/thumb/v7-m/nofp\libc.a(lib_a-readr.o)
                0x0800960c                _read_r
 .text._close   0x08009638       0x10 c:/program files (x86)/gnu arm embedded toolchain/10 2021.10/bin/../lib/gcc/arm-none-eabi/10.3.1/../../../../arm-none-eabi/lib/thumb/v7-m/nofp\libnosys.a(close.o)
                0x08009638                _close
 .text._fstat   0x08009648       0x10 c:/program files (x86)/gnu arm embedded toolchain/10 2021.10/bin/../lib/gcc/arm-none-eabi/10.3.1/../../../../arm-none-eabi/lib/thumb/v7-m/nofp\libnosys.a(fstat.o)
                0x08009648                _fstat
 .text._getpid  0x08009658       0x10 c:/program files (x86)/gnu arm embedded toolchain/10 2021.10/bin/../lib/gcc/arm-none-eabi/10.3.1/../../../../arm-none-eabi/lib/thumb/v7-m/nofp\libnosys.a(getpid.o)
                0x08009658                _getpid
 .text._isatty  0x08009668       0x10 c:/program files (x86)/gnu arm embedded toolchain/10 2021.10/bin/../lib/gcc/arm-none-eabi/10.3.1/../../../../arm-none-eabi/lib/thumb/v7-m/nofp\libnosys.a(isatty.o)
                0x08009668                _isatty
 .text._kill    0x08009678       0x10 c:/program files (x86)/gnu arm embedded toolchain/10 2021.10/bin/../lib/gcc/arm-none-eabi/10.3.1/../../../../arm-none-eabi/lib/thumb/v7-m/nofp\libnosys.a(kill.o)
                0x08009678                _kill
 .text._lseek   0x08009688       0x10 c:/program files (x86)/gnu arm embedded toolchain/10 2021.10/bin/../lib/gcc/arm-none-eabi/10.3.1/../../../../arm-none-eabi/lib/thumb/v7-m/nofp\libnosys.a(lseek.o)
                0x08009688                _lseek
 .text._read    0x08009698       0x10 c:/program files (x86)/gnu arm embedded toolchain/10 2021.10/bin/../lib/gcc/arm-none-eabi/10.3.1/../../../../arm-none-eabi/lib/thumb/v7-m/nofp\libnosys.a(read.o)
                0x08009698                _read
 .text._sbrk    0x080096a8       0x1c c:/program files (x86)/gnu arm embedded toolchain/10 2021.10/bin/../lib/gcc/arm-none-eabi/10.3.1/../../../../arm-none-eabi/lib/thumb/v7-m/nofp\libnosys.a(sbrk.o)
                0x080096a8                _sbrk
 .text._write   0x080096c4       0x10 c:/program files (x86)/gnu arm embedded toolchain/10 2021.10/bin/../lib/gcc/arm-none-eabi/10.3.1/../../../../arm-none-eabi/lib/thumb/v7-m/nofp\libnosys.a(write.o)
                0x080096c4                _write
 .text._exit    0x080096d4        0x4 c:/program files (x86)/gnu arm embedded toolchain/10 2021.10/bin/../lib/gcc/arm-none-eabi/10.3.1/../../../../arm-none-eabi/lib/thumb/v7-m/nofp\libnosys.a(_exit.o)
                0x080096d4                _exit
 *(.glue_7)
 .glue_7        0x080096d8        0x0 linker stubs
 *(.glue_7t)
 .glue_7t       0x080096d8        0x0 linker stubs
 *(.eh_frame)
 .eh_frame      0x080096d8        0x0 c:/program files (x86)/gnu arm embedded toolchain/10 2021.10/bin/../lib/gcc/arm-none-eabi/10.3.1/thumb/v7-m/nofp/crtbegin.o
 *(.init)
 .init          0x080096d8        0x4 c:/program files (x86)/gnu arm embedded toolchain/10 2021.10/bin/../lib/gcc/arm-none-eabi/10.3.1/thumb/v7-m/nofp/crti.o
                0x080096d8                _init
 .init          0x080096dc        0x8 c:/program files (x86)/gnu arm embedded toolchain/10 2021.10/bin/../lib/gcc/arm-none-eabi/10.3.1/thumb/v7-m/nofp/crtn.o
 *(.fini)
 .fini          0x080096e4        0x4 c:/program files (x86)/gnu arm embedded toolchain/10 2021.10/bin/../lib/gcc/arm-none-eabi/10.3.1/thumb/v7-m/nofp/crti.o
                0x080096e4                _fini
 .fini          0x080096e8        0x8 c:/program files (x86)/gnu arm embedded toolchain/10 2021.10/bin/../lib/gcc/arm-none-eabi/10.3.1/thumb/v7-m/nofp/crtn.o
                0x080096f0                . = ALIGN (0x4)
                0x080096f0                _etext = .

.vfp11_veneer   0x080096f0        0x0
 .vfp11_veneer  0x080096f0        0x0 linker stubs

.v4_bx          0x080096f0        0x0
 .v4_bx         0x080096f0        0x0 linker stubs

.iplt           0x080096f0        0x0
 .iplt          0x080096f0        0x0 c:/program files (x86)/gnu arm embedded toolchain/10 2021.10/bin/../lib/gcc/arm-none-eabi/10.3.1/thumb/v7-m/nofp/crtbegin.o

.rodata         0x080096f0      0x470
                0x080096f0                . = ALIGN (0x4)
 *(.rodata)
 .rodata        0x080096f0       0x45 ./build/Debug/main.o
 *fill*         0x08009735        0x3 
 .rodata        0x08009738       0x10 ./build/Debug/stm32f1xx_hal_rcc.o
 *(.rodata*)
 .rodata.AHBPrescTable
                0x08009748       0x10 ./build/Debug/system_stm32f1xx.o
                0x08009748                AHBPrescTable
 .rodata.APBPrescTable
                0x08009758        0x8 ./build/Debug/system_stm32f1xx.o
                0x08009758                APBPrescTable
 .rodata._global_impure_ptr
                0x08009760        0x4 c:/program files (x86)/gnu arm embedded toolchain/10 2021.10/bin/../lib/gcc/arm-none-eabi/10.3.1/../../../../arm-none-eabi/lib/thumb/v7-m/nofp\libc.a(lib_a-impure.o)
                0x08009760                _global_impure_ptr
 .rodata._svfprintf_r.str1.4
                0x08009764       0x42 c:/program files (x86)/gnu arm embedded toolchain/10 2021.10/bin/../lib/gcc/arm-none-eabi/10.3.1/../../../../arm-none-eabi/lib/thumb/v7-m/nofp\libc.a(lib_a-svfprintf.o)
 *fill*         0x080097a6        0x2 
 .rodata.blanks.1
                0x080097a8       0x10 c:/program files (x86)/gnu arm embedded toolchain/10 2021.10/bin/../lib/gcc/arm-none-eabi/10.3.1/../../../../arm-none-eabi/lib/thumb/v7-m/nofp\libc.a(lib_a-svfprintf.o)
 .rodata.zeroes.0
                0x080097b8       0x10 c:/program files (x86)/gnu arm embedded toolchain/10 2021.10/bin/../lib/gcc/arm-none-eabi/10.3.1/../../../../arm-none-eabi/lib/thumb/v7-m/nofp\libc.a(lib_a-svfprintf.o)
 .rodata._dtoa_r.str1.4
                0x080097c8       0xa2 c:/program files (x86)/gnu arm embedded toolchain/10 2021.10/bin/../lib/gcc/arm-none-eabi/10.3.1/../../../../arm-none-eabi/lib/thumb/v7-m/nofp\libc.a(lib_a-dtoa.o)
                                 0xa6 (size before relaxing)
 *fill*         0x0800986a        0x2 
 .rodata.__multadd.str1.4
                0x0800986c       0x7f c:/program files (x86)/gnu arm embedded toolchain/10 2021.10/bin/../lib/gcc/arm-none-eabi/10.3.1/../../../../arm-none-eabi/lib/thumb/v7-m/nofp\libc.a(lib_a-mprec.o)
                                 0x93 (size before relaxing)
 *fill*         0x080098eb        0x5 
 .rodata.__mprec_bigtens
                0x080098f0       0x28 c:/program files (x86)/gnu arm embedded toolchain/10 2021.10/bin/../lib/gcc/arm-none-eabi/10.3.1/../../../../arm-none-eabi/lib/thumb/v7-m/nofp\libc.a(lib_a-mprec.o)
                0x080098f0                __mprec_bigtens
 .rodata.__mprec_tens
                0x08009918       0xc8 c:/program files (x86)/gnu arm embedded toolchain/10 2021.10/bin/../lib/gcc/arm-none-eabi/10.3.1/../../../../arm-none-eabi/lib/thumb/v7-m/nofp\libc.a(lib_a-mprec.o)
                0x08009918                __mprec_tens
 .rodata.p05.0  0x080099e0        0xc c:/program files (x86)/gnu arm embedded toolchain/10 2021.10/bin/../lib/gcc/arm-none-eabi/10.3.1/../../../../arm-none-eabi/lib/thumb/v7-m/nofp\libc.a(lib_a-mprec.o)
 .rodata.__assert_func.str1.4
                0x080099ec       0x3f c:/program files (x86)/gnu arm embedded toolchain/10 2021.10/bin/../lib/gcc/arm-none-eabi/10.3.1/../../../../arm-none-eabi/lib/thumb/v7-m/nofp\libc.a(lib_a-assert.o)
                                 0x43 (size before relaxing)
 *fill*         0x08009a2b        0x1 
 .rodata._setlocale_r.str1.4
                0x08009a2c        0xa c:/program files (x86)/gnu arm embedded toolchain/10 2021.10/bin/../lib/gcc/arm-none-eabi/10.3.1/../../../../arm-none-eabi/lib/thumb/v7-m/nofp\libc.a(lib_a-locale.o)
                                  0xd (size before relaxing)
 *fill*         0x08009a36        0x2 
 .rodata.str1.4
                0x08009a38        0x2 c:/program files (x86)/gnu arm embedded toolchain/10 2021.10/bin/../lib/gcc/arm-none-eabi/10.3.1/../../../../arm-none-eabi/lib/thumb/v7-m/nofp\libc.a(lib_a-locale.o)
 .rodata._vfiprintf_r.str1.4
                0x08009a3a       0x2f c:/program files (x86)/gnu arm embedded toolchain/10 2021.10/bin/../lib/gcc/arm-none-eabi/10.3.1/../../../../arm-none-eabi/lib/thumb/v7-m/nofp\libc.a(lib_a-vfiprintf.o)
 *fill*         0x08009a3a        0x2 
 .rodata.blanks.1
                0x08009a3c       0x10 c:/program files (x86)/gnu arm embedded toolchain/10 2021.10/bin/../lib/gcc/arm-none-eabi/10.3.1/../../../../arm-none-eabi/lib/thumb/v7-m/nofp\libc.a(lib_a-vfiprintf.o)
 .rodata.zeroes.0
                0x08009a4c       0x10 c:/program files (x86)/gnu arm embedded toolchain/10 2021.10/bin/../lib/gcc/arm-none-eabi/10.3.1/../../../../arm-none-eabi/lib/thumb/v7-m/nofp\libc.a(lib_a-vfiprintf.o)
 .rodata._ctype_
                0x08009a5c      0x101 c:/program files (x86)/gnu arm embedded toolchain/10 2021.10/bin/../lib/gcc/arm-none-eabi/10.3.1/../../../../arm-none-eabi/lib/thumb/v7-m/nofp\libc.a(lib_a-ctype_.o)
                0x08009a5c                _ctype_
                0x08009b60                . = ALIGN (0x4)
 *fill*         0x08009b5d        0x3 

.ARM.extab
 *(.ARM.extab* .gnu.linkonce.armextab.*)

.ARM            0x08009b60        0x8
                0x08009b60                __exidx_start = .
 *(.ARM.exidx*)
 .ARM.exidx     0x08009b60        0x8 c:/program files (x86)/gnu arm embedded toolchain/10 2021.10/bin/../lib/gcc/arm-none-eabi/10.3.1/thumb/v7-m/nofp\libgcc.a(_udivmoddi4.o)
                0x08009b68                __exidx_end = .

.rel.dyn        0x08009b68        0x0
 .rel.iplt      0x08009b68        0x0 c:/program files (x86)/gnu arm embedded toolchain/10 2021.10/bin/../lib/gcc/arm-none-eabi/10.3.1/thumb/v7-m/nofp/crtbegin.o

.preinit_array  0x08009b68        0x0
                0x08009b68                PROVIDE (__preinit_array_start = .)
 *(.preinit_array*)
                0x08009b68                PROVIDE (__preinit_array_end = .)

.init_array     0x08009b68        0x8
                0x08009b68                PROVIDE (__init_array_start = .)
 *(SORT_BY_NAME(.init_array.*))
 .init_array.00000
                0x08009b68        0x4 c:/program files (x86)/gnu arm embedded toolchain/10 2021.10/bin/../lib/gcc/arm-none-eabi/10.3.1/../../../../arm-none-eabi/lib/thumb/v7-m/nofp\libc.a(lib_a-__call_atexit.o)
 *(.init_array*)
 .init_array    0x08009b6c        0x4 c:/program files (x86)/gnu arm embedded toolchain/10 2021.10/bin/../lib/gcc/arm-none-eabi/10.3.1/thumb/v7-m/nofp/crtbegin.o
                0x08009b70                PROVIDE (__init_array_end = .)

.fini_array     0x08009b70        0x4
                0x08009b70                PROVIDE (__fini_array_start = .)
 *(SORT_BY_NAME(.fini_array.*))
 *(.fini_array*)
 .fini_array    0x08009b70        0x4 c:/program files (x86)/gnu arm embedded toolchain/10 2021.10/bin/../lib/gcc/arm-none-eabi/10.3.1/thumb/v7-m/nofp/crtbegin.o
                0x08009b74                PROVIDE (__fini_array_end = .)
                0x08009b74                _sidata = LOADADDR (.data)

.data           0x20000000      0x9b8 load address 0x08009b74
                0x20000000                . = ALIGN (0x4)
                0x20000000                _sdata = .
 *(.data)
 *(.data*)
 .data.SystemCoreClock
                0x20000000        0x4 ./build/Debug/system_stm32f1xx.o
                0x20000000                SystemCoreClock
 .data.uwTickPrio
                0x20000004        0x4 ./build/Debug/stm32f1xx_hal.o
                0x20000004                uwTickPrio
 .data.uwTickFreq
                0x20000008        0x1 ./build/Debug/stm32f1xx_hal.o
                0x20000008                uwTickFreq
 *fill*         0x20000009        0x3 
 .data._impure_ptr
                0x2000000c        0x4 c:/program files (x86)/gnu arm embedded toolchain/10 2021.10/bin/../lib/gcc/arm-none-eabi/10.3.1/../../../../arm-none-eabi/lib/thumb/v7-m/nofp\libc.a(lib_a-impure.o)
                0x2000000c                _impure_ptr
 .data.impure_data
                0x20000010      0x428 c:/program files (x86)/gnu arm embedded toolchain/10 2021.10/bin/../lib/gcc/arm-none-eabi/10.3.1/../../../../arm-none-eabi/lib/thumb/v7-m/nofp\libc.a(lib_a-impure.o)
 .data.__atexit_recursive_mutex
                0x20000438        0x4 c:/program files (x86)/gnu arm embedded toolchain/10 2021.10/bin/../lib/gcc/arm-none-eabi/10.3.1/../../../../arm-none-eabi/lib/thumb/v7-m/nofp\libc.a(lib_a-__call_atexit.o)
                0x20000438                __atexit_recursive_mutex
 .data.__malloc_av_
                0x2000043c      0x408 c:/program files (x86)/gnu arm embedded toolchain/10 2021.10/bin/../lib/gcc/arm-none-eabi/10.3.1/../../../../arm-none-eabi/lib/thumb/v7-m/nofp\libc.a(lib_a-mallocr.o)
                0x2000043c                __malloc_av_
 .data.__malloc_sbrk_base
                0x20000844        0x4 c:/program files (x86)/gnu arm embedded toolchain/10 2021.10/bin/../lib/gcc/arm-none-eabi/10.3.1/../../../../arm-none-eabi/lib/thumb/v7-m/nofp\libc.a(lib_a-mallocr.o)
                0x20000844                __malloc_sbrk_base
 .data.__malloc_trim_threshold
                0x20000848        0x4 c:/program files (x86)/gnu arm embedded toolchain/10 2021.10/bin/../lib/gcc/arm-none-eabi/10.3.1/../../../../arm-none-eabi/lib/thumb/v7-m/nofp\libc.a(lib_a-mallocr.o)
                0x20000848                __malloc_trim_threshold
 .data.__global_locale
                0x2000084c      0x16c c:/program files (x86)/gnu arm embedded toolchain/10 2021.10/bin/../lib/gcc/arm-none-eabi/10.3.1/../../../../arm-none-eabi/lib/thumb/v7-m/nofp\libc.a(lib_a-locale.o)
                0x2000084c                __global_locale
                0x200009b8                . = ALIGN (0x4)
                0x200009b8                _edata = .

.igot.plt       0x200009b8        0x0 load address 0x0800a52c
 .igot.plt      0x200009b8        0x0 c:/program files (x86)/gnu arm embedded toolchain/10 2021.10/bin/../lib/gcc/arm-none-eabi/10.3.1/thumb/v7-m/nofp/crtbegin.o
                0x200009b8                . = ALIGN (0x4)

.bss            0x200009b8      0x148 load address 0x0800a52c
                0x200009b8                _sbss = .
                0x200009b8                __bss_start__ = _sbss
 *(.bss)
 .bss           0x200009b8       0x1c c:/program files (x86)/gnu arm embedded toolchain/10 2021.10/bin/../lib/gcc/arm-none-eabi/10.3.1/thumb/v7-m/nofp/crtbegin.o
 *(.bss*)
 .bss.recv_msg  0x200009d4        0x8 ./build/Debug/main.o
                0x200009d4                recv_msg
 .bss.send_msg  0x200009dc        0x8 ./build/Debug/main.o
                0x200009dc                send_msg
 .bss.huart1    0x200009e4       0x44 ./build/Debug/usart.o
                0x200009e4                huart1
 .bss.huart2    0x20000a28       0x44 ./build/Debug/usart.o
                0x20000a28                huart2
 .bss.hdma_usart2_rx
                0x20000a6c       0x44 ./build/Debug/usart.o
                0x20000a6c                hdma_usart2_rx
 .bss.uwTick    0x20000ab0        0x4 ./build/Debug/stm32f1xx_hal.o
                0x20000ab0                uwTick
 .bss.__lock___atexit_recursive_mutex
                0x20000ab4        0x1 c:/program files (x86)/gnu arm embedded toolchain/10 2021.10/bin/../lib/gcc/arm-none-eabi/10.3.1/../../../../arm-none-eabi/lib/thumb/v7-m/nofp\libc.a(lib_a-lock.o)
                0x20000ab4                __lock___atexit_recursive_mutex
 *fill*         0x20000ab5        0x3 
 .bss.__lock___malloc_recursive_mutex
                0x20000ab8        0x1 c:/program files (x86)/gnu arm embedded toolchain/10 2021.10/bin/../lib/gcc/arm-none-eabi/10.3.1/../../../../arm-none-eabi/lib/thumb/v7-m/nofp\libc.a(lib_a-lock.o)
                0x20000ab8                __lock___malloc_recursive_mutex
 *fill*         0x20000ab9        0x3 
 .bss.__lock___sfp_recursive_mutex
                0x20000abc        0x1 c:/program files (x86)/gnu arm embedded toolchain/10 2021.10/bin/../lib/gcc/arm-none-eabi/10.3.1/../../../../arm-none-eabi/lib/thumb/v7-m/nofp\libc.a(lib_a-lock.o)
                0x20000abc                __lock___sfp_recursive_mutex
 *fill*         0x20000abd        0x3 
 .bss.__lock___sinit_recursive_mutex
                0x20000ac0        0x1 c:/program files (x86)/gnu arm embedded toolchain/10 2021.10/bin/../lib/gcc/arm-none-eabi/10.3.1/../../../../arm-none-eabi/lib/thumb/v7-m/nofp\libc.a(lib_a-lock.o)
                0x20000ac0                __lock___sinit_recursive_mutex
 *fill*         0x20000ac1        0x3 
 .bss.__malloc_current_mallinfo
                0x20000ac4       0x28 c:/program files (x86)/gnu arm embedded toolchain/10 2021.10/bin/../lib/gcc/arm-none-eabi/10.3.1/../../../../arm-none-eabi/lib/thumb/v7-m/nofp\libc.a(lib_a-mallocr.o)
                0x20000ac4                __malloc_current_mallinfo
 .bss.__malloc_max_sbrked_mem
                0x20000aec        0x4 c:/program files (x86)/gnu arm embedded toolchain/10 2021.10/bin/../lib/gcc/arm-none-eabi/10.3.1/../../../../arm-none-eabi/lib/thumb/v7-m/nofp\libc.a(lib_a-mallocr.o)
                0x20000aec                __malloc_max_sbrked_mem
 .bss.__malloc_max_total_mem
                0x20000af0        0x4 c:/program files (x86)/gnu arm embedded toolchain/10 2021.10/bin/../lib/gcc/arm-none-eabi/10.3.1/../../../../arm-none-eabi/lib/thumb/v7-m/nofp\libc.a(lib_a-mallocr.o)
                0x20000af0                __malloc_max_total_mem
 .bss.__malloc_top_pad
                0x20000af4        0x4 c:/program files (x86)/gnu arm embedded toolchain/10 2021.10/bin/../lib/gcc/arm-none-eabi/10.3.1/../../../../arm-none-eabi/lib/thumb/v7-m/nofp\libc.a(lib_a-mallocr.o)
                0x20000af4                __malloc_top_pad
 .bss.errno     0x20000af8        0x4 c:/program files (x86)/gnu arm embedded toolchain/10 2021.10/bin/../lib/gcc/arm-none-eabi/10.3.1/../../../../arm-none-eabi/lib/thumb/v7-m/nofp\libc.a(lib_a-reent.o)
                0x20000af8                errno
 .bss.heap_end.0
                0x20000afc        0x4 c:/program files (x86)/gnu arm embedded toolchain/10 2021.10/bin/../lib/gcc/arm-none-eabi/10.3.1/../../../../arm-none-eabi/lib/thumb/v7-m/nofp\libnosys.a(sbrk.o)
 *(COMMON)
                0x20000b00                . = ALIGN (0x4)
                0x20000b00                _ebss = .
                0x20000b00                __bss_end__ = _ebss

._user_heap_stack
                0x20000b00      0x600 load address 0x0800a52c
                0x20000b00                . = ALIGN (0x8)
                0x20000b00                PROVIDE (end = .)
                [!provide]                PROVIDE (_end = .)
                0x20000d00                . = (. + _Min_Heap_Size)
 *fill*         0x20000b00      0x200 
                0x20001100                . = (. + _Min_Stack_Size)
 *fill*         0x20000d00      0x400 
                0x20001100                . = ALIGN (0x8)

/DISCARD/
 libc.a(*)
 libm.a(*)
 libgcc.a(*)

.ARM.attributes
                0x00000000       0x29
 *(.ARM.attributes)
 .ARM.attributes
                0x00000000       0x1d c:/program files (x86)/gnu arm embedded toolchain/10 2021.10/bin/../lib/gcc/arm-none-eabi/10.3.1/thumb/v7-m/nofp/crti.o
 .ARM.attributes
                0x0000001d       0x2d c:/program files (x86)/gnu arm embedded toolchain/10 2021.10/bin/../lib/gcc/arm-none-eabi/10.3.1/thumb/v7-m/nofp/crtbegin.o
 .ARM.attributes
                0x0000004a       0x2d ./build/Debug/dma.o
 .ARM.attributes
                0x00000077       0x2d ./build/Debug/gpio.o
 .ARM.attributes
                0x000000a4       0x2d ./build/Debug/main.o
 .ARM.attributes
                0x000000d1       0x2d ./build/Debug/stm32f1xx_hal_msp.o
 .ARM.attributes
                0x000000fe       0x2d ./build/Debug/stm32f1xx_it.o
 .ARM.attributes
                0x0000012b       0x2d ./build/Debug/system_stm32f1xx.o
 .ARM.attributes
                0x00000158       0x2d ./build/Debug/usart.o
 .ARM.attributes
                0x00000185       0x2d ./build/Debug/stm32f1xx_hal.o
 .ARM.attributes
                0x000001b2       0x2d ./build/Debug/stm32f1xx_hal_cortex.o
 .ARM.attributes
                0x000001df       0x2d ./build/Debug/stm32f1xx_hal_dma.o
 .ARM.attributes
                0x0000020c       0x2d ./build/Debug/stm32f1xx_hal_gpio.o
 .ARM.attributes
                0x00000239       0x2d ./build/Debug/stm32f1xx_hal_rcc.o
 .ARM.attributes
                0x00000266       0x2d ./build/Debug/stm32f1xx_hal_uart.o
 .ARM.attributes
                0x00000293       0x21 ./build/Debug/startup_stm32f103xe.o
 .ARM.attributes
                0x000002b4       0x2d c:/program files (x86)/gnu arm embedded toolchain/10 2021.10/bin/../lib/gcc/arm-none-eabi/10.3.1/../../../../arm-none-eabi/lib/thumb/v7-m/nofp\libc.a(lib_a-impure.o)
 .ARM.attributes
                0x000002e1       0x2d c:/program files (x86)/gnu arm embedded toolchain/10 2021.10/bin/../lib/gcc/arm-none-eabi/10.3.1/../../../../arm-none-eabi/lib/thumb/v7-m/nofp\libc.a(lib_a-init.o)
 .ARM.attributes
                0x0000030e       0x2d c:/program files (x86)/gnu arm embedded toolchain/10 2021.10/bin/../lib/gcc/arm-none-eabi/10.3.1/../../../../arm-none-eabi/lib/thumb/v7-m/nofp\libc.a(lib_a-memset.o)
 .ARM.attributes
                0x0000033b       0x2d c:/program files (x86)/gnu arm embedded toolchain/10 2021.10/bin/../lib/gcc/arm-none-eabi/10.3.1/../../../../arm-none-eabi/lib/thumb/v7-m/nofp\libc.a(lib_a-strlen-stub.o)
 .ARM.attributes
                0x00000368       0x2d c:/program files (x86)/gnu arm embedded toolchain/10 2021.10/bin/../lib/gcc/arm-none-eabi/10.3.1/../../../../arm-none-eabi/lib/thumb/v7-m/nofp\libc.a(lib_a-vsprintf.o)
 .ARM.attributes
                0x00000395       0x2d c:/program files (x86)/gnu arm embedded toolchain/10 2021.10/bin/../lib/gcc/arm-none-eabi/10.3.1/../../../../arm-none-eabi/lib/thumb/v7-m/nofp\libc.a(lib_a-__call_atexit.o)
 .ARM.attributes
                0x000003c2       0x2d c:/program files (x86)/gnu arm embedded toolchain/10 2021.10/bin/../lib/gcc/arm-none-eabi/10.3.1/../../../../arm-none-eabi/lib/thumb/v7-m/nofp\libc.a(lib_a-atexit.o)
 .ARM.attributes
                0x000003ef       0x2d c:/program files (x86)/gnu arm embedded toolchain/10 2021.10/bin/../lib/gcc/arm-none-eabi/10.3.1/../../../../arm-none-eabi/lib/thumb/v7-m/nofp\libc.a(lib_a-fini.o)
 .ARM.attributes
                0x0000041c       0x2d c:/program files (x86)/gnu arm embedded toolchain/10 2021.10/bin/../lib/gcc/arm-none-eabi/10.3.1/../../../../arm-none-eabi/lib/thumb/v7-m/nofp\libc.a(lib_a-lock.o)
 .ARM.attributes
                0x00000449       0x2d c:/program files (x86)/gnu arm embedded toolchain/10 2021.10/bin/../lib/gcc/arm-none-eabi/10.3.1/../../../../arm-none-eabi/lib/thumb/v7-m/nofp\libc.a(lib_a-svfprintf.o)
 .ARM.attributes
                0x00000476       0x2d c:/program files (x86)/gnu arm embedded toolchain/10 2021.10/bin/../lib/gcc/arm-none-eabi/10.3.1/../../../../arm-none-eabi/lib/thumb/v7-m/nofp\libc.a(lib_a-__atexit.o)
 .ARM.attributes
                0x000004a3       0x2d c:/program files (x86)/gnu arm embedded toolchain/10 2021.10/bin/../lib/gcc/arm-none-eabi/10.3.1/../../../../arm-none-eabi/lib/thumb/v7-m/nofp\libc.a(lib_a-dtoa.o)
 .ARM.attributes
                0x000004d0       0x2d c:/program files (x86)/gnu arm embedded toolchain/10 2021.10/bin/../lib/gcc/arm-none-eabi/10.3.1/../../../../arm-none-eabi/lib/thumb/v7-m/nofp\libc.a(lib_a-freer.o)
 .ARM.attributes
                0x000004fd       0x2d c:/program files (x86)/gnu arm embedded toolchain/10 2021.10/bin/../lib/gcc/arm-none-eabi/10.3.1/../../../../arm-none-eabi/lib/thumb/v7-m/nofp\libc.a(lib_a-localeconv.o)
 .ARM.attributes
                0x0000052a       0x2d c:/program files (x86)/gnu arm embedded toolchain/10 2021.10/bin/../lib/gcc/arm-none-eabi/10.3.1/../../../../arm-none-eabi/lib/thumb/v7-m/nofp\libc.a(lib_a-mallocr.o)
 .ARM.attributes
                0x00000557       0x2d c:/program files (x86)/gnu arm embedded toolchain/10 2021.10/bin/../lib/gcc/arm-none-eabi/10.3.1/../../../../arm-none-eabi/lib/thumb/v7-m/nofp\libc.a(lib_a-memchr-stub.o)
 .ARM.attributes
                0x00000584       0x1b c:/program files (x86)/gnu arm embedded toolchain/10 2021.10/bin/../lib/gcc/arm-none-eabi/10.3.1/../../../../arm-none-eabi/lib/thumb/v7-m/nofp\libc.a(lib_a-memcpy.o)
 .ARM.attributes
                0x0000059f       0x2d c:/program files (x86)/gnu arm embedded toolchain/10 2021.10/bin/../lib/gcc/arm-none-eabi/10.3.1/../../../../arm-none-eabi/lib/thumb/v7-m/nofp\libc.a(lib_a-mlock.o)
 .ARM.attributes
                0x000005cc       0x2d c:/program files (x86)/gnu arm embedded toolchain/10 2021.10/bin/../lib/gcc/arm-none-eabi/10.3.1/../../../../arm-none-eabi/lib/thumb/v7-m/nofp\libc.a(lib_a-mprec.o)
 .ARM.attributes
                0x000005f9       0x2d c:/program files (x86)/gnu arm embedded toolchain/10 2021.10/bin/../lib/gcc/arm-none-eabi/10.3.1/../../../../arm-none-eabi/lib/thumb/v7-m/nofp\libc.a(lib_a-s_frexp.o)
 .ARM.attributes
                0x00000626       0x2d c:/program files (x86)/gnu arm embedded toolchain/10 2021.10/bin/../lib/gcc/arm-none-eabi/10.3.1/../../../../arm-none-eabi/lib/thumb/v7-m/nofp\libc.a(lib_a-sbrkr.o)
 .ARM.attributes
                0x00000653       0x2d c:/program files (x86)/gnu arm embedded toolchain/10 2021.10/bin/../lib/gcc/arm-none-eabi/10.3.1/../../../../arm-none-eabi/lib/thumb/v7-m/nofp\libc.a(lib_a-strncpy.o)
 .ARM.attributes
                0x00000680       0x2d c:/program files (x86)/gnu arm embedded toolchain/10 2021.10/bin/../lib/gcc/arm-none-eabi/10.3.1/../../../../arm-none-eabi/lib/thumb/v7-m/nofp\libc.a(lib_a-svfiprintf.o)
 .ARM.attributes
                0x000006ad       0x2d c:/program files (x86)/gnu arm embedded toolchain/10 2021.10/bin/../lib/gcc/arm-none-eabi/10.3.1/../../../../arm-none-eabi/lib/thumb/v7-m/nofp\libc.a(lib_a-assert.o)
 .ARM.attributes
                0x000006da       0x2d c:/program files (x86)/gnu arm embedded toolchain/10 2021.10/bin/../lib/gcc/arm-none-eabi/10.3.1/../../../../arm-none-eabi/lib/thumb/v7-m/nofp\libc.a(lib_a-callocr.o)
 .ARM.attributes
                0x00000707       0x2d c:/program files (x86)/gnu arm embedded toolchain/10 2021.10/bin/../lib/gcc/arm-none-eabi/10.3.1/../../../../arm-none-eabi/lib/thumb/v7-m/nofp\libc.a(lib_a-errno.o)
 .ARM.attributes
                0x00000734       0x2d c:/program files (x86)/gnu arm embedded toolchain/10 2021.10/bin/../lib/gcc/arm-none-eabi/10.3.1/../../../../arm-none-eabi/lib/thumb/v7-m/nofp\libc.a(lib_a-fiprintf.o)
 .ARM.attributes
                0x00000761       0x2d c:/program files (x86)/gnu arm embedded toolchain/10 2021.10/bin/../lib/gcc/arm-none-eabi/10.3.1/../../../../arm-none-eabi/lib/thumb/v7-m/nofp\libc.a(lib_a-locale.o)
 .ARM.attributes
                0x0000078e       0x2d c:/program files (x86)/gnu arm embedded toolchain/10 2021.10/bin/../lib/gcc/arm-none-eabi/10.3.1/../../../../arm-none-eabi/lib/thumb/v7-m/nofp\libc.a(lib_a-mbtowc_r.o)
 .ARM.attributes
                0x000007bb       0x2d c:/program files (x86)/gnu arm embedded toolchain/10 2021.10/bin/../lib/gcc/arm-none-eabi/10.3.1/../../../../arm-none-eabi/lib/thumb/v7-m/nofp\libc.a(lib_a-memmove.o)
 .ARM.attributes
                0x000007e8       0x2d c:/program files (x86)/gnu arm embedded toolchain/10 2021.10/bin/../lib/gcc/arm-none-eabi/10.3.1/../../../../arm-none-eabi/lib/thumb/v7-m/nofp\libc.a(lib_a-reallocr.o)
 .ARM.attributes
                0x00000815       0x2d c:/program files (x86)/gnu arm embedded toolchain/10 2021.10/bin/../lib/gcc/arm-none-eabi/10.3.1/../../../../arm-none-eabi/lib/thumb/v7-m/nofp\libc.a(lib_a-reent.o)
 .ARM.attributes
                0x00000842       0x2d c:/program files (x86)/gnu arm embedded toolchain/10 2021.10/bin/../lib/gcc/arm-none-eabi/10.3.1/../../../../arm-none-eabi/lib/thumb/v7-m/nofp\libc.a(lib_a-vfiprintf.o)
 .ARM.attributes
                0x0000086f       0x2d c:/program files (x86)/gnu arm embedded toolchain/10 2021.10/bin/../lib/gcc/arm-none-eabi/10.3.1/../../../../arm-none-eabi/lib/thumb/v7-m/nofp\libc.a(lib_a-wctomb_r.o)
 .ARM.attributes
                0x0000089c       0x2d c:/program files (x86)/gnu arm embedded toolchain/10 2021.10/bin/../lib/gcc/arm-none-eabi/10.3.1/../../../../arm-none-eabi/lib/thumb/v7-m/nofp\libc.a(lib_a-wsetup.o)
 .ARM.attributes
                0x000008c9       0x2d c:/program files (x86)/gnu arm embedded toolchain/10 2021.10/bin/../lib/gcc/arm-none-eabi/10.3.1/../../../../arm-none-eabi/lib/thumb/v7-m/nofp\libc.a(lib_a-abort.o)
 .ARM.attributes
                0x000008f6       0x2d c:/program files (x86)/gnu arm embedded toolchain/10 2021.10/bin/../lib/gcc/arm-none-eabi/10.3.1/../../../../arm-none-eabi/lib/thumb/v7-m/nofp\libc.a(lib_a-ctype_.o)
 .ARM.attributes
                0x00000923       0x2d c:/program files (x86)/gnu arm embedded toolchain/10 2021.10/bin/../lib/gcc/arm-none-eabi/10.3.1/../../../../arm-none-eabi/lib/thumb/v7-m/nofp\libc.a(lib_a-fflush.o)
 .ARM.attributes
                0x00000950       0x2d c:/program files (x86)/gnu arm embedded toolchain/10 2021.10/bin/../lib/gcc/arm-none-eabi/10.3.1/../../../../arm-none-eabi/lib/thumb/v7-m/nofp\libc.a(lib_a-findfp.o)
 .ARM.attributes
                0x0000097d       0x2d c:/program files (x86)/gnu arm embedded toolchain/10 2021.10/bin/../lib/gcc/arm-none-eabi/10.3.1/../../../../arm-none-eabi/lib/thumb/v7-m/nofp\libc.a(lib_a-fputwc.o)
 .ARM.attributes
                0x000009aa       0x2d c:/program files (x86)/gnu arm embedded toolchain/10 2021.10/bin/../lib/gcc/arm-none-eabi/10.3.1/../../../../arm-none-eabi/lib/thumb/v7-m/nofp\libc.a(lib_a-fvwrite.o)
 .ARM.attributes
                0x000009d7       0x2d c:/program files (x86)/gnu arm embedded toolchain/10 2021.10/bin/../lib/gcc/arm-none-eabi/10.3.1/../../../../arm-none-eabi/lib/thumb/v7-m/nofp\libc.a(lib_a-fwalk.o)
 .ARM.attributes
                0x00000a04       0x2d c:/program files (x86)/gnu arm embedded toolchain/10 2021.10/bin/../lib/gcc/arm-none-eabi/10.3.1/../../../../arm-none-eabi/lib/thumb/v7-m/nofp\libc.a(lib_a-makebuf.o)
 .ARM.attributes
                0x00000a31       0x2d c:/program files (x86)/gnu arm embedded toolchain/10 2021.10/bin/../lib/gcc/arm-none-eabi/10.3.1/../../../../arm-none-eabi/lib/thumb/v7-m/nofp\libc.a(lib_a-signal.o)
 .ARM.attributes
                0x00000a5e       0x2d c:/program files (x86)/gnu arm embedded toolchain/10 2021.10/bin/../lib/gcc/arm-none-eabi/10.3.1/../../../../arm-none-eabi/lib/thumb/v7-m/nofp\libc.a(lib_a-signalr.o)
 .ARM.attributes
                0x00000a8b       0x2d c:/program files (x86)/gnu arm embedded toolchain/10 2021.10/bin/../lib/gcc/arm-none-eabi/10.3.1/../../../../arm-none-eabi/lib/thumb/v7-m/nofp\libc.a(lib_a-stdio.o)
 .ARM.attributes
                0x00000ab8       0x2d c:/program files (x86)/gnu arm embedded toolchain/10 2021.10/bin/../lib/gcc/arm-none-eabi/10.3.1/../../../../arm-none-eabi/lib/thumb/v7-m/nofp\libc.a(lib_a-wbuf.o)
 .ARM.attributes
                0x00000ae5       0x2d c:/program files (x86)/gnu arm embedded toolchain/10 2021.10/bin/../lib/gcc/arm-none-eabi/10.3.1/../../../../arm-none-eabi/lib/thumb/v7-m/nofp\libc.a(lib_a-wcrtomb.o)
 .ARM.attributes
                0x00000b12       0x2d c:/program files (x86)/gnu arm embedded toolchain/10 2021.10/bin/../lib/gcc/arm-none-eabi/10.3.1/../../../../arm-none-eabi/lib/thumb/v7-m/nofp\libc.a(lib_a-writer.o)
 .ARM.attributes
                0x00000b3f       0x2d c:/program files (x86)/gnu arm embedded toolchain/10 2021.10/bin/../lib/gcc/arm-none-eabi/10.3.1/../../../../arm-none-eabi/lib/thumb/v7-m/nofp\libc.a(lib_a-closer.o)
 .ARM.attributes
                0x00000b6c       0x2d c:/program files (x86)/gnu arm embedded toolchain/10 2021.10/bin/../lib/gcc/arm-none-eabi/10.3.1/../../../../arm-none-eabi/lib/thumb/v7-m/nofp\libc.a(lib_a-fclose.o)
 .ARM.attributes
                0x00000b99       0x2d c:/program files (x86)/gnu arm embedded toolchain/10 2021.10/bin/../lib/gcc/arm-none-eabi/10.3.1/../../../../arm-none-eabi/lib/thumb/v7-m/nofp\libc.a(lib_a-fstatr.o)
 .ARM.attributes
                0x00000bc6       0x2d c:/program files (x86)/gnu arm embedded toolchain/10 2021.10/bin/../lib/gcc/arm-none-eabi/10.3.1/../../../../arm-none-eabi/lib/thumb/v7-m/nofp\libc.a(lib_a-isattyr.o)
 .ARM.attributes
                0x00000bf3       0x2d c:/program files (x86)/gnu arm embedded toolchain/10 2021.10/bin/../lib/gcc/arm-none-eabi/10.3.1/../../../../arm-none-eabi/lib/thumb/v7-m/nofp\libc.a(lib_a-lseekr.o)
 .ARM.attributes
                0x00000c20       0x2d c:/program files (x86)/gnu arm embedded toolchain/10 2021.10/bin/../lib/gcc/arm-none-eabi/10.3.1/../../../../arm-none-eabi/lib/thumb/v7-m/nofp\libc.a(lib_a-readr.o)
 .ARM.attributes
                0x00000c4d       0x1d c:/program files (x86)/gnu arm embedded toolchain/10 2021.10/bin/../lib/gcc/arm-none-eabi/10.3.1/thumb/v7-m/nofp\libgcc.a(_arm_addsubdf3.o)
 .ARM.attributes
                0x00000c6a       0x1d c:/program files (x86)/gnu arm embedded toolchain/10 2021.10/bin/../lib/gcc/arm-none-eabi/10.3.1/thumb/v7-m/nofp\libgcc.a(_arm_muldivdf3.o)
 .ARM.attributes
                0x00000c87       0x1d c:/program files (x86)/gnu arm embedded toolchain/10 2021.10/bin/../lib/gcc/arm-none-eabi/10.3.1/thumb/v7-m/nofp\libgcc.a(_arm_cmpdf2.o)
 .ARM.attributes
                0x00000ca4       0x1d c:/program files (x86)/gnu arm embedded toolchain/10 2021.10/bin/../lib/gcc/arm-none-eabi/10.3.1/thumb/v7-m/nofp\libgcc.a(_arm_unorddf2.o)
 .ARM.attributes
                0x00000cc1       0x1d c:/program files (x86)/gnu arm embedded toolchain/10 2021.10/bin/../lib/gcc/arm-none-eabi/10.3.1/thumb/v7-m/nofp\libgcc.a(_arm_fixdfsi.o)
 .ARM.attributes
                0x00000cde       0x1d c:/program files (x86)/gnu arm embedded toolchain/10 2021.10/bin/../lib/gcc/arm-none-eabi/10.3.1/thumb/v7-m/nofp\libgcc.a(_aeabi_uldivmod.o)
 .ARM.attributes
                0x00000cfb       0x2d c:/program files (x86)/gnu arm embedded toolchain/10 2021.10/bin/../lib/gcc/arm-none-eabi/10.3.1/thumb/v7-m/nofp\libgcc.a(_udivmoddi4.o)
 .ARM.attributes
                0x00000d28       0x1d c:/program files (x86)/gnu arm embedded toolchain/10 2021.10/bin/../lib/gcc/arm-none-eabi/10.3.1/thumb/v7-m/nofp\libgcc.a(_dvmd_tls.o)
 .ARM.attributes
                0x00000d45       0x2d c:/program files (x86)/gnu arm embedded toolchain/10 2021.10/bin/../lib/gcc/arm-none-eabi/10.3.1/../../../../arm-none-eabi/lib/thumb/v7-m/nofp\libnosys.a(close.o)
 .ARM.attributes
                0x00000d72       0x2d c:/program files (x86)/gnu arm embedded toolchain/10 2021.10/bin/../lib/gcc/arm-none-eabi/10.3.1/../../../../arm-none-eabi/lib/thumb/v7-m/nofp\libnosys.a(fstat.o)
 .ARM.attributes
                0x00000d9f       0x2d c:/program files (x86)/gnu arm embedded toolchain/10 2021.10/bin/../lib/gcc/arm-none-eabi/10.3.1/../../../../arm-none-eabi/lib/thumb/v7-m/nofp\libnosys.a(getpid.o)
 .ARM.attributes
                0x00000dcc       0x2d c:/program files (x86)/gnu arm embedded toolchain/10 2021.10/bin/../lib/gcc/arm-none-eabi/10.3.1/../../../../arm-none-eabi/lib/thumb/v7-m/nofp\libnosys.a(isatty.o)
 .ARM.attributes
                0x00000df9       0x2d c:/program files (x86)/gnu arm embedded toolchain/10 2021.10/bin/../lib/gcc/arm-none-eabi/10.3.1/../../../../arm-none-eabi/lib/thumb/v7-m/nofp\libnosys.a(kill.o)
 .ARM.attributes
                0x00000e26       0x2d c:/program files (x86)/gnu arm embedded toolchain/10 2021.10/bin/../lib/gcc/arm-none-eabi/10.3.1/../../../../arm-none-eabi/lib/thumb/v7-m/nofp\libnosys.a(lseek.o)
 .ARM.attributes
                0x00000e53       0x2d c:/program files (x86)/gnu arm embedded toolchain/10 2021.10/bin/../lib/gcc/arm-none-eabi/10.3.1/../../../../arm-none-eabi/lib/thumb/v7-m/nofp\libnosys.a(read.o)
 .ARM.attributes
                0x00000e80       0x2d c:/program files (x86)/gnu arm embedded toolchain/10 2021.10/bin/../lib/gcc/arm-none-eabi/10.3.1/../../../../arm-none-eabi/lib/thumb/v7-m/nofp\libnosys.a(sbrk.o)
 .ARM.attributes
                0x00000ead       0x2d c:/program files (x86)/gnu arm embedded toolchain/10 2021.10/bin/../lib/gcc/arm-none-eabi/10.3.1/../../../../arm-none-eabi/lib/thumb/v7-m/nofp\libnosys.a(write.o)
 .ARM.attributes
                0x00000eda       0x2d c:/program files (x86)/gnu arm embedded toolchain/10 2021.10/bin/../lib/gcc/arm-none-eabi/10.3.1/../../../../arm-none-eabi/lib/thumb/v7-m/nofp\libnosys.a(_exit.o)
 .ARM.attributes
                0x00000f07       0x1d c:/program files (x86)/gnu arm embedded toolchain/10 2021.10/bin/../lib/gcc/arm-none-eabi/10.3.1/thumb/v7-m/nofp/crtn.o
OUTPUT(./build/Debug/SirialCommunication.elf elf32-littlearm)
LOAD linker stubs
LOAD c:/program files (x86)/gnu arm embedded toolchain/10 2021.10/bin/../lib/gcc/arm-none-eabi/10.3.1/../../../../arm-none-eabi/lib/thumb/v7-m/nofp\libc.a
LOAD c:/program files (x86)/gnu arm embedded toolchain/10 2021.10/bin/../lib/gcc/arm-none-eabi/10.3.1/../../../../arm-none-eabi/lib/thumb/v7-m/nofp\libm.a
LOAD c:/program files (x86)/gnu arm embedded toolchain/10 2021.10/bin/../lib/gcc/arm-none-eabi/10.3.1/thumb/v7-m/nofp\libgcc.a

.debug_info     0x00000000     0x5fe6
 .debug_info    0x00000000      0x313 ./build/Debug/dma.o
 .debug_info    0x00000313      0x289 ./build/Debug/gpio.o
 .debug_info    0x0000059c      0x826 ./build/Debug/main.o
 .debug_info    0x00000dc2      0x213 ./build/Debug/stm32f1xx_hal_msp.o
 .debug_info    0x00000fd5      0x60d ./build/Debug/stm32f1xx_it.o
 .debug_info    0x000015e2      0x239 ./build/Debug/system_stm32f1xx.o
 .debug_info    0x0000181b      0xa4e ./build/Debug/usart.o
 .debug_info    0x00002269      0x743 ./build/Debug/stm32f1xx_hal.o
 .debug_info    0x000029ac      0xb82 ./build/Debug/stm32f1xx_hal_cortex.o
 .debug_info    0x0000352e      0x72e ./build/Debug/stm32f1xx_hal_dma.o
 .debug_info    0x00003c5c      0x611 ./build/Debug/stm32f1xx_hal_gpio.o
 .debug_info    0x0000426d      0x815 ./build/Debug/stm32f1xx_hal_rcc.o
 .debug_info    0x00004a82     0x1542 ./build/Debug/stm32f1xx_hal_uart.o
 .debug_info    0x00005fc4       0x22 ./build/Debug/startup_stm32f103xe.o

.debug_abbrev   0x00000000     0x1604
 .debug_abbrev  0x00000000       0xd9 ./build/Debug/dma.o
 .debug_abbrev  0x000000d9      0x10c ./build/Debug/gpio.o
 .debug_abbrev  0x000001e5      0x1e0 ./build/Debug/main.o
 .debug_abbrev  0x000003c5       0xd1 ./build/Debug/stm32f1xx_hal_msp.o
 .debug_abbrev  0x00000496      0x134 ./build/Debug/stm32f1xx_it.o
 .debug_abbrev  0x000005ca      0x138 ./build/Debug/system_stm32f1xx.o
 .debug_abbrev  0x00000702      0x1fd ./build/Debug/usart.o
 .debug_abbrev  0x000008ff      0x1c5 ./build/Debug/stm32f1xx_hal.o
 .debug_abbrev  0x00000ac4      0x2ea ./build/Debug/stm32f1xx_hal_cortex.o
 .debug_abbrev  0x00000dae      0x1e6 ./build/Debug/stm32f1xx_hal_dma.o
 .debug_abbrev  0x00000f94      0x1b8 ./build/Debug/stm32f1xx_hal_gpio.o
 .debug_abbrev  0x0000114c      0x25d ./build/Debug/stm32f1xx_hal_rcc.o
 .debug_abbrev  0x000013a9      0x249 ./build/Debug/stm32f1xx_hal_uart.o
 .debug_abbrev  0x000015f2       0x12 ./build/Debug/startup_stm32f103xe.o

.debug_aranges  0x00000000      0x6e8
 .debug_aranges
                0x00000000       0x20 ./build/Debug/dma.o
 .debug_aranges
                0x00000020       0x20 ./build/Debug/gpio.o
 .debug_aranges
                0x00000040       0x40 ./build/Debug/main.o
 .debug_aranges
                0x00000080       0x20 ./build/Debug/stm32f1xx_hal_msp.o
 .debug_aranges
                0x000000a0       0x70 ./build/Debug/stm32f1xx_it.o
 .debug_aranges
                0x00000110       0x28 ./build/Debug/system_stm32f1xx.o
 .debug_aranges
                0x00000138       0x40 ./build/Debug/usart.o
 .debug_aranges
                0x00000178       0xe0 ./build/Debug/stm32f1xx_hal.o
 .debug_aranges
                0x00000258      0x100 ./build/Debug/stm32f1xx_hal_cortex.o
 .debug_aranges
                0x00000358       0x80 ./build/Debug/stm32f1xx_hal_dma.o
 .debug_aranges
                0x000003d8       0x58 ./build/Debug/stm32f1xx_hal_gpio.o
 .debug_aranges
                0x00000430       0x90 ./build/Debug/stm32f1xx_hal_rcc.o
 .debug_aranges
                0x000004c0      0x200 ./build/Debug/stm32f1xx_hal_uart.o
 .debug_aranges
                0x000006c0       0x28 ./build/Debug/startup_stm32f103xe.o

.debug_ranges   0x00000000      0x640
 .debug_ranges  0x00000000       0x10 ./build/Debug/dma.o
 .debug_ranges  0x00000010       0x10 ./build/Debug/gpio.o
 .debug_ranges  0x00000020       0x30 ./build/Debug/main.o
 .debug_ranges  0x00000050       0x10 ./build/Debug/stm32f1xx_hal_msp.o
 .debug_ranges  0x00000060       0x60 ./build/Debug/stm32f1xx_it.o
 .debug_ranges  0x000000c0       0x18 ./build/Debug/system_stm32f1xx.o
 .debug_ranges  0x000000d8       0x30 ./build/Debug/usart.o
 .debug_ranges  0x00000108       0xd0 ./build/Debug/stm32f1xx_hal.o
 .debug_ranges  0x000001d8       0xf0 ./build/Debug/stm32f1xx_hal_cortex.o
 .debug_ranges  0x000002c8       0x70 ./build/Debug/stm32f1xx_hal_dma.o
 .debug_ranges  0x00000338       0x48 ./build/Debug/stm32f1xx_hal_gpio.o
 .debug_ranges  0x00000380       0x80 ./build/Debug/stm32f1xx_hal_rcc.o
 .debug_ranges  0x00000400      0x220 ./build/Debug/stm32f1xx_hal_uart.o
 .debug_ranges  0x00000620       0x20 ./build/Debug/startup_stm32f103xe.o

.debug_line     0x00000000     0x4cbb
 .debug_line    0x00000000      0x15a ./build/Debug/dma.o
 .debug_line    0x0000015a      0x1a6 ./build/Debug/gpio.o
 .debug_line    0x00000300      0x36a ./build/Debug/main.o
 .debug_line    0x0000066a      0x169 ./build/Debug/stm32f1xx_hal_msp.o
 .debug_line    0x000007d3      0x2b1 ./build/Debug/stm32f1xx_it.o
 .debug_line    0x00000a84      0x215 ./build/Debug/system_stm32f1xx.o
 .debug_line    0x00000c99      0x397 ./build/Debug/usart.o
 .debug_line    0x00001030      0x4a6 ./build/Debug/stm32f1xx_hal.o
 .debug_line    0x000014d6      0x63a ./build/Debug/stm32f1xx_hal_cortex.o
 .debug_line    0x00001b10      0xda7 ./build/Debug/stm32f1xx_hal_dma.o
 .debug_line    0x000028b7      0x52e ./build/Debug/stm32f1xx_hal_gpio.o
 .debug_line    0x00002de5      0x8e6 ./build/Debug/stm32f1xx_hal_rcc.o
 .debug_line    0x000036cb     0x1570 ./build/Debug/stm32f1xx_hal_uart.o
 .debug_line    0x00004c3b       0x80 ./build/Debug/startup_stm32f103xe.o

.debug_str      0x00000000     0x2010
 .debug_str     0x00000000      0x54b ./build/Debug/dma.o
                                0x58d (size before relaxing)
 .debug_str     0x0000054b       0x89 ./build/Debug/gpio.o
                                0x24e (size before relaxing)
 .debug_str     0x000005d4      0x529 ./build/Debug/main.o
                                0x70b (size before relaxing)
 .debug_str     0x00000afd       0x59 ./build/Debug/stm32f1xx_hal_msp.o
                                0x210 (size before relaxing)
 .debug_str     0x00000b56       0xe4 ./build/Debug/stm32f1xx_it.o
                                0x62e (size before relaxing)
 .debug_str     0x00000c3a       0x7d ./build/Debug/system_stm32f1xx.o
                                0x240 (size before relaxing)
 .debug_str     0x00000cb7       0x97 ./build/Debug/usart.o
                                0xa67 (size before relaxing)
 .debug_str     0x00000d4e      0x2f2 ./build/Debug/stm32f1xx_hal.o
                                0x8af (size before relaxing)
 .debug_str     0x00001040      0x409 ./build/Debug/stm32f1xx_hal_cortex.o
                                0x9a3 (size before relaxing)
 .debug_str     0x00001449      0x243 ./build/Debug/stm32f1xx_hal_dma.o
                                0x5dd (size before relaxing)
 .debug_str     0x0000168c      0x144 ./build/Debug/stm32f1xx_hal_gpio.o
                                0x3ec (size before relaxing)
 .debug_str     0x000017d0      0x219 ./build/Debug/stm32f1xx_hal_rcc.o
                                0x5f0 (size before relaxing)
 .debug_str     0x000019e9      0x5f8 ./build/Debug/stm32f1xx_hal_uart.o
                                0xc03 (size before relaxing)
 .debug_str     0x00001fe1       0x2f ./build/Debug/startup_stm32f103xe.o
                                 0x69 (size before relaxing)

.comment        0x00000000       0x49
 .comment       0x00000000       0x49 ./build/Debug/dma.o
                                 0x4a (size before relaxing)
 .comment       0x00000049       0x4a ./build/Debug/gpio.o
 .comment       0x00000049       0x4a ./build/Debug/main.o
 .comment       0x00000049       0x4a ./build/Debug/stm32f1xx_hal_msp.o
 .comment       0x00000049       0x4a ./build/Debug/stm32f1xx_it.o
 .comment       0x00000049       0x4a ./build/Debug/system_stm32f1xx.o
 .comment       0x00000049       0x4a ./build/Debug/usart.o
 .comment       0x00000049       0x4a ./build/Debug/stm32f1xx_hal.o
 .comment       0x00000049       0x4a ./build/Debug/stm32f1xx_hal_cortex.o
 .comment       0x00000049       0x4a ./build/Debug/stm32f1xx_hal_dma.o
 .comment       0x00000049       0x4a ./build/Debug/stm32f1xx_hal_gpio.o
 .comment       0x00000049       0x4a ./build/Debug/stm32f1xx_hal_rcc.o
 .comment       0x00000049       0x4a ./build/Debug/stm32f1xx_hal_uart.o

.debug_frame    0x00000000     0x3068
 .debug_frame   0x00000000       0x34 ./build/Debug/dma.o
 .debug_frame   0x00000034       0x34 ./build/Debug/gpio.o
 .debug_frame   0x00000068       0xb0 ./build/Debug/main.o
 .debug_frame   0x00000118       0x38 ./build/Debug/stm32f1xx_hal_msp.o
 .debug_frame   0x00000150      0x13c ./build/Debug/stm32f1xx_it.o
 .debug_frame   0x0000028c       0x58 ./build/Debug/system_stm32f1xx.o
 .debug_frame   0x000002e4       0xc8 ./build/Debug/usart.o
 .debug_frame   0x000003ac      0x334 ./build/Debug/stm32f1xx_hal.o
 .debug_frame   0x000006e0      0x428 ./build/Debug/stm32f1xx_hal_cortex.o
 .debug_frame   0x00000b08      0x20c ./build/Debug/stm32f1xx_hal_dma.o
 .debug_frame   0x00000d14      0x14c ./build/Debug/stm32f1xx_hal_gpio.o
 .debug_frame   0x00000e60      0x21c ./build/Debug/stm32f1xx_hal_rcc.o
 .debug_frame   0x0000107c      0x914 ./build/Debug/stm32f1xx_hal_uart.o
 .debug_frame   0x00001990       0x2c c:/program files (x86)/gnu arm embedded toolchain/10 2021.10/bin/../lib/gcc/arm-none-eabi/10.3.1/../../../../arm-none-eabi/lib/thumb/v7-m/nofp\libc.a(lib_a-init.o)
 .debug_frame   0x000019bc       0x2c c:/program files (x86)/gnu arm embedded toolchain/10 2021.10/bin/../lib/gcc/arm-none-eabi/10.3.1/../../../../arm-none-eabi/lib/thumb/v7-m/nofp\libc.a(lib_a-memset.o)
 .debug_frame   0x000019e8       0x20 c:/program files (x86)/gnu arm embedded toolchain/10 2021.10/bin/../lib/gcc/arm-none-eabi/10.3.1/../../../../arm-none-eabi/lib/thumb/v7-m/nofp\libc.a(lib_a-strlen-stub.o)
 .debug_frame   0x00001a08       0x50 c:/program files (x86)/gnu arm embedded toolchain/10 2021.10/bin/../lib/gcc/arm-none-eabi/10.3.1/../../../../arm-none-eabi/lib/thumb/v7-m/nofp\libc.a(lib_a-vsprintf.o)
 .debug_frame   0x00001a58       0x5c c:/program files (x86)/gnu arm embedded toolchain/10 2021.10/bin/../lib/gcc/arm-none-eabi/10.3.1/../../../../arm-none-eabi/lib/thumb/v7-m/nofp\libc.a(lib_a-__call_atexit.o)
 .debug_frame   0x00001ab4       0x20 c:/program files (x86)/gnu arm embedded toolchain/10 2021.10/bin/../lib/gcc/arm-none-eabi/10.3.1/../../../../arm-none-eabi/lib/thumb/v7-m/nofp\libc.a(lib_a-atexit.o)
 .debug_frame   0x00001ad4       0x34 c:/program files (x86)/gnu arm embedded toolchain/10 2021.10/bin/../lib/gcc/arm-none-eabi/10.3.1/../../../../arm-none-eabi/lib/thumb/v7-m/nofp\libc.a(lib_a-fini.o)
 .debug_frame   0x00001b08       0xb0 c:/program files (x86)/gnu arm embedded toolchain/10 2021.10/bin/../lib/gcc/arm-none-eabi/10.3.1/../../../../arm-none-eabi/lib/thumb/v7-m/nofp\libc.a(lib_a-lock.o)
 .debug_frame   0x00001bb8       0x44 c:/program files (x86)/gnu arm embedded toolchain/10 2021.10/bin/../lib/gcc/arm-none-eabi/10.3.1/../../../../arm-none-eabi/lib/thumb/v7-m/nofp\libc.a(lib_a-svfprintf.o)
 .debug_frame   0x00001bfc       0x34 c:/program files (x86)/gnu arm embedded toolchain/10 2021.10/bin/../lib/gcc/arm-none-eabi/10.3.1/../../../../arm-none-eabi/lib/thumb/v7-m/nofp\libc.a(lib_a-__atexit.o)
 .debug_frame   0x00001c30       0x8c c:/program files (x86)/gnu arm embedded toolchain/10 2021.10/bin/../lib/gcc/arm-none-eabi/10.3.1/../../../../arm-none-eabi/lib/thumb/v7-m/nofp\libc.a(lib_a-dtoa.o)
 .debug_frame   0x00001cbc       0x8c c:/program files (x86)/gnu arm embedded toolchain/10 2021.10/bin/../lib/gcc/arm-none-eabi/10.3.1/../../../../arm-none-eabi/lib/thumb/v7-m/nofp\libc.a(lib_a-freer.o)
 .debug_frame   0x00001d48       0x40 c:/program files (x86)/gnu arm embedded toolchain/10 2021.10/bin/../lib/gcc/arm-none-eabi/10.3.1/../../../../arm-none-eabi/lib/thumb/v7-m/nofp\libc.a(lib_a-localeconv.o)
 .debug_frame   0x00001d88       0x4c c:/program files (x86)/gnu arm embedded toolchain/10 2021.10/bin/../lib/gcc/arm-none-eabi/10.3.1/../../../../arm-none-eabi/lib/thumb/v7-m/nofp\libc.a(lib_a-mallocr.o)
 .debug_frame   0x00001dd4       0x28 c:/program files (x86)/gnu arm embedded toolchain/10 2021.10/bin/../lib/gcc/arm-none-eabi/10.3.1/../../../../arm-none-eabi/lib/thumb/v7-m/nofp\libc.a(lib_a-memchr-stub.o)
 .debug_frame   0x00001dfc       0x30 c:/program files (x86)/gnu arm embedded toolchain/10 2021.10/bin/../lib/gcc/arm-none-eabi/10.3.1/../../../../arm-none-eabi/lib/thumb/v7-m/nofp\libc.a(lib_a-mlock.o)
 .debug_frame   0x00001e2c      0x260 c:/program files (x86)/gnu arm embedded toolchain/10 2021.10/bin/../lib/gcc/arm-none-eabi/10.3.1/../../../../arm-none-eabi/lib/thumb/v7-m/nofp\libc.a(lib_a-mprec.o)
 .debug_frame   0x0000208c       0x30 c:/program files (x86)/gnu arm embedded toolchain/10 2021.10/bin/../lib/gcc/arm-none-eabi/10.3.1/../../../../arm-none-eabi/lib/thumb/v7-m/nofp\libc.a(lib_a-s_frexp.o)
 .debug_frame   0x000020bc       0x2c c:/program files (x86)/gnu arm embedded toolchain/10 2021.10/bin/../lib/gcc/arm-none-eabi/10.3.1/../../../../arm-none-eabi/lib/thumb/v7-m/nofp\libc.a(lib_a-sbrkr.o)
 .debug_frame   0x000020e8       0x2c c:/program files (x86)/gnu arm embedded toolchain/10 2021.10/bin/../lib/gcc/arm-none-eabi/10.3.1/../../../../arm-none-eabi/lib/thumb/v7-m/nofp\libc.a(lib_a-strncpy.o)
 .debug_frame   0x00002114       0x78 c:/program files (x86)/gnu arm embedded toolchain/10 2021.10/bin/../lib/gcc/arm-none-eabi/10.3.1/../../../../arm-none-eabi/lib/thumb/v7-m/nofp\libc.a(lib_a-svfiprintf.o)
 .debug_frame   0x0000218c       0x40 c:/program files (x86)/gnu arm embedded toolchain/10 2021.10/bin/../lib/gcc/arm-none-eabi/10.3.1/../../../../arm-none-eabi/lib/thumb/v7-m/nofp\libc.a(lib_a-assert.o)
 .debug_frame   0x000021cc       0x2c c:/program files (x86)/gnu arm embedded toolchain/10 2021.10/bin/../lib/gcc/arm-none-eabi/10.3.1/../../../../arm-none-eabi/lib/thumb/v7-m/nofp\libc.a(lib_a-callocr.o)
 .debug_frame   0x000021f8       0x20 c:/program files (x86)/gnu arm embedded toolchain/10 2021.10/bin/../lib/gcc/arm-none-eabi/10.3.1/../../../../arm-none-eabi/lib/thumb/v7-m/nofp\libc.a(lib_a-errno.o)
 .debug_frame   0x00002218       0x6c c:/program files (x86)/gnu arm embedded toolchain/10 2021.10/bin/../lib/gcc/arm-none-eabi/10.3.1/../../../../arm-none-eabi/lib/thumb/v7-m/nofp\libc.a(lib_a-fiprintf.o)
 .debug_frame   0x00002284       0x68 c:/program files (x86)/gnu arm embedded toolchain/10 2021.10/bin/../lib/gcc/arm-none-eabi/10.3.1/../../../../arm-none-eabi/lib/thumb/v7-m/nofp\libc.a(lib_a-locale.o)
 .debug_frame   0x000022ec       0x4c c:/program files (x86)/gnu arm embedded toolchain/10 2021.10/bin/../lib/gcc/arm-none-eabi/10.3.1/../../../../arm-none-eabi/lib/thumb/v7-m/nofp\libc.a(lib_a-mbtowc_r.o)
 .debug_frame   0x00002338       0x40 c:/program files (x86)/gnu arm embedded toolchain/10 2021.10/bin/../lib/gcc/arm-none-eabi/10.3.1/../../../../arm-none-eabi/lib/thumb/v7-m/nofp\libc.a(lib_a-memmove.o)
 .debug_frame   0x00002378       0x48 c:/program files (x86)/gnu arm embedded toolchain/10 2021.10/bin/../lib/gcc/arm-none-eabi/10.3.1/../../../../arm-none-eabi/lib/thumb/v7-m/nofp\libc.a(lib_a-reallocr.o)
 .debug_frame   0x000023c0       0x64 c:/program files (x86)/gnu arm embedded toolchain/10 2021.10/bin/../lib/gcc/arm-none-eabi/10.3.1/../../../../arm-none-eabi/lib/thumb/v7-m/nofp\libc.a(lib_a-reent.o)
 .debug_frame   0x00002424       0xdc c:/program files (x86)/gnu arm embedded toolchain/10 2021.10/bin/../lib/gcc/arm-none-eabi/10.3.1/../../../../arm-none-eabi/lib/thumb/v7-m/nofp\libc.a(lib_a-vfiprintf.o)
 .debug_frame   0x00002500       0x3c c:/program files (x86)/gnu arm embedded toolchain/10 2021.10/bin/../lib/gcc/arm-none-eabi/10.3.1/../../../../arm-none-eabi/lib/thumb/v7-m/nofp\libc.a(lib_a-wctomb_r.o)
 .debug_frame   0x0000253c       0x2c c:/program files (x86)/gnu arm embedded toolchain/10 2021.10/bin/../lib/gcc/arm-none-eabi/10.3.1/../../../../arm-none-eabi/lib/thumb/v7-m/nofp\libc.a(lib_a-wsetup.o)
 .debug_frame   0x00002568       0x28 c:/program files (x86)/gnu arm embedded toolchain/10 2021.10/bin/../lib/gcc/arm-none-eabi/10.3.1/../../../../arm-none-eabi/lib/thumb/v7-m/nofp\libc.a(lib_a-abort.o)